[2026-06-24T23:29:48.764+0700][0.023s][gc,init] CardTable entry size: 512
[2026-06-24T23:29:48.772+0700][0.030s][gc     ] Using G1
[2026-06-24T23:29:48.775+0700][0.033s][gc,init] Version: 21.0.11+10-LTS (release)
[2026-06-24T23:29:48.775+0700][0.033s][gc,init] CPUs: 16 total, 16 available
[2026-06-24T23:29:48.775+0700][0.033s][gc,init] Memory: 14188M
[2026-06-24T23:29:48.775+0700][0.033s][gc,init] Large Page Support: Disabled
[2026-06-24T23:29:48.775+0700][0.034s][gc,init] NUMA Support: Disabled
[2026-06-24T23:29:48.775+0700][0.034s][gc,init] Compressed Oops: Enabled (Zero based)
[2026-06-24T23:29:48.775+0700][0.034s][gc,init] Heap Region Size: 2M
[2026-06-24T23:29:48.775+0700][0.034s][gc,init] Heap Min Capacity: 8M
[2026-06-24T23:29:48.775+0700][0.034s][gc,init] Heap Initial Capacity: 222M
[2026-06-24T23:29:48.775+0700][0.034s][gc,init] Heap Max Capacity: 3548M
[2026-06-24T23:29:48.775+0700][0.034s][gc,init] Pre-touch: Disabled
[2026-06-24T23:29:48.775+0700][0.034s][gc,init] Parallel Workers: 13
[2026-06-24T23:29:48.775+0700][0.034s][gc,init] Concurrent Workers: 3
[2026-06-24T23:29:48.775+0700][0.034s][gc,init] Concurrent Refinement Workers: 13
[2026-06-24T23:29:48.775+0700][0.034s][gc,init] Periodic GC: Disabled
[2026-06-24T23:29:48.785+0700][0.044s][gc,metaspace] CDS archive(s) mapped at: [0x00000171b4000000-0x00000171b4c80000-0x00000171b4c80000), size 13107200, SharedBaseAddress: 0x00000171b4000000, ArchiveRelocationMode: 1.
[2026-06-24T23:29:48.785+0700][0.044s][gc,metaspace] Compressed class space mapped at: 0x00000171b5000000-0x00000171f5000000, reserved size: 1073741824
[2026-06-24T23:29:48.785+0700][0.044s][gc,metaspace] Narrow klass base: 0x00000171b4000000, Narrow klass shift: 0, Narrow klass range: 0x100000000
[2026-06-24T23:29:49.650+0700][0.909s][gc,start    ] GC(0) Pause Young (Normal) (G1 Evacuation Pause)
[2026-06-24T23:29:49.651+0700][0.910s][gc,task     ] GC(0) Using 5 workers of 13 for evacuation
[2026-06-24T23:29:49.662+0700][0.922s][gc,phases   ] GC(0)   Pre Evacuate Collection Set: 0.13ms
[2026-06-24T23:29:49.662+0700][0.922s][gc,phases   ] GC(0)   Merge Heap Roots: 0.19ms
[2026-06-24T23:29:49.662+0700][0.922s][gc,phases   ] GC(0)   Evacuate Collection Set: 4.11ms
[2026-06-24T23:29:49.662+0700][0.922s][gc,phases   ] GC(0)   Post Evacuate Collection Set: 0.83ms
[2026-06-24T23:29:49.663+0700][0.922s][gc,phases   ] GC(0)   Other: 0.61ms
[2026-06-24T23:29:49.663+0700][0.922s][gc,heap     ] GC(0) Eden regions: 11->0(16)
[2026-06-24T23:29:49.663+0700][0.922s][gc,heap     ] GC(0) Survivor regions: 0->2(2)
[2026-06-24T23:29:49.663+0700][0.922s][gc,heap     ] GC(0) Old regions: 0->1
[2026-06-24T23:29:49.663+0700][0.922s][gc,heap     ] GC(0) Humongous regions: 0->0
[2026-06-24T23:29:49.663+0700][0.922s][gc,metaspace] GC(0) Metaspace: 5699K(5952K)->5699K(5952K) NonClass: 4941K(5120K)->4941K(5120K) Class: 758K(832K)->758K(832K)
[2026-06-24T23:29:49.663+0700][0.922s][gc          ] GC(0) Pause Young (Normal) (G1 Evacuation Pause) 22M->4M(222M) 12.940ms
[2026-06-24T23:29:49.663+0700][0.922s][gc,cpu      ] GC(0) User=0.00s Sys=0.00s Real=0.01s
[2026-06-24T23:29:50.376+0700][1.635s][gc,start    ] GC(1) Pause Young (Normal) (G1 Evacuation Pause)
[2026-06-24T23:29:50.376+0700][1.635s][gc,task     ] GC(1) Using 5 workers of 13 for evacuation
[2026-06-24T23:29:50.385+0700][1.644s][gc,phases   ] GC(1)   Pre Evacuate Collection Set: 0.18ms
[2026-06-24T23:29:50.385+0700][1.644s][gc,phases   ] GC(1)   Merge Heap Roots: 0.07ms
[2026-06-24T23:29:50.385+0700][1.644s][gc,phases   ] GC(1)   Evacuate Collection Set: 7.44ms
[2026-06-24T23:29:50.385+0700][1.644s][gc,phases   ] GC(1)   Post Evacuate Collection Set: 1.28ms
[2026-06-24T23:29:50.385+0700][1.644s][gc,phases   ] GC(1)   Other: 0.14ms
[2026-06-24T23:29:50.385+0700][1.644s][gc,heap     ] GC(1) Eden regions: 16->0(58)
[2026-06-24T23:29:50.385+0700][1.644s][gc,heap     ] GC(1) Survivor regions: 2->2(3)
[2026-06-24T23:29:50.385+0700][1.644s][gc,heap     ] GC(1) Old regions: 1->3
[2026-06-24T23:29:50.385+0700][1.645s][gc,heap     ] GC(1) Humongous regions: 0->0
[2026-06-24T23:29:50.385+0700][1.645s][gc,metaspace] GC(1) Metaspace: 13390K(13760K)->13390K(13760K) NonClass: 11549K(11712K)->11549K(11712K) Class: 1840K(2048K)->1840K(2048K)
[2026-06-24T23:29:50.385+0700][1.645s][gc          ] GC(1) Pause Young (Normal) (G1 Evacuation Pause) 36M->7M(222M) 9.755ms
[2026-06-24T23:29:50.385+0700][1.645s][gc,cpu      ] GC(1) User=0.00s Sys=0.02s Real=0.01s
[2026-06-24T23:29:50.632+0700][1.891s][gc,start    ] GC(2) Pause Young (Concurrent Start) (CodeCache GC Threshold)
[2026-06-24T23:29:50.632+0700][1.891s][gc,task     ] GC(2) Using 5 workers of 13 for evacuation
[2026-06-24T23:29:50.638+0700][1.896s][gc,phases   ] GC(2)   Pre Evacuate Collection Set: 0.28ms
[2026-06-24T23:29:50.638+0700][1.897s][gc,phases   ] GC(2)   Merge Heap Roots: 0.09ms
[2026-06-24T23:29:50.638+0700][1.897s][gc,phases   ] GC(2)   Evacuate Collection Set: 4.33ms
[2026-06-24T23:29:50.638+0700][1.897s][gc,phases   ] GC(2)   Post Evacuate Collection Set: 0.72ms
[2026-06-24T23:29:50.638+0700][1.897s][gc,phases   ] GC(2)   Other: 0.17ms
[2026-06-24T23:29:50.638+0700][1.897s][gc,heap     ] GC(2) Eden regions: 8->0(63)
[2026-06-24T23:29:50.638+0700][1.897s][gc,heap     ] GC(2) Survivor regions: 2->3(8)
[2026-06-24T23:29:50.638+0700][1.897s][gc,heap     ] GC(2) Old regions: 3->3
[2026-06-24T23:29:50.638+0700][1.897s][gc,heap     ] GC(2) Humongous regions: 0->0
[2026-06-24T23:29:50.638+0700][1.897s][gc,metaspace] GC(2) Metaspace: 16623K(16960K)->16623K(16960K) NonClass: 14326K(14528K)->14326K(14528K) Class: 2296K(2432K)->2296K(2432K)
[2026-06-24T23:29:50.638+0700][1.897s][gc          ] GC(2) Pause Young (Concurrent Start) (CodeCache GC Threshold) 23M->8M(222M) 6.166ms
[2026-06-24T23:29:50.638+0700][1.897s][gc          ] GC(3) Concurrent Mark Cycle
[2026-06-24T23:29:50.638+0700][1.897s][gc,cpu      ] GC(2) User=0.02s Sys=0.06s Real=0.01s
[2026-06-24T23:29:50.638+0700][1.897s][gc,marking  ] GC(3) Concurrent Scan Root Regions
[2026-06-24T23:29:50.642+0700][1.901s][gc,marking  ] GC(3) Concurrent Scan Root Regions 3.454ms
[2026-06-24T23:29:50.642+0700][1.901s][gc,marking  ] GC(3) Concurrent Mark
[2026-06-24T23:29:50.642+0700][1.901s][gc,marking  ] GC(3) Concurrent Mark From Roots
[2026-06-24T23:29:50.642+0700][1.901s][gc,task     ] GC(3) Using 3 workers of 3 for marking
[2026-06-24T23:29:50.646+0700][1.905s][gc,marking  ] GC(3) Concurrent Mark From Roots 4.643ms
[2026-06-24T23:29:50.646+0700][1.905s][gc,marking  ] GC(3) Concurrent Preclean
[2026-06-24T23:29:50.646+0700][1.905s][gc,marking  ] GC(3) Concurrent Preclean 0.044ms
[2026-06-24T23:29:50.646+0700][1.906s][gc,start    ] GC(3) Pause Remark
[2026-06-24T23:29:50.648+0700][1.907s][gc,heap     ] GC(3) Heap shrink completed: uncommitted 91 regions (182MB), heap size now 40MB
[2026-06-24T23:29:50.648+0700][1.908s][gc          ] GC(3) Pause Remark 9M->9M(40M) 2.046ms
[2026-06-24T23:29:50.648+0700][1.908s][gc,cpu      ] GC(3) User=0.00s Sys=0.00s Real=0.00s
[2026-06-24T23:29:50.648+0700][1.908s][gc,marking  ] GC(3) Concurrent Mark 7.076ms
[2026-06-24T23:29:50.648+0700][1.908s][gc,marking  ] GC(3) Concurrent Rebuild Remembered Sets and Scrub Regions
[2026-06-24T23:29:50.651+0700][1.909s][gc,marking  ] GC(3) Concurrent Rebuild Remembered Sets and Scrub Regions 1.768ms
[2026-06-24T23:29:50.651+0700][1.910s][gc,start    ] GC(3) Pause Cleanup
[2026-06-24T23:29:50.651+0700][1.910s][gc          ] GC(3) Pause Cleanup 9M->9M(40M) 0.197ms
[2026-06-24T23:29:50.651+0700][1.910s][gc,cpu      ] GC(3) User=0.00s Sys=0.00s Real=0.00s
[2026-06-24T23:29:50.651+0700][1.910s][gc,marking  ] GC(3) Concurrent Clear Claimed Marks
[2026-06-24T23:29:50.651+0700][1.910s][gc,marking  ] GC(3) Concurrent Clear Claimed Marks 0.089ms
[2026-06-24T23:29:50.651+0700][1.910s][gc,marking  ] GC(3) Concurrent Cleanup for Next Mark
[2026-06-24T23:29:50.651+0700][1.910s][gc,marking  ] GC(3) Concurrent Cleanup for Next Mark 0.374ms
[2026-06-24T23:29:50.651+0700][1.910s][gc          ] GC(3) Concurrent Mark Cycle 13.487ms
[2026-06-24T23:29:51.420+0700][2.678s][gc,start    ] GC(4) Pause Young (Prepare Mixed) (G1 Evacuation Pause)
[2026-06-24T23:29:51.421+0700][2.680s][gc,task     ] GC(4) Using 3 workers of 13 for evacuation
[2026-06-24T23:29:51.434+0700][2.693s][gc,phases   ] GC(4)   Pre Evacuate Collection Set: 0.14ms
[2026-06-24T23:29:51.434+0700][2.693s][gc,phases   ] GC(4)   Merge Heap Roots: 0.09ms
[2026-06-24T23:29:51.434+0700][2.693s][gc,phases   ] GC(4)   Evacuate Collection Set: 12.24ms
[2026-06-24T23:29:51.434+0700][2.693s][gc,phases   ] GC(4)   Post Evacuate Collection Set: 0.85ms
[2026-06-24T23:29:51.434+0700][2.693s][gc,phases   ] GC(4)   Other: 0.17ms
[2026-06-24T23:29:51.434+0700][2.693s][gc,heap     ] GC(4) Eden regions: 14->0(10)
[2026-06-24T23:29:51.434+0700][2.693s][gc,heap     ] GC(4) Survivor regions: 3->4(9)
[2026-06-24T23:29:51.435+0700][2.693s][gc,heap     ] GC(4) Old regions: 3->3
[2026-06-24T23:29:51.435+0700][2.693s][gc,heap     ] GC(4) Humongous regions: 0->0
[2026-06-24T23:29:51.435+0700][2.693s][gc,metaspace] GC(4) Metaspace: 20081K(20480K)->20081K(20480K) NonClass: 17227K(17472K)->17227K(17472K) Class: 2853K(3008K)->2853K(3008K)
[2026-06-24T23:29:51.435+0700][2.694s][gc          ] GC(4) Pause Young (Prepare Mixed) (G1 Evacuation Pause) 36M->11M(48M) 15.024ms
[2026-06-24T23:29:51.435+0700][2.694s][gc,cpu      ] GC(4) User=0.02s Sys=0.03s Real=0.01s
[2026-06-24T23:29:51.983+0700][3.242s][gc,start    ] GC(5) Pause Young (Mixed) (G1 Evacuation Pause)
[2026-06-24T23:29:51.983+0700][3.242s][gc,task     ] GC(5) Using 8 workers of 13 for evacuation
[2026-06-24T23:29:51.990+0700][3.249s][gc,phases   ] GC(5)   Pre Evacuate Collection Set: 0.22ms
[2026-06-24T23:29:51.990+0700][3.249s][gc,phases   ] GC(5)   Merge Heap Roots: 0.12ms
[2026-06-24T23:29:51.990+0700][3.249s][gc,phases   ] GC(5)   Evacuate Collection Set: 5.90ms
[2026-06-24T23:29:51.990+0700][3.249s][gc,phases   ] GC(5)   Post Evacuate Collection Set: 0.84ms
[2026-06-24T23:29:51.990+0700][3.249s][gc,phases   ] GC(5)   Other: 0.18ms
[2026-06-24T23:29:51.990+0700][3.249s][gc,heap     ] GC(5) Eden regions: 10->0(11)
[2026-06-24T23:29:51.990+0700][3.249s][gc,heap     ] GC(5) Survivor regions: 4->2(2)
[2026-06-24T23:29:51.990+0700][3.250s][gc,heap     ] GC(5) Old regions: 3->6
[2026-06-24T23:29:51.990+0700][3.250s][gc,heap     ] GC(5) Humongous regions: 0->0
[2026-06-24T23:29:51.990+0700][3.250s][gc,metaspace] GC(5) Metaspace: 23818K(24320K)->23818K(24320K) NonClass: 20498K(20736K)->20498K(20736K) Class: 3320K(3584K)->3320K(3584K)
[2026-06-24T23:29:51.990+0700][3.250s][gc          ] GC(5) Pause Young (Mixed) (G1 Evacuation Pause) 31M->12M(48M) 7.906ms
[2026-06-24T23:29:51.990+0700][3.250s][gc,cpu      ] GC(5) User=0.00s Sys=0.00s Real=0.01s
[2026-06-24T23:30:06.028+0700][17.287s][gc,start    ] GC(6) Pause Young (Normal) (G1 Evacuation Pause)
[2026-06-24T23:30:06.028+0700][17.287s][gc,task     ] GC(6) Using 8 workers of 13 for evacuation
[2026-06-24T23:30:06.036+0700][17.294s][gc,phases   ] GC(6)   Pre Evacuate Collection Set: 0.26ms
[2026-06-24T23:30:06.036+0700][17.294s][gc,phases   ] GC(6)   Merge Heap Roots: 0.14ms
[2026-06-24T23:30:06.036+0700][17.294s][gc,phases   ] GC(6)   Evacuate Collection Set: 5.85ms
[2026-06-24T23:30:06.036+0700][17.295s][gc,phases   ] GC(6)   Post Evacuate Collection Set: 1.21ms
[2026-06-24T23:30:06.036+0700][17.295s][gc,phases   ] GC(6)   Other: 0.23ms
[2026-06-24T23:30:06.036+0700][17.295s][gc,heap     ] GC(6) Eden regions: 11->0(38)
[2026-06-24T23:30:06.036+0700][17.295s][gc,heap     ] GC(6) Survivor regions: 2->2(2)
[2026-06-24T23:30:06.036+0700][17.295s][gc,heap     ] GC(6) Old regions: 6->6
[2026-06-24T23:30:06.036+0700][17.295s][gc,heap     ] GC(6) Humongous regions: 0->0
[2026-06-24T23:30:06.036+0700][17.295s][gc,metaspace] GC(6) Metaspace: 27690K(28288K)->27690K(28288K) NonClass: 23825K(24128K)->23825K(24128K) Class: 3864K(4160K)->3864K(4160K)
[2026-06-24T23:30:06.036+0700][17.295s][gc          ] GC(6) Pause Young (Normal) (G1 Evacuation Pause) 34M->14M(136M) 8.335ms
[2026-06-24T23:30:06.036+0700][17.295s][gc,cpu      ] GC(6) User=0.00s Sys=0.00s Real=0.01s
[2026-06-24T23:30:06.076+0700][17.336s][gc,start    ] GC(7) Pause Young (Normal) (G1 Evacuation Pause)
[2026-06-24T23:30:06.076+0700][17.337s][gc,task     ] GC(7) Using 8 workers of 13 for evacuation
[2026-06-24T23:30:06.083+0700][17.343s][gc,phases   ] GC(7)   Pre Evacuate Collection Set: 0.30ms
[2026-06-24T23:30:06.083+0700][17.343s][gc,phases   ] GC(7)   Merge Heap Roots: 0.17ms
[2026-06-24T23:30:06.083+0700][17.343s][gc,phases   ] GC(7)   Evacuate Collection Set: 4.08ms
[2026-06-24T23:30:06.083+0700][17.343s][gc,phases   ] GC(7)   Post Evacuate Collection Set: 1.22ms
[2026-06-24T23:30:06.084+0700][17.343s][gc,phases   ] GC(7)   Other: 0.22ms
[2026-06-24T23:30:06.084+0700][17.343s][gc,heap     ] GC(7) Eden regions: 38->0(38)
[2026-06-24T23:30:06.084+0700][17.343s][gc,heap     ] GC(7) Survivor regions: 2->2(5)
[2026-06-24T23:30:06.084+0700][17.343s][gc,heap     ] GC(7) Old regions: 6->6
[2026-06-24T23:30:06.084+0700][17.343s][gc,heap     ] GC(7) Humongous regions: 0->0
[2026-06-24T23:30:06.084+0700][17.343s][gc,metaspace] GC(7) Metaspace: 27690K(28288K)->27690K(28288K) NonClass: 23825K(24128K)->23825K(24128K) Class: 3864K(4160K)->3864K(4160K)
[2026-06-24T23:30:06.084+0700][17.343s][gc          ] GC(7) Pause Young (Normal) (G1 Evacuation Pause) 90M->14M(136M) 6.624ms
[2026-06-24T23:30:06.084+0700][17.343s][gc,cpu      ] GC(7) User=0.00s Sys=0.00s Real=0.01s
[2026-06-24T23:30:06.102+0700][17.361s][gc,start    ] GC(8) Pause Young (Normal) (G1 Evacuation Pause)
[2026-06-24T23:30:06.102+0700][17.361s][gc,task     ] GC(8) Using 8 workers of 13 for evacuation
[2026-06-24T23:30:06.106+0700][17.366s][gc,phases   ] GC(8)   Pre Evacuate Collection Set: 0.43ms
[2026-06-24T23:30:06.106+0700][17.366s][gc,phases   ] GC(8)   Merge Heap Roots: 0.18ms
[2026-06-24T23:30:06.106+0700][17.366s][gc,phases   ] GC(8)   Evacuate Collection Set: 3.62ms
[2026-06-24T23:30:06.106+0700][17.367s][gc,phases   ] GC(8)   Post Evacuate Collection Set: 0.82ms
[2026-06-24T23:30:06.106+0700][17.367s][gc,phases   ] GC(8)   Other: 0.19ms
[2026-06-24T23:30:06.106+0700][17.367s][gc,heap     ] GC(8) Eden regions: 38->0(38)
[2026-06-24T23:30:06.106+0700][17.367s][gc,heap     ] GC(8) Survivor regions: 2->2(5)
[2026-06-24T23:30:06.106+0700][17.367s][gc,heap     ] GC(8) Old regions: 6->6
[2026-06-24T23:30:06.106+0700][17.367s][gc,heap     ] GC(8) Humongous regions: 0->0
[2026-06-24T23:30:06.106+0700][17.367s][gc,metaspace] GC(8) Metaspace: 27690K(28288K)->27690K(28288K) NonClass: 23825K(24128K)->23825K(24128K) Class: 3864K(4160K)->3864K(4160K)
[2026-06-24T23:30:06.106+0700][17.367s][gc          ] GC(8) Pause Young (Normal) (G1 Evacuation Pause) 90M->14M(136M) 5.833ms
[2026-06-24T23:30:06.106+0700][17.367s][gc,cpu      ] GC(8) User=0.00s Sys=0.00s Real=0.00s
[2026-06-24T23:30:06.124+0700][17.385s][gc,start    ] GC(9) Pause Young (Normal) (G1 Evacuation Pause)
[2026-06-24T23:30:06.124+0700][17.385s][gc,task     ] GC(9) Using 8 workers of 13 for evacuation
[2026-06-24T23:30:06.130+0700][17.390s][gc,phases   ] GC(9)   Pre Evacuate Collection Set: 0.28ms
[2026-06-24T23:30:06.130+0700][17.390s][gc,phases   ] GC(9)   Merge Heap Roots: 0.13ms
[2026-06-24T23:30:06.130+0700][17.390s][gc,phases   ] GC(9)   Evacuate Collection Set: 2.74ms
[2026-06-24T23:30:06.130+0700][17.390s][gc,phases   ] GC(9)   Post Evacuate Collection Set: 0.77ms
[2026-06-24T23:30:06.130+0700][17.390s][gc,phases   ] GC(9)   Other: 0.32ms
[2026-06-24T23:30:06.130+0700][17.390s][gc,heap     ] GC(9) Eden regions: 38->0(38)
[2026-06-24T23:30:06.130+0700][17.390s][gc,heap     ] GC(9) Survivor regions: 2->2(5)
[2026-06-24T23:30:06.130+0700][17.390s][gc,heap     ] GC(9) Old regions: 6->6
[2026-06-24T23:30:06.130+0700][17.390s][gc,heap     ] GC(9) Humongous regions: 0->0
[2026-06-24T23:30:06.130+0700][17.390s][gc,metaspace] GC(9) Metaspace: 27690K(28288K)->27690K(28288K) NonClass: 23825K(24128K)->23825K(24128K) Class: 3864K(4160K)->3864K(4160K)
[2026-06-24T23:30:06.130+0700][17.390s][gc          ] GC(9) Pause Young (Normal) (G1 Evacuation Pause) 90M->14M(136M) 4.801ms
[2026-06-24T23:30:06.130+0700][17.390s][gc,cpu      ] GC(9) User=0.00s Sys=0.00s Real=0.01s
[2026-06-24T23:30:06.148+0700][17.407s][gc,start    ] GC(10) Pause Young (Normal) (G1 Evacuation Pause)
[2026-06-24T23:30:06.148+0700][17.407s][gc,task     ] GC(10) Using 8 workers of 13 for evacuation
[2026-06-24T23:30:06.151+0700][17.412s][gc,phases   ] GC(10)   Pre Evacuate Collection Set: 0.43ms
[2026-06-24T23:30:06.153+0700][17.412s][gc,phases   ] GC(10)   Merge Heap Roots: 0.14ms
[2026-06-24T23:30:06.153+0700][17.412s][gc,phases   ] GC(10)   Evacuate Collection Set: 2.61ms
[2026-06-24T23:30:06.153+0700][17.412s][gc,phases   ] GC(10)   Post Evacuate Collection Set: 0.94ms
[2026-06-24T23:30:06.153+0700][17.412s][gc,phases   ] GC(10)   Other: 0.20ms
[2026-06-24T23:30:06.153+0700][17.412s][gc,heap     ] GC(10) Eden regions: 38->0(38)
[2026-06-24T23:30:06.153+0700][17.412s][gc,heap     ] GC(10) Survivor regions: 2->2(5)
[2026-06-24T23:30:06.153+0700][17.412s][gc,heap     ] GC(10) Old regions: 6->6
[2026-06-24T23:30:06.153+0700][17.412s][gc,heap     ] GC(10) Humongous regions: 0->0
[2026-06-24T23:30:06.153+0700][17.412s][gc,metaspace] GC(10) Metaspace: 27690K(28288K)->27690K(28288K) NonClass: 23825K(24128K)->23825K(24128K) Class: 3864K(4160K)->3864K(4160K)
[2026-06-24T23:30:06.153+0700][17.412s][gc          ] GC(10) Pause Young (Normal) (G1 Evacuation Pause) 90M->14M(136M) 4.863ms
[2026-06-24T23:30:06.153+0700][17.412s][gc,cpu      ] GC(10) User=0.09s Sys=0.03s Real=0.01s
[2026-06-24T23:30:06.167+0700][17.426s][gc,start    ] GC(11) Pause Young (Normal) (G1 Evacuation Pause)
[2026-06-24T23:30:06.167+0700][17.427s][gc,task     ] GC(11) Using 8 workers of 13 for evacuation
[2026-06-24T23:30:06.173+0700][17.433s][gc,phases   ] GC(11)   Pre Evacuate Collection Set: 0.38ms
[2026-06-24T23:30:06.173+0700][17.433s][gc,phases   ] GC(11)   Merge Heap Roots: 0.17ms
[2026-06-24T23:30:06.173+0700][17.433s][gc,phases   ] GC(11)   Evacuate Collection Set: 2.77ms
[2026-06-24T23:30:06.173+0700][17.433s][gc,phases   ] GC(11)   Post Evacuate Collection Set: 3.14ms
[2026-06-24T23:30:06.173+0700][17.433s][gc,phases   ] GC(11)   Other: 0.17ms
[2026-06-24T23:30:06.173+0700][17.434s][gc,heap     ] GC(11) Eden regions: 38->0(93)
[2026-06-24T23:30:06.173+0700][17.434s][gc,heap     ] GC(11) Survivor regions: 2->2(5)
[2026-06-24T23:30:06.173+0700][17.434s][gc,heap     ] GC(11) Old regions: 6->6
[2026-06-24T23:30:06.173+0700][17.434s][gc,heap     ] GC(11) Humongous regions: 0->0
[2026-06-24T23:30:06.173+0700][17.434s][gc,metaspace] GC(11) Metaspace: 27690K(28288K)->27690K(28288K) NonClass: 23825K(24128K)->23825K(24128K) Class: 3864K(4160K)->3864K(4160K)
[2026-06-24T23:30:06.175+0700][17.434s][gc          ] GC(11) Pause Young (Normal) (G1 Evacuation Pause) 90M->14M(318M) 7.404ms
[2026-06-24T23:30:06.175+0700][17.434s][gc,cpu      ] GC(11) User=0.00s Sys=0.00s Real=0.01s
[2026-06-24T23:30:06.296+0700][17.562s][gc,start    ] GC(12) Pause Young (Normal) (G1 Evacuation Pause)
[2026-06-24T23:30:06.296+0700][17.562s][gc,task     ] GC(12) Using 8 workers of 13 for evacuation
[2026-06-24T23:30:06.308+0700][17.568s][gc,phases   ] GC(12)   Pre Evacuate Collection Set: 0.36ms
[2026-06-24T23:30:06.308+0700][17.568s][gc,phases   ] GC(12)   Merge Heap Roots: 0.23ms
[2026-06-24T23:30:06.308+0700][17.568s][gc,phases   ] GC(12)   Evacuate Collection Set: 3.89ms
[2026-06-24T23:30:06.308+0700][17.568s][gc,phases   ] GC(12)   Post Evacuate Collection Set: 0.78ms
[2026-06-24T23:30:06.308+0700][17.568s][gc,phases   ] GC(12)   Other: 0.22ms
[2026-06-24T23:30:06.308+0700][17.568s][gc,heap     ] GC(12) Eden regions: 93->0(93)
[2026-06-24T23:30:06.308+0700][17.568s][gc,heap     ] GC(12) Survivor regions: 2->2(12)
[2026-06-24T23:30:06.308+0700][17.568s][gc,heap     ] GC(12) Old regions: 6->6
[2026-06-24T23:30:06.308+0700][17.568s][gc,heap     ] GC(12) Humongous regions: 0->0
[2026-06-24T23:30:06.308+0700][17.568s][gc,metaspace] GC(12) Metaspace: 27690K(28288K)->27690K(28288K) NonClass: 23825K(24128K)->23825K(24128K) Class: 3864K(4160K)->3864K(4160K)
[2026-06-24T23:30:06.308+0700][17.568s][gc          ] GC(12) Pause Young (Normal) (G1 Evacuation Pause) 200M->14M(318M) 6.165ms
[2026-06-24T23:30:06.308+0700][17.568s][gc,cpu      ] GC(12) User=0.12s Sys=0.00s Real=0.01s
[2026-06-24T23:30:06.354+0700][17.614s][gc,start    ] GC(13) Pause Young (Normal) (G1 Evacuation Pause)
[2026-06-24T23:30:06.354+0700][17.615s][gc,task     ] GC(13) Using 8 workers of 13 for evacuation
[2026-06-24T23:30:06.358+0700][17.619s][gc,phases   ] GC(13)   Pre Evacuate Collection Set: 0.34ms
[2026-06-24T23:30:06.358+0700][17.619s][gc,phases   ] GC(13)   Merge Heap Roots: 0.23ms
[2026-06-24T23:30:06.358+0700][17.619s][gc,phases   ] GC(13)   Evacuate Collection Set: 2.89ms
[2026-06-24T23:30:06.358+0700][17.619s][gc,phases   ] GC(13)   Post Evacuate Collection Set: 0.94ms
[2026-06-24T23:30:06.358+0700][17.619s][gc,phases   ] GC(13)   Other: 0.25ms
[2026-06-24T23:30:06.358+0700][17.619s][gc,heap     ] GC(13) Eden regions: 93->0(92)
[2026-06-24T23:30:06.358+0700][17.619s][gc,heap     ] GC(13) Survivor regions: 2->3(12)
[2026-06-24T23:30:06.358+0700][17.619s][gc,heap     ] GC(13) Old regions: 6->6
[2026-06-24T23:30:06.358+0700][17.619s][gc,heap     ] GC(13) Humongous regions: 0->0
[2026-06-24T23:30:06.358+0700][17.619s][gc,metaspace] GC(13) Metaspace: 27690K(28288K)->27690K(28288K) NonClass: 23825K(24128K)->23825K(24128K) Class: 3864K(4160K)->3864K(4160K)
[2026-06-24T23:30:06.358+0700][17.620s][gc          ] GC(13) Pause Young (Normal) (G1 Evacuation Pause) 200M->14M(318M) 5.245ms
[2026-06-24T23:30:06.358+0700][17.620s][gc,cpu      ] GC(13) User=0.00s Sys=0.00s Real=0.00s
[2026-06-24T23:30:06.403+0700][17.662s][gc,start    ] GC(14) Pause Young (Normal) (G1 Evacuation Pause)
[2026-06-24T23:30:06.403+0700][17.662s][gc,task     ] GC(14) Using 8 workers of 13 for evacuation
[2026-06-24T23:30:06.405+0700][17.667s][gc,phases   ] GC(14)   Pre Evacuate Collection Set: 0.29ms
[2026-06-24T23:30:06.405+0700][17.667s][gc,phases   ] GC(14)   Merge Heap Roots: 0.18ms
[2026-06-24T23:30:06.405+0700][17.667s][gc,phases   ] GC(14)   Evacuate Collection Set: 2.92ms
[2026-06-24T23:30:06.405+0700][17.667s][gc,phases   ] GC(14)   Post Evacuate Collection Set: 1.37ms
[2026-06-24T23:30:06.405+0700][17.667s][gc,phases   ] GC(14)   Other: 0.17ms
[2026-06-24T23:30:06.405+0700][17.667s][gc,heap     ] GC(14) Eden regions: 92->0(93)
[2026-06-24T23:30:06.405+0700][17.667s][gc,heap     ] GC(14) Survivor regions: 3->2(12)
[2026-06-24T23:30:06.405+0700][17.667s][gc,heap     ] GC(14) Old regions: 6->6
[2026-06-24T23:30:06.405+0700][17.667s][gc,heap     ] GC(14) Humongous regions: 0->0
[2026-06-24T23:30:06.405+0700][17.667s][gc,metaspace] GC(14) Metaspace: 27690K(28288K)->27690K(28288K) NonClass: 23825K(24128K)->23825K(24128K) Class: 3864K(4160K)->3864K(4160K)
[2026-06-24T23:30:06.405+0700][17.668s][gc          ] GC(14) Pause Young (Normal) (G1 Evacuation Pause) 198M->14M(318M) 5.565ms
[2026-06-24T23:30:06.405+0700][17.668s][gc,cpu      ] GC(14) User=0.00s Sys=0.00s Real=0.00s
[2026-06-24T23:30:06.444+0700][17.708s][gc,start    ] GC(15) Pause Young (Normal) (G1 Evacuation Pause)
[2026-06-24T23:30:06.444+0700][17.708s][gc,task     ] GC(15) Using 8 workers of 13 for evacuation
[2026-06-24T23:30:06.456+0700][17.715s][gc,phases   ] GC(15)   Pre Evacuate Collection Set: 0.39ms
[2026-06-24T23:30:06.456+0700][17.715s][gc,phases   ] GC(15)   Merge Heap Roots: 0.17ms
[2026-06-24T23:30:06.456+0700][17.715s][gc,phases   ] GC(15)   Evacuate Collection Set: 2.69ms
[2026-06-24T23:30:06.456+0700][17.715s][gc,phases   ] GC(15)   Post Evacuate Collection Set: 3.71ms
[2026-06-24T23:30:06.456+0700][17.715s][gc,phases   ] GC(15)   Other: 0.17ms
[2026-06-24T23:30:06.456+0700][17.715s][gc,heap     ] GC(15) Eden regions: 93->0(191)
[2026-06-24T23:30:06.456+0700][17.715s][gc,heap     ] GC(15) Survivor regions: 2->2(12)
[2026-06-24T23:30:06.456+0700][17.715s][gc,heap     ] GC(15) Old regions: 6->6
[2026-06-24T23:30:06.456+0700][17.716s][gc,heap     ] GC(15) Humongous regions: 0->0
[2026-06-24T23:30:06.456+0700][17.716s][gc,metaspace] GC(15) Metaspace: 27690K(28288K)->27690K(28288K) NonClass: 23825K(24128K)->23825K(24128K) Class: 3864K(4160K)->3864K(4160K)
[2026-06-24T23:30:06.456+0700][17.716s][gc          ] GC(15) Pause Young (Normal) (G1 Evacuation Pause) 200M->14M(644M) 7.721ms
[2026-06-24T23:30:06.456+0700][17.716s][gc,cpu      ] GC(15) User=0.00s Sys=0.00s Real=0.01s
[2026-06-24T23:30:06.683+0700][17.943s][gc,start    ] GC(16) Pause Young (Normal) (G1 Evacuation Pause)
[2026-06-24T23:30:06.683+0700][17.943s][gc,task     ] GC(16) Using 13 workers of 13 for evacuation
[2026-06-24T23:30:06.687+0700][17.948s][gc,phases   ] GC(16)   Pre Evacuate Collection Set: 0.36ms
[2026-06-24T23:30:06.687+0700][17.948s][gc,phases   ] GC(16)   Merge Heap Roots: 0.33ms
[2026-06-24T23:30:06.687+0700][17.948s][gc,phases   ] GC(16)   Evacuate Collection Set: 2.89ms
[2026-06-24T23:30:06.687+0700][17.948s][gc,phases   ] GC(16)   Post Evacuate Collection Set: 1.08ms
[2026-06-24T23:30:06.687+0700][17.948s][gc,phases   ] GC(16)   Other: 0.24ms
[2026-06-24T23:30:06.687+0700][17.948s][gc,heap     ] GC(16) Eden regions: 191->0(190)
[2026-06-24T23:30:06.687+0700][17.948s][gc,heap     ] GC(16) Survivor regions: 2->3(25)
[2026-06-24T23:30:06.687+0700][17.948s][gc,heap     ] GC(16) Old regions: 6->6
[2026-06-24T23:30:06.687+0700][17.948s][gc,heap     ] GC(16) Humongous regions: 0->0
[2026-06-24T23:30:06.687+0700][17.948s][gc,metaspace] GC(16) Metaspace: 27690K(28288K)->27690K(28288K) NonClass: 23825K(24128K)->23825K(24128K) Class: 3864K(4160K)->3864K(4160K)
[2026-06-24T23:30:06.687+0700][17.948s][gc          ] GC(16) Pause Young (Normal) (G1 Evacuation Pause) 396M->14M(644M) 5.411ms
[2026-06-24T23:30:06.687+0700][17.948s][gc,cpu      ] GC(16) User=0.00s Sys=0.00s Real=0.00s
[2026-06-24T23:30:06.773+0700][18.033s][gc,start    ] GC(17) Pause Young (Normal) (G1 Evacuation Pause)
[2026-06-24T23:30:06.773+0700][18.033s][gc,task     ] GC(17) Using 13 workers of 13 for evacuation
[2026-06-24T23:30:06.776+0700][18.038s][gc,phases   ] GC(17)   Pre Evacuate Collection Set: 0.34ms
[2026-06-24T23:30:06.776+0700][18.038s][gc,phases   ] GC(17)   Merge Heap Roots: 0.22ms
[2026-06-24T23:30:06.776+0700][18.038s][gc,phases   ] GC(17)   Evacuate Collection Set: 2.54ms
[2026-06-24T23:30:06.776+0700][18.038s][gc,phases   ] GC(17)   Post Evacuate Collection Set: 1.27ms
[2026-06-24T23:30:06.776+0700][18.038s][gc,phases   ] GC(17)   Other: 0.22ms
[2026-06-24T23:30:06.776+0700][18.038s][gc,heap     ] GC(17) Eden regions: 190->0(190)
[2026-06-24T23:30:06.776+0700][18.038s][gc,heap     ] GC(17) Survivor regions: 3->3(25)
[2026-06-24T23:30:06.776+0700][18.038s][gc,heap     ] GC(17) Old regions: 6->6
[2026-06-24T23:30:06.776+0700][18.038s][gc,heap     ] GC(17) Humongous regions: 0->0
[2026-06-24T23:30:06.776+0700][18.038s][gc,metaspace] GC(17) Metaspace: 27690K(28288K)->27690K(28288K) NonClass: 23825K(24128K)->23825K(24128K) Class: 3864K(4160K)->3864K(4160K)
[2026-06-24T23:30:06.776+0700][18.038s][gc          ] GC(17) Pause Young (Normal) (G1 Evacuation Pause) 394M->14M(644M) 5.122ms
[2026-06-24T23:30:06.776+0700][18.038s][gc,cpu      ] GC(17) User=0.00s Sys=0.02s Real=0.00s
[2026-06-24T23:30:06.849+0700][18.109s][gc,start    ] GC(18) Pause Young (Normal) (G1 Evacuation Pause)
[2026-06-24T23:30:06.849+0700][18.110s][gc,task     ] GC(18) Using 13 workers of 13 for evacuation
[2026-06-24T23:30:06.855+0700][18.114s][gc,phases   ] GC(18)   Pre Evacuate Collection Set: 0.38ms
[2026-06-24T23:30:06.855+0700][18.114s][gc,phases   ] GC(18)   Merge Heap Roots: 0.20ms
[2026-06-24T23:30:06.855+0700][18.114s][gc,phases   ] GC(18)   Evacuate Collection Set: 2.59ms
[2026-06-24T23:30:06.855+0700][18.114s][gc,phases   ] GC(18)   Post Evacuate Collection Set: 1.05ms
[2026-06-24T23:30:06.855+0700][18.114s][gc,phases   ] GC(18)   Other: 0.23ms
[2026-06-24T23:30:06.855+0700][18.114s][gc,heap     ] GC(18) Eden regions: 190->0(190)
[2026-06-24T23:30:06.855+0700][18.114s][gc,heap     ] GC(18) Survivor regions: 3->3(25)
[2026-06-24T23:30:06.855+0700][18.114s][gc,heap     ] GC(18) Old regions: 6->6
[2026-06-24T23:30:06.855+0700][18.114s][gc,heap     ] GC(18) Humongous regions: 0->0
[2026-06-24T23:30:06.855+0700][18.114s][gc,metaspace] GC(18) Metaspace: 27690K(28288K)->27690K(28288K) NonClass: 23825K(24128K)->23825K(24128K) Class: 3864K(4160K)->3864K(4160K)
[2026-06-24T23:30:06.855+0700][18.114s][gc          ] GC(18) Pause Young (Normal) (G1 Evacuation Pause) 394M->14M(644M) 5.024ms
[2026-06-24T23:30:06.855+0700][18.114s][gc,cpu      ] GC(18) User=0.16s Sys=0.03s Real=0.01s
[2026-06-24T23:30:06.926+0700][18.186s][gc,start    ] GC(19) Pause Young (Normal) (G1 Evacuation Pause)
[2026-06-24T23:30:06.926+0700][18.186s][gc,task     ] GC(19) Using 13 workers of 13 for evacuation
[2026-06-24T23:30:06.929+0700][18.191s][gc,phases   ] GC(19)   Pre Evacuate Collection Set: 0.33ms
[2026-06-24T23:30:06.929+0700][18.191s][gc,phases   ] GC(19)   Merge Heap Roots: 0.32ms
[2026-06-24T23:30:06.929+0700][18.191s][gc,phases   ] GC(19)   Evacuate Collection Set: 2.89ms
[2026-06-24T23:30:06.929+0700][18.191s][gc,phases   ] GC(19)   Post Evacuate Collection Set: 0.99ms
[2026-06-24T23:30:06.929+0700][18.191s][gc,phases   ] GC(19)   Other: 0.16ms
[2026-06-24T23:30:06.929+0700][18.191s][gc,heap     ] GC(19) Eden regions: 190->0(190)
[2026-06-24T23:30:06.929+0700][18.191s][gc,heap     ] GC(19) Survivor regions: 3->3(25)
[2026-06-24T23:30:06.929+0700][18.191s][gc,heap     ] GC(19) Old regions: 6->6
[2026-06-24T23:30:06.929+0700][18.191s][gc,heap     ] GC(19) Humongous regions: 0->0
[2026-06-24T23:30:06.929+0700][18.191s][gc,metaspace] GC(19) Metaspace: 27690K(28352K)->27690K(28352K) NonClass: 23826K(24192K)->23826K(24192K) Class: 3864K(4160K)->3864K(4160K)
[2026-06-24T23:30:06.929+0700][18.191s][gc          ] GC(19) Pause Young (Normal) (G1 Evacuation Pause) 394M->14M(644M) 5.128ms
[2026-06-24T23:30:06.929+0700][18.191s][gc,cpu      ] GC(19) User=0.02s Sys=0.00s Real=0.00s
[2026-06-24T23:30:07.013+0700][18.273s][gc,start    ] GC(20) Pause Young (Normal) (G1 Evacuation Pause)
[2026-06-24T23:30:07.013+0700][18.273s][gc,task     ] GC(20) Using 13 workers of 13 for evacuation
[2026-06-24T23:30:07.020+0700][18.281s][gc,phases   ] GC(20)   Pre Evacuate Collection Set: 0.36ms
[2026-06-24T23:30:07.020+0700][18.281s][gc,phases   ] GC(20)   Merge Heap Roots: 0.20ms
[2026-06-24T23:30:07.020+0700][18.281s][gc,phases   ] GC(20)   Evacuate Collection Set: 2.92ms
[2026-06-24T23:30:07.020+0700][18.281s][gc,phases   ] GC(20)   Post Evacuate Collection Set: 4.66ms
[2026-06-24T23:30:07.020+0700][18.282s][gc,phases   ] GC(20)   Other: 0.18ms
[2026-06-24T23:30:07.020+0700][18.282s][gc,heap     ] GC(20) Eden regions: 190->0(306)
[2026-06-24T23:30:07.020+0700][18.282s][gc,heap     ] GC(20) Survivor regions: 3->2(25)
[2026-06-24T23:30:07.020+0700][18.282s][gc,heap     ] GC(20) Old regions: 6->7
[2026-06-24T23:30:07.020+0700][18.282s][gc,heap     ] GC(20) Humongous regions: 0->0
[2026-06-24T23:30:07.020+0700][18.282s][gc,metaspace] GC(20) Metaspace: 27690K(28352K)->27690K(28352K) NonClass: 23826K(24192K)->23826K(24192K) Class: 3864K(4160K)->3864K(4160K)
[2026-06-24T23:30:07.020+0700][18.282s][gc          ] GC(20) Pause Young (Normal) (G1 Evacuation Pause) 394M->14M(1028M) 8.857ms
[2026-06-24T23:30:07.020+0700][18.282s][gc,cpu      ] GC(20) User=0.00s Sys=0.00s Real=0.01s
[2026-06-24T23:30:07.343+0700][18.603s][gc,start    ] GC(21) Pause Young (Normal) (G1 Evacuation Pause)
[2026-06-24T23:30:07.343+0700][18.603s][gc,task     ] GC(21) Using 13 workers of 13 for evacuation
[2026-06-24T23:30:07.347+0700][18.607s][gc,phases   ] GC(21)   Pre Evacuate Collection Set: 0.40ms
[2026-06-24T23:30:07.347+0700][18.607s][gc,phases   ] GC(21)   Merge Heap Roots: 0.26ms
[2026-06-24T23:30:07.347+0700][18.607s][gc,phases   ] GC(21)   Evacuate Collection Set: 1.98ms
[2026-06-24T23:30:07.347+0700][18.607s][gc,phases   ] GC(21)   Post Evacuate Collection Set: 0.87ms
[2026-06-24T23:30:07.347+0700][18.607s][gc,phases   ] GC(21)   Other: 0.25ms
[2026-06-24T23:30:07.347+0700][18.607s][gc,heap     ] GC(21) Eden regions: 306->0(307)
[2026-06-24T23:30:07.347+0700][18.608s][gc,heap     ] GC(21) Survivor regions: 2->1(39)
[2026-06-24T23:30:07.347+0700][18.608s][gc,heap     ] GC(21) Old regions: 7->8
[2026-06-24T23:30:07.347+0700][18.608s][gc,heap     ] GC(21) Humongous regions: 0->0
[2026-06-24T23:30:07.349+0700][18.608s][gc,metaspace] GC(21) Metaspace: 27690K(28352K)->27690K(28352K) NonClass: 23826K(24192K)->23826K(24192K) Class: 3864K(4160K)->3864K(4160K)
[2026-06-24T23:30:07.349+0700][18.608s][gc          ] GC(21) Pause Young (Normal) (G1 Evacuation Pause) 626M->14M(1028M) 4.916ms
[2026-06-24T23:30:07.349+0700][18.608s][gc,cpu      ] GC(21) User=0.00s Sys=0.00s Real=0.01s
[2026-06-24T23:30:07.468+0700][18.727s][gc,start    ] GC(22) Pause Young (Normal) (G1 Evacuation Pause)
[2026-06-24T23:30:07.468+0700][18.728s][gc,task     ] GC(22) Using 13 workers of 13 for evacuation
[2026-06-24T23:30:07.470+0700][18.730s][gc,phases   ] GC(22)   Pre Evacuate Collection Set: 0.39ms
[2026-06-24T23:30:07.470+0700][18.730s][gc,phases   ] GC(22)   Merge Heap Roots: 0.17ms
[2026-06-24T23:30:07.470+0700][18.730s][gc,phases   ] GC(22)   Evacuate Collection Set: 0.76ms
[2026-06-24T23:30:07.470+0700][18.730s][gc,phases   ] GC(22)   Post Evacuate Collection Set: 0.72ms
[2026-06-24T23:30:07.470+0700][18.730s][gc,phases   ] GC(22)   Other: 0.17ms
[2026-06-24T23:30:07.470+0700][18.730s][gc,heap     ] GC(22) Eden regions: 307->0(307)
[2026-06-24T23:30:07.470+0700][18.730s][gc,heap     ] GC(22) Survivor regions: 1->1(39)
[2026-06-24T23:30:07.470+0700][18.730s][gc,heap     ] GC(22) Old regions: 8->8
[2026-06-24T23:30:07.470+0700][18.730s][gc,heap     ] GC(22) Humongous regions: 0->0
[2026-06-24T23:30:07.470+0700][18.730s][gc,metaspace] GC(22) Metaspace: 27690K(28352K)->27690K(28352K) NonClass: 23826K(24192K)->23826K(24192K) Class: 3864K(4160K)->3864K(4160K)
[2026-06-24T23:30:07.470+0700][18.730s][gc          ] GC(22) Pause Young (Normal) (G1 Evacuation Pause) 628M->14M(1028M) 2.809ms
[2026-06-24T23:30:07.470+0700][18.730s][gc,cpu      ] GC(22) User=0.00s Sys=0.00s Real=0.00s
[2026-06-24T23:30:07.597+0700][18.856s][gc,start    ] GC(23) Pause Young (Normal) (G1 Evacuation Pause)
[2026-06-24T23:30:07.597+0700][18.856s][gc,task     ] GC(23) Using 13 workers of 13 for evacuation
[2026-06-24T23:30:07.599+0700][18.858s][gc,phases   ] GC(23)   Pre Evacuate Collection Set: 0.47ms
[2026-06-24T23:30:07.599+0700][18.858s][gc,phases   ] GC(23)   Merge Heap Roots: 0.18ms
[2026-06-24T23:30:07.599+0700][18.858s][gc,phases   ] GC(23)   Evacuate Collection Set: 0.56ms
[2026-06-24T23:30:07.599+0700][18.858s][gc,phases   ] GC(23)   Post Evacuate Collection Set: 0.87ms
[2026-06-24T23:30:07.599+0700][18.858s][gc,phases   ] GC(23)   Other: 0.14ms
[2026-06-24T23:30:07.599+0700][18.858s][gc,heap     ] GC(23) Eden regions: 307->0(307)
[2026-06-24T23:30:07.599+0700][18.859s][gc,heap     ] GC(23) Survivor regions: 1->1(39)
[2026-06-24T23:30:07.599+0700][18.859s][gc,heap     ] GC(23) Old regions: 8->8
[2026-06-24T23:30:07.599+0700][18.859s][gc,heap     ] GC(23) Humongous regions: 0->0
[2026-06-24T23:30:07.599+0700][18.859s][gc,metaspace] GC(23) Metaspace: 27690K(28352K)->27690K(28352K) NonClass: 23826K(24192K)->23826K(24192K) Class: 3864K(4160K)->3864K(4160K)
[2026-06-24T23:30:07.599+0700][18.859s][gc          ] GC(23) Pause Young (Normal) (G1 Evacuation Pause) 628M->14M(1028M) 2.768ms
[2026-06-24T23:30:07.599+0700][18.859s][gc,cpu      ] GC(23) User=0.00s Sys=0.00s Real=0.00s
[2026-06-24T23:30:07.734+0700][18.993s][gc,start    ] GC(24) Pause Young (Normal) (G1 Evacuation Pause)
[2026-06-24T23:30:07.734+0700][18.993s][gc,task     ] GC(24) Using 13 workers of 13 for evacuation
[2026-06-24T23:30:07.736+0700][18.995s][gc,phases   ] GC(24)   Pre Evacuate Collection Set: 0.36ms
[2026-06-24T23:30:07.736+0700][18.995s][gc,phases   ] GC(24)   Merge Heap Roots: 0.22ms
[2026-06-24T23:30:07.736+0700][18.995s][gc,phases   ] GC(24)   Evacuate Collection Set: 0.60ms
[2026-06-24T23:30:07.736+0700][18.995s][gc,phases   ] GC(24)   Post Evacuate Collection Set: 0.83ms
[2026-06-24T23:30:07.736+0700][18.996s][gc,phases   ] GC(24)   Other: 0.14ms
[2026-06-24T23:30:07.736+0700][18.996s][gc,heap     ] GC(24) Eden regions: 307->0(307)
[2026-06-24T23:30:07.736+0700][18.996s][gc,heap     ] GC(24) Survivor regions: 1->1(39)
[2026-06-24T23:30:07.736+0700][18.996s][gc,heap     ] GC(24) Old regions: 8->8
[2026-06-24T23:30:07.736+0700][18.996s][gc,heap     ] GC(24) Humongous regions: 0->0
[2026-06-24T23:30:07.736+0700][18.996s][gc,metaspace] GC(24) Metaspace: 27690K(28352K)->27690K(28352K) NonClass: 23826K(24192K)->23826K(24192K) Class: 3864K(4160K)->3864K(4160K)
[2026-06-24T23:30:07.737+0700][18.996s][gc          ] GC(24) Pause Young (Normal) (G1 Evacuation Pause) 628M->14M(1028M) 2.553ms
[2026-06-24T23:30:07.737+0700][18.996s][gc,cpu      ] GC(24) User=0.00s Sys=0.00s Real=0.00s
[2026-06-24T23:30:07.871+0700][19.130s][gc,start    ] GC(25) Pause Young (Normal) (G1 Evacuation Pause)
[2026-06-24T23:30:07.871+0700][19.130s][gc,task     ] GC(25) Using 13 workers of 13 for evacuation
[2026-06-24T23:30:07.874+0700][19.133s][gc,phases   ] GC(25)   Pre Evacuate Collection Set: 0.38ms
[2026-06-24T23:30:07.874+0700][19.133s][gc,phases   ] GC(25)   Merge Heap Roots: 0.21ms
[2026-06-24T23:30:07.874+0700][19.133s][gc,phases   ] GC(25)   Evacuate Collection Set: 0.45ms
[2026-06-24T23:30:07.874+0700][19.133s][gc,phases   ] GC(25)   Post Evacuate Collection Set: 1.37ms
[2026-06-24T23:30:07.874+0700][19.133s][gc,phases   ] GC(25)   Other: 0.28ms
[2026-06-24T23:30:07.874+0700][19.133s][gc,heap     ] GC(25) Eden regions: 307->0(307)
[2026-06-24T23:30:07.874+0700][19.133s][gc,heap     ] GC(25) Survivor regions: 1->1(39)
[2026-06-24T23:30:07.874+0700][19.133s][gc,heap     ] GC(25) Old regions: 8->8
[2026-06-24T23:30:07.874+0700][19.133s][gc,heap     ] GC(25) Humongous regions: 0->0
[2026-06-24T23:30:07.874+0700][19.133s][gc,metaspace] GC(25) Metaspace: 27690K(28352K)->27690K(28352K) NonClass: 23826K(24192K)->23826K(24192K) Class: 3864K(4160K)->3864K(4160K)
[2026-06-24T23:30:07.874+0700][19.133s][gc          ] GC(25) Pause Young (Normal) (G1 Evacuation Pause) 628M->14M(1028M) 3.370ms
[2026-06-24T23:30:07.874+0700][19.133s][gc,cpu      ] GC(25) User=0.00s Sys=0.00s Real=0.00s
[2026-06-24T23:30:08.012+0700][19.270s][gc,start    ] GC(26) Pause Young (Normal) (G1 Evacuation Pause)
[2026-06-24T23:30:08.012+0700][19.270s][gc,task     ] GC(26) Using 13 workers of 13 for evacuation
[2026-06-24T23:30:08.013+0700][19.272s][gc,phases   ] GC(26)   Pre Evacuate Collection Set: 0.31ms
[2026-06-24T23:30:08.014+0700][19.272s][gc,phases   ] GC(26)   Merge Heap Roots: 0.25ms
[2026-06-24T23:30:08.014+0700][19.272s][gc,phases   ] GC(26)   Evacuate Collection Set: 0.37ms
[2026-06-24T23:30:08.014+0700][19.272s][gc,phases   ] GC(26)   Post Evacuate Collection Set: 0.73ms
[2026-06-24T23:30:08.014+0700][19.272s][gc,phases   ] GC(26)   Other: 0.14ms
[2026-06-24T23:30:08.014+0700][19.272s][gc,heap     ] GC(26) Eden regions: 307->0(307)
[2026-06-24T23:30:08.014+0700][19.272s][gc,heap     ] GC(26) Survivor regions: 1->1(39)
[2026-06-24T23:30:08.014+0700][19.272s][gc,heap     ] GC(26) Old regions: 8->8
[2026-06-24T23:30:08.014+0700][19.272s][gc,heap     ] GC(26) Humongous regions: 0->0
[2026-06-24T23:30:08.014+0700][19.272s][gc,metaspace] GC(26) Metaspace: 27690K(28352K)->27690K(28352K) NonClass: 23826K(24192K)->23826K(24192K) Class: 3864K(4160K)->3864K(4160K)
[2026-06-24T23:30:08.014+0700][19.273s][gc          ] GC(26) Pause Young (Normal) (G1 Evacuation Pause) 628M->14M(1028M) 2.308ms
[2026-06-24T23:30:08.014+0700][19.273s][gc,cpu      ] GC(26) User=0.00s Sys=0.00s Real=0.00s
[2026-06-24T23:30:08.142+0700][19.401s][gc,start    ] GC(27) Pause Young (Normal) (G1 Evacuation Pause)
[2026-06-24T23:30:08.142+0700][19.401s][gc,task     ] GC(27) Using 13 workers of 13 for evacuation
[2026-06-24T23:30:08.144+0700][19.403s][gc,phases   ] GC(27)   Pre Evacuate Collection Set: 0.36ms
[2026-06-24T23:30:08.144+0700][19.403s][gc,phases   ] GC(27)   Merge Heap Roots: 0.19ms
[2026-06-24T23:30:08.144+0700][19.403s][gc,phases   ] GC(27)   Evacuate Collection Set: 0.40ms
[2026-06-24T23:30:08.144+0700][19.403s][gc,phases   ] GC(27)   Post Evacuate Collection Set: 0.76ms
[2026-06-24T23:30:08.144+0700][19.403s][gc,phases   ] GC(27)   Other: 0.17ms
[2026-06-24T23:30:08.144+0700][19.404s][gc,heap     ] GC(27) Eden regions: 307->0(307)
[2026-06-24T23:30:08.144+0700][19.404s][gc,heap     ] GC(27) Survivor regions: 1->1(39)
[2026-06-24T23:30:08.144+0700][19.404s][gc,heap     ] GC(27) Old regions: 8->8
[2026-06-24T23:30:08.144+0700][19.404s][gc,heap     ] GC(27) Humongous regions: 0->0
[2026-06-24T23:30:08.144+0700][19.404s][gc,metaspace] GC(27) Metaspace: 27690K(28352K)->27690K(28352K) NonClass: 23826K(24192K)->23826K(24192K) Class: 3864K(4160K)->3864K(4160K)
[2026-06-24T23:30:08.144+0700][19.404s][gc          ] GC(27) Pause Young (Normal) (G1 Evacuation Pause) 628M->14M(1028M) 2.416ms
[2026-06-24T23:30:08.144+0700][19.404s][gc,cpu      ] GC(27) User=0.00s Sys=0.00s Real=0.00s
[2026-06-24T23:30:08.276+0700][19.534s][gc,start    ] GC(28) Pause Young (Normal) (G1 Evacuation Pause)
[2026-06-24T23:30:08.276+0700][19.535s][gc,task     ] GC(28) Using 13 workers of 13 for evacuation
[2026-06-24T23:30:08.278+0700][19.537s][gc,phases   ] GC(28)   Pre Evacuate Collection Set: 0.53ms
[2026-06-24T23:30:08.278+0700][19.537s][gc,phases   ] GC(28)   Merge Heap Roots: 0.27ms
[2026-06-24T23:30:08.278+0700][19.537s][gc,phases   ] GC(28)   Evacuate Collection Set: 0.49ms
[2026-06-24T23:30:08.278+0700][19.537s][gc,phases   ] GC(28)   Post Evacuate Collection Set: 0.78ms
[2026-06-24T23:30:08.278+0700][19.537s][gc,phases   ] GC(28)   Other: 0.19ms
[2026-06-24T23:30:08.278+0700][19.537s][gc,heap     ] GC(28) Eden regions: 307->0(307)
[2026-06-24T23:30:08.278+0700][19.537s][gc,heap     ] GC(28) Survivor regions: 1->1(39)
[2026-06-24T23:30:08.278+0700][19.537s][gc,heap     ] GC(28) Old regions: 8->8
[2026-06-24T23:30:08.278+0700][19.537s][gc,heap     ] GC(28) Humongous regions: 0->0
[2026-06-24T23:30:08.278+0700][19.537s][gc,metaspace] GC(28) Metaspace: 27690K(28352K)->27690K(28352K) NonClass: 23826K(24192K)->23826K(24192K) Class: 3864K(4160K)->3864K(4160K)
[2026-06-24T23:30:08.278+0700][19.537s][gc          ] GC(28) Pause Young (Normal) (G1 Evacuation Pause) 628M->14M(1028M) 3.023ms
[2026-06-24T23:30:08.278+0700][19.537s][gc,cpu      ] GC(28) User=0.00s Sys=0.00s Real=0.00s
[2026-06-24T23:30:08.419+0700][19.679s][gc,start    ] GC(29) Pause Young (Normal) (G1 Evacuation Pause)
[2026-06-24T23:30:08.419+0700][19.679s][gc,task     ] GC(29) Using 13 workers of 13 for evacuation
[2026-06-24T23:30:08.422+0700][19.681s][gc,phases   ] GC(29)   Pre Evacuate Collection Set: 0.35ms
[2026-06-24T23:30:08.422+0700][19.681s][gc,phases   ] GC(29)   Merge Heap Roots: 0.18ms
[2026-06-24T23:30:08.422+0700][19.681s][gc,phases   ] GC(29)   Evacuate Collection Set: 0.44ms
[2026-06-24T23:30:08.422+0700][19.681s][gc,phases   ] GC(29)   Post Evacuate Collection Set: 0.75ms
[2026-06-24T23:30:08.422+0700][19.681s][gc,phases   ] GC(29)   Other: 0.22ms
[2026-06-24T23:30:08.422+0700][19.681s][gc,heap     ] GC(29) Eden regions: 307->0(307)
[2026-06-24T23:30:08.422+0700][19.681s][gc,heap     ] GC(29) Survivor regions: 1->1(39)
[2026-06-24T23:30:08.422+0700][19.681s][gc,heap     ] GC(29) Old regions: 8->8
[2026-06-24T23:30:08.422+0700][19.681s][gc,heap     ] GC(29) Humongous regions: 0->0
[2026-06-24T23:30:08.422+0700][19.681s][gc,metaspace] GC(29) Metaspace: 27690K(28352K)->27690K(28352K) NonClass: 23826K(24192K)->23826K(24192K) Class: 3864K(4160K)->3864K(4160K)
[2026-06-24T23:30:08.422+0700][19.681s][gc          ] GC(29) Pause Young (Normal) (G1 Evacuation Pause) 628M->14M(1028M) 2.549ms
[2026-06-24T23:30:08.422+0700][19.681s][gc,cpu      ] GC(29) User=0.00s Sys=0.00s Real=0.00s
[2026-06-24T23:30:08.568+0700][19.827s][gc,start    ] GC(30) Pause Young (Normal) (G1 Evacuation Pause)
[2026-06-24T23:30:08.568+0700][19.827s][gc,task     ] GC(30) Using 13 workers of 13 for evacuation
[2026-06-24T23:30:08.570+0700][19.829s][gc,phases   ] GC(30)   Pre Evacuate Collection Set: 0.29ms
[2026-06-24T23:30:08.570+0700][19.829s][gc,phases   ] GC(30)   Merge Heap Roots: 0.17ms
[2026-06-24T23:30:08.570+0700][19.829s][gc,phases   ] GC(30)   Evacuate Collection Set: 0.54ms
[2026-06-24T23:30:08.570+0700][19.829s][gc,phases   ] GC(30)   Post Evacuate Collection Set: 0.75ms
[2026-06-24T23:30:08.570+0700][19.829s][gc,phases   ] GC(30)   Other: 0.14ms
[2026-06-24T23:30:08.570+0700][19.829s][gc,heap     ] GC(30) Eden regions: 307->0(307)
[2026-06-24T23:30:08.570+0700][19.829s][gc,heap     ] GC(30) Survivor regions: 1->1(39)
[2026-06-24T23:30:08.570+0700][19.829s][gc,heap     ] GC(30) Old regions: 8->8
[2026-06-24T23:30:08.570+0700][19.829s][gc,heap     ] GC(30) Humongous regions: 0->0
[2026-06-24T23:30:08.570+0700][19.829s][gc,metaspace] GC(30) Metaspace: 27690K(28352K)->27690K(28352K) NonClass: 23826K(24192K)->23826K(24192K) Class: 3864K(4160K)->3864K(4160K)
[2026-06-24T23:30:08.570+0700][19.829s][gc          ] GC(30) Pause Young (Normal) (G1 Evacuation Pause) 628M->14M(1028M) 2.452ms
[2026-06-24T23:30:08.570+0700][19.829s][gc,cpu      ] GC(30) User=0.00s Sys=0.00s Real=0.00s
[2026-06-24T23:30:08.704+0700][19.963s][gc,start    ] GC(31) Pause Young (Normal) (G1 Evacuation Pause)
[2026-06-24T23:30:08.704+0700][19.963s][gc,task     ] GC(31) Using 13 workers of 13 for evacuation
[2026-06-24T23:30:08.707+0700][19.966s][gc,phases   ] GC(31)   Pre Evacuate Collection Set: 0.31ms
[2026-06-24T23:30:08.707+0700][19.966s][gc,phases   ] GC(31)   Merge Heap Roots: 0.32ms
[2026-06-24T23:30:08.707+0700][19.966s][gc,phases   ] GC(31)   Evacuate Collection Set: 0.54ms
[2026-06-24T23:30:08.707+0700][19.966s][gc,phases   ] GC(31)   Post Evacuate Collection Set: 1.00ms
[2026-06-24T23:30:08.707+0700][19.966s][gc,phases   ] GC(31)   Other: 0.20ms
[2026-06-24T23:30:08.707+0700][19.966s][gc,heap     ] GC(31) Eden regions: 307->0(307)
[2026-06-24T23:30:08.707+0700][19.966s][gc,heap     ] GC(31) Survivor regions: 1->1(39)
[2026-06-24T23:30:08.707+0700][19.966s][gc,heap     ] GC(31) Old regions: 8->8
[2026-06-24T23:30:08.707+0700][19.966s][gc,heap     ] GC(31) Humongous regions: 0->0
[2026-06-24T23:30:08.707+0700][19.966s][gc,metaspace] GC(31) Metaspace: 27690K(28352K)->27690K(28352K) NonClass: 23826K(24192K)->23826K(24192K) Class: 3864K(4160K)->3864K(4160K)
[2026-06-24T23:30:08.707+0700][19.966s][gc          ] GC(31) Pause Young (Normal) (G1 Evacuation Pause) 628M->14M(1028M) 2.961ms
[2026-06-24T23:30:08.707+0700][19.966s][gc,cpu      ] GC(31) User=0.00s Sys=0.00s Real=0.00s
[2026-06-24T23:30:08.852+0700][20.111s][gc,start    ] GC(32) Pause Young (Normal) (G1 Evacuation Pause)
[2026-06-24T23:30:08.852+0700][20.111s][gc,task     ] GC(32) Using 13 workers of 13 for evacuation
[2026-06-24T23:30:08.855+0700][20.113s][gc,phases   ] GC(32)   Pre Evacuate Collection Set: 0.39ms
[2026-06-24T23:30:08.855+0700][20.113s][gc,phases   ] GC(32)   Merge Heap Roots: 0.22ms
[2026-06-24T23:30:08.855+0700][20.114s][gc,phases   ] GC(32)   Evacuate Collection Set: 0.56ms
[2026-06-24T23:30:08.855+0700][20.114s][gc,phases   ] GC(32)   Post Evacuate Collection Set: 1.11ms
[2026-06-24T23:30:08.855+0700][20.114s][gc,phases   ] GC(32)   Other: 0.17ms
[2026-06-24T23:30:08.855+0700][20.114s][gc,heap     ] GC(32) Eden regions: 307->0(307)
[2026-06-24T23:30:08.855+0700][20.114s][gc,heap     ] GC(32) Survivor regions: 1->1(39)
[2026-06-24T23:30:08.855+0700][20.114s][gc,heap     ] GC(32) Old regions: 8->8
[2026-06-24T23:30:08.855+0700][20.114s][gc,heap     ] GC(32) Humongous regions: 0->0
[2026-06-24T23:30:08.855+0700][20.114s][gc,metaspace] GC(32) Metaspace: 27690K(28352K)->27690K(28352K) NonClass: 23826K(24192K)->23826K(24192K) Class: 3864K(4160K)->3864K(4160K)
[2026-06-24T23:30:08.855+0700][20.114s][gc          ] GC(32) Pause Young (Normal) (G1 Evacuation Pause) 628M->14M(1028M) 2.907ms
[2026-06-24T23:30:08.855+0700][20.114s][gc,cpu      ] GC(32) User=0.12s Sys=0.00s Real=0.00s
[2026-06-24T23:30:09.008+0700][20.267s][gc,start    ] GC(33) Pause Young (Normal) (G1 Evacuation Pause)
[2026-06-24T23:30:09.008+0700][20.267s][gc,task     ] GC(33) Using 13 workers of 13 for evacuation
[2026-06-24T23:30:09.011+0700][20.270s][gc,phases   ] GC(33)   Pre Evacuate Collection Set: 0.33ms
[2026-06-24T23:30:09.011+0700][20.270s][gc,phases   ] GC(33)   Merge Heap Roots: 0.24ms
[2026-06-24T23:30:09.011+0700][20.270s][gc,phases   ] GC(33)   Evacuate Collection Set: 0.38ms
[2026-06-24T23:30:09.011+0700][20.270s][gc,phases   ] GC(33)   Post Evacuate Collection Set: 1.69ms
[2026-06-24T23:30:09.011+0700][20.270s][gc,phases   ] GC(33)   Other: 0.18ms
[2026-06-24T23:30:09.011+0700][20.270s][gc,heap     ] GC(33) Eden regions: 307->0(307)
[2026-06-24T23:30:09.011+0700][20.270s][gc,heap     ] GC(33) Survivor regions: 1->1(39)
[2026-06-24T23:30:09.011+0700][20.270s][gc,heap     ] GC(33) Old regions: 8->8
[2026-06-24T23:30:09.011+0700][20.270s][gc,heap     ] GC(33) Humongous regions: 0->0
[2026-06-24T23:30:09.011+0700][20.270s][gc,metaspace] GC(33) Metaspace: 27690K(28352K)->27690K(28352K) NonClass: 23826K(24192K)->23826K(24192K) Class: 3864K(4160K)->3864K(4160K)
[2026-06-24T23:30:09.011+0700][20.270s][gc          ] GC(33) Pause Young (Normal) (G1 Evacuation Pause) 628M->14M(1028M) 3.511ms
[2026-06-24T23:30:09.011+0700][20.270s][gc,cpu      ] GC(33) User=0.03s Sys=0.00s Real=0.00s
[2026-06-24T23:30:09.163+0700][20.423s][gc,start    ] GC(34) Pause Young (Normal) (G1 Evacuation Pause)
[2026-06-24T23:30:09.164+0700][20.423s][gc,task     ] GC(34) Using 13 workers of 13 for evacuation
[2026-06-24T23:30:09.166+0700][20.425s][gc,phases   ] GC(34)   Pre Evacuate Collection Set: 0.38ms
[2026-06-24T23:30:09.166+0700][20.425s][gc,phases   ] GC(34)   Merge Heap Roots: 0.19ms
[2026-06-24T23:30:09.167+0700][20.425s][gc,phases   ] GC(34)   Evacuate Collection Set: 0.61ms
[2026-06-24T23:30:09.167+0700][20.425s][gc,phases   ] GC(34)   Post Evacuate Collection Set: 0.92ms
[2026-06-24T23:30:09.167+0700][20.425s][gc,phases   ] GC(34)   Other: 0.15ms
[2026-06-24T23:30:09.167+0700][20.425s][gc,heap     ] GC(34) Eden regions: 307->0(307)
[2026-06-24T23:30:09.167+0700][20.425s][gc,heap     ] GC(34) Survivor regions: 1->1(39)
[2026-06-24T23:30:09.167+0700][20.425s][gc,heap     ] GC(34) Old regions: 8->8
[2026-06-24T23:30:09.167+0700][20.425s][gc,heap     ] GC(34) Humongous regions: 0->0
[2026-06-24T23:30:09.167+0700][20.425s][gc,metaspace] GC(34) Metaspace: 27690K(28352K)->27690K(28352K) NonClass: 23826K(24192K)->23826K(24192K) Class: 3864K(4160K)->3864K(4160K)
[2026-06-24T23:30:09.167+0700][20.425s][gc          ] GC(34) Pause Young (Normal) (G1 Evacuation Pause) 628M->14M(1028M) 2.803ms
[2026-06-24T23:30:09.167+0700][20.426s][gc,cpu      ] GC(34) User=0.17s Sys=0.00s Real=0.00s
[2026-06-24T23:30:09.277+0700][20.536s][gc,start    ] GC(35) Pause Young (Normal) (G1 Evacuation Pause)
[2026-06-24T23:30:09.277+0700][20.536s][gc,task     ] GC(35) Using 13 workers of 13 for evacuation
[2026-06-24T23:30:09.279+0700][20.538s][gc,phases   ] GC(35)   Pre Evacuate Collection Set: 0.31ms
[2026-06-24T23:30:09.279+0700][20.538s][gc,phases   ] GC(35)   Merge Heap Roots: 0.25ms
[2026-06-24T23:30:09.279+0700][20.538s][gc,phases   ] GC(35)   Evacuate Collection Set: 0.57ms
[2026-06-24T23:30:09.279+0700][20.538s][gc,phases   ] GC(35)   Post Evacuate Collection Set: 0.69ms
[2026-06-24T23:30:09.279+0700][20.538s][gc,phases   ] GC(35)   Other: 0.16ms
[2026-06-24T23:30:09.279+0700][20.538s][gc,heap     ] GC(35) Eden regions: 307->0(307)
[2026-06-24T23:30:09.279+0700][20.538s][gc,heap     ] GC(35) Survivor regions: 1->1(39)
[2026-06-24T23:30:09.279+0700][20.538s][gc,heap     ] GC(35) Old regions: 8->8
[2026-06-24T23:30:09.279+0700][20.538s][gc,heap     ] GC(35) Humongous regions: 0->0
[2026-06-24T23:30:09.279+0700][20.538s][gc,metaspace] GC(35) Metaspace: 27690K(28352K)->27690K(28352K) NonClass: 23826K(24192K)->23826K(24192K) Class: 3864K(4160K)->3864K(4160K)
[2026-06-24T23:30:09.279+0700][20.539s][gc          ] GC(35) Pause Young (Normal) (G1 Evacuation Pause) 628M->14M(1028M) 2.586ms
[2026-06-24T23:30:09.280+0700][20.539s][gc,cpu      ] GC(35) User=0.00s Sys=0.00s Real=0.00s
[2026-06-24T23:30:09.394+0700][20.652s][gc,start    ] GC(36) Pause Young (Normal) (G1 Evacuation Pause)
[2026-06-24T23:30:09.394+0700][20.652s][gc,task     ] GC(36) Using 13 workers of 13 for evacuation
[2026-06-24T23:30:09.395+0700][20.654s][gc,phases   ] GC(36)   Pre Evacuate Collection Set: 0.41ms
[2026-06-24T23:30:09.395+0700][20.654s][gc,phases   ] GC(36)   Merge Heap Roots: 0.20ms
[2026-06-24T23:30:09.395+0700][20.654s][gc,phases   ] GC(36)   Evacuate Collection Set: 0.51ms
[2026-06-24T23:30:09.395+0700][20.655s][gc,phases   ] GC(36)   Post Evacuate Collection Set: 0.89ms
[2026-06-24T23:30:09.395+0700][20.655s][gc,phases   ] GC(36)   Other: 0.13ms
[2026-06-24T23:30:09.395+0700][20.655s][gc,heap     ] GC(36) Eden regions: 307->0(307)
[2026-06-24T23:30:09.395+0700][20.655s][gc,heap     ] GC(36) Survivor regions: 1->1(39)
[2026-06-24T23:30:09.395+0700][20.655s][gc,heap     ] GC(36) Old regions: 8->8
[2026-06-24T23:30:09.395+0700][20.655s][gc,heap     ] GC(36) Humongous regions: 0->0
[2026-06-24T23:30:09.395+0700][20.655s][gc,metaspace] GC(36) Metaspace: 27690K(28352K)->27690K(28352K) NonClass: 23826K(24192K)->23826K(24192K) Class: 3864K(4160K)->3864K(4160K)
[2026-06-24T23:30:09.396+0700][20.655s][gc          ] GC(36) Pause Young (Normal) (G1 Evacuation Pause) 628M->14M(1028M) 2.602ms
[2026-06-24T23:30:09.396+0700][20.655s][gc,cpu      ] GC(36) User=0.00s Sys=0.00s Real=0.00s
[2026-06-24T23:30:09.519+0700][20.778s][gc,start    ] GC(37) Pause Young (Normal) (G1 Evacuation Pause)
[2026-06-24T23:30:09.519+0700][20.779s][gc,task     ] GC(37) Using 13 workers of 13 for evacuation
[2026-06-24T23:30:09.522+0700][20.781s][gc,phases   ] GC(37)   Pre Evacuate Collection Set: 0.38ms
[2026-06-24T23:30:09.522+0700][20.781s][gc,phases   ] GC(37)   Merge Heap Roots: 0.22ms
[2026-06-24T23:30:09.522+0700][20.781s][gc,phases   ] GC(37)   Evacuate Collection Set: 0.44ms
[2026-06-24T23:30:09.522+0700][20.781s][gc,phases   ] GC(37)   Post Evacuate Collection Set: 0.95ms
[2026-06-24T23:30:09.522+0700][20.781s][gc,phases   ] GC(37)   Other: 0.25ms
[2026-06-24T23:30:09.522+0700][20.781s][gc,heap     ] GC(37) Eden regions: 307->0(307)
[2026-06-24T23:30:09.522+0700][20.781s][gc,heap     ] GC(37) Survivor regions: 1->1(39)
[2026-06-24T23:30:09.522+0700][20.781s][gc,heap     ] GC(37) Old regions: 8->8
[2026-06-24T23:30:09.522+0700][20.781s][gc,heap     ] GC(37) Humongous regions: 0->0
[2026-06-24T23:30:09.522+0700][20.781s][gc,metaspace] GC(37) Metaspace: 27690K(28352K)->27690K(28352K) NonClass: 23826K(24192K)->23826K(24192K) Class: 3864K(4160K)->3864K(4160K)
[2026-06-24T23:30:09.522+0700][20.781s][gc          ] GC(37) Pause Young (Normal) (G1 Evacuation Pause) 628M->14M(1028M) 2.750ms
[2026-06-24T23:30:09.522+0700][20.781s][gc,cpu      ] GC(37) User=0.00s Sys=0.00s Real=0.00s
[2026-06-24T23:30:09.644+0700][20.903s][gc,start    ] GC(38) Pause Young (Normal) (G1 Evacuation Pause)
[2026-06-24T23:30:09.644+0700][20.903s][gc,task     ] GC(38) Using 13 workers of 13 for evacuation
[2026-06-24T23:30:09.646+0700][20.905s][gc,phases   ] GC(38)   Pre Evacuate Collection Set: 0.35ms
[2026-06-24T23:30:09.646+0700][20.905s][gc,phases   ] GC(38)   Merge Heap Roots: 0.26ms
[2026-06-24T23:30:09.646+0700][20.905s][gc,phases   ] GC(38)   Evacuate Collection Set: 0.50ms
[2026-06-24T23:30:09.646+0700][20.905s][gc,phases   ] GC(38)   Post Evacuate Collection Set: 0.73ms
[2026-06-24T23:30:09.646+0700][20.905s][gc,phases   ] GC(38)   Other: 0.13ms
[2026-06-24T23:30:09.646+0700][20.905s][gc,heap     ] GC(38) Eden regions: 307->0(307)
[2026-06-24T23:30:09.646+0700][20.905s][gc,heap     ] GC(38) Survivor regions: 1->1(39)
[2026-06-24T23:30:09.646+0700][20.905s][gc,heap     ] GC(38) Old regions: 8->8
[2026-06-24T23:30:09.646+0700][20.905s][gc,heap     ] GC(38) Humongous regions: 0->0
[2026-06-24T23:30:09.646+0700][20.905s][gc,metaspace] GC(38) Metaspace: 27690K(28352K)->27690K(28352K) NonClass: 23826K(24192K)->23826K(24192K) Class: 3864K(4160K)->3864K(4160K)
[2026-06-24T23:30:09.646+0700][20.905s][gc          ] GC(38) Pause Young (Normal) (G1 Evacuation Pause) 628M->14M(1028M) 2.401ms
[2026-06-24T23:30:09.646+0700][20.905s][gc,cpu      ] GC(38) User=0.00s Sys=0.00s Real=0.00s
[2026-06-24T23:30:09.786+0700][21.045s][gc,start    ] GC(39) Pause Young (Normal) (G1 Evacuation Pause)
[2026-06-24T23:30:09.786+0700][21.046s][gc,task     ] GC(39) Using 13 workers of 13 for evacuation
[2026-06-24T23:30:09.788+0700][21.048s][gc,phases   ] GC(39)   Pre Evacuate Collection Set: 0.41ms
[2026-06-24T23:30:09.788+0700][21.048s][gc,phases   ] GC(39)   Merge Heap Roots: 0.17ms
[2026-06-24T23:30:09.788+0700][21.048s][gc,phases   ] GC(39)   Evacuate Collection Set: 0.58ms
[2026-06-24T23:30:09.790+0700][21.048s][gc,phases   ] GC(39)   Post Evacuate Collection Set: 0.96ms
[2026-06-24T23:30:09.790+0700][21.048s][gc,phases   ] GC(39)   Other: 0.16ms
[2026-06-24T23:30:09.790+0700][21.048s][gc,heap     ] GC(39) Eden regions: 307->0(307)
[2026-06-24T23:30:09.790+0700][21.048s][gc,heap     ] GC(39) Survivor regions: 1->1(39)
[2026-06-24T23:30:09.790+0700][21.048s][gc,heap     ] GC(39) Old regions: 8->8
[2026-06-24T23:30:09.790+0700][21.048s][gc,heap     ] GC(39) Humongous regions: 0->0
[2026-06-24T23:30:09.790+0700][21.048s][gc,metaspace] GC(39) Metaspace: 27690K(28352K)->27690K(28352K) NonClass: 23826K(24192K)->23826K(24192K) Class: 3864K(4160K)->3864K(4160K)
[2026-06-24T23:30:09.790+0700][21.048s][gc          ] GC(39) Pause Young (Normal) (G1 Evacuation Pause) 628M->14M(1028M) 2.990ms
[2026-06-24T23:30:09.790+0700][21.048s][gc,cpu      ] GC(39) User=0.00s Sys=0.00s Real=0.00s
[2026-06-24T23:30:09.933+0700][21.191s][gc,start    ] GC(40) Pause Young (Normal) (G1 Evacuation Pause)
[2026-06-24T23:30:09.933+0700][21.191s][gc,task     ] GC(40) Using 13 workers of 13 for evacuation
[2026-06-24T23:30:09.935+0700][21.194s][gc,phases   ] GC(40)   Pre Evacuate Collection Set: 0.56ms
[2026-06-24T23:30:09.935+0700][21.194s][gc,phases   ] GC(40)   Merge Heap Roots: 0.24ms
[2026-06-24T23:30:09.935+0700][21.194s][gc,phases   ] GC(40)   Evacuate Collection Set: 0.60ms
[2026-06-24T23:30:09.935+0700][21.194s][gc,phases   ] GC(40)   Post Evacuate Collection Set: 0.78ms
[2026-06-24T23:30:09.935+0700][21.194s][gc,phases   ] GC(40)   Other: 0.14ms
[2026-06-24T23:30:09.935+0700][21.194s][gc,heap     ] GC(40) Eden regions: 307->0(307)
[2026-06-24T23:30:09.935+0700][21.194s][gc,heap     ] GC(40) Survivor regions: 1->1(39)
[2026-06-24T23:30:09.936+0700][21.194s][gc,heap     ] GC(40) Old regions: 8->8
[2026-06-24T23:30:09.936+0700][21.194s][gc,heap     ] GC(40) Humongous regions: 0->0
[2026-06-24T23:30:09.936+0700][21.194s][gc,metaspace] GC(40) Metaspace: 27690K(28352K)->27690K(28352K) NonClass: 23826K(24192K)->23826K(24192K) Class: 3864K(4160K)->3864K(4160K)
[2026-06-24T23:30:09.936+0700][21.194s][gc          ] GC(40) Pause Young (Normal) (G1 Evacuation Pause) 628M->14M(1028M) 2.760ms
[2026-06-24T23:30:09.936+0700][21.194s][gc,cpu      ] GC(40) User=0.00s Sys=0.00s Real=0.00s
[2026-06-24T23:30:10.047+0700][21.307s][gc,start    ] GC(41) Pause Young (Normal) (G1 Evacuation Pause)
[2026-06-24T23:30:10.048+0700][21.307s][gc,task     ] GC(41) Using 13 workers of 13 for evacuation
[2026-06-24T23:30:10.049+0700][21.309s][gc,phases   ] GC(41)   Pre Evacuate Collection Set: 0.36ms
[2026-06-24T23:30:10.049+0700][21.309s][gc,phases   ] GC(41)   Merge Heap Roots: 0.18ms
[2026-06-24T23:30:10.049+0700][21.309s][gc,phases   ] GC(41)   Evacuate Collection Set: 0.46ms
[2026-06-24T23:30:10.050+0700][21.309s][gc,phases   ] GC(41)   Post Evacuate Collection Set: 0.61ms
[2026-06-24T23:30:10.050+0700][21.309s][gc,phases   ] GC(41)   Other: 0.14ms
[2026-06-24T23:30:10.050+0700][21.309s][gc,heap     ] GC(41) Eden regions: 307->0(307)
[2026-06-24T23:30:10.050+0700][21.309s][gc,heap     ] GC(41) Survivor regions: 1->1(39)
[2026-06-24T23:30:10.050+0700][21.309s][gc,heap     ] GC(41) Old regions: 8->8
[2026-06-24T23:30:10.050+0700][21.309s][gc,heap     ] GC(41) Humongous regions: 0->0
[2026-06-24T23:30:10.050+0700][21.309s][gc,metaspace] GC(41) Metaspace: 27690K(28352K)->27690K(28352K) NonClass: 23826K(24192K)->23826K(24192K) Class: 3864K(4160K)->3864K(4160K)
[2026-06-24T23:30:10.050+0700][21.309s][gc          ] GC(41) Pause Young (Normal) (G1 Evacuation Pause) 628M->14M(1028M) 2.259ms
[2026-06-24T23:30:10.050+0700][21.309s][gc,cpu      ] GC(41) User=0.00s Sys=0.00s Real=0.00s
[2026-06-24T23:30:10.154+0700][21.413s][gc,start    ] GC(42) Pause Young (Normal) (G1 Evacuation Pause)
[2026-06-24T23:30:10.154+0700][21.414s][gc,task     ] GC(42) Using 13 workers of 13 for evacuation
[2026-06-24T23:30:10.157+0700][21.416s][gc,phases   ] GC(42)   Pre Evacuate Collection Set: 0.40ms
[2026-06-24T23:30:10.157+0700][21.416s][gc,phases   ] GC(42)   Merge Heap Roots: 0.28ms
[2026-06-24T23:30:10.157+0700][21.416s][gc,phases   ] GC(42)   Evacuate Collection Set: 0.57ms
[2026-06-24T23:30:10.157+0700][21.416s][gc,phases   ] GC(42)   Post Evacuate Collection Set: 1.06ms
[2026-06-24T23:30:10.157+0700][21.416s][gc,phases   ] GC(42)   Other: 0.25ms
[2026-06-24T23:30:10.157+0700][21.416s][gc,heap     ] GC(42) Eden regions: 307->0(307)
[2026-06-24T23:30:10.157+0700][21.416s][gc,heap     ] GC(42) Survivor regions: 1->1(39)
[2026-06-24T23:30:10.157+0700][21.416s][gc,heap     ] GC(42) Old regions: 8->8
[2026-06-24T23:30:10.157+0700][21.417s][gc,heap     ] GC(42) Humongous regions: 0->0
[2026-06-24T23:30:10.157+0700][21.417s][gc,metaspace] GC(42) Metaspace: 27690K(28352K)->27690K(28352K) NonClass: 23826K(24192K)->23826K(24192K) Class: 3864K(4160K)->3864K(4160K)
[2026-06-24T23:30:10.157+0700][21.417s][gc          ] GC(42) Pause Young (Normal) (G1 Evacuation Pause) 628M->14M(1028M) 3.091ms
[2026-06-24T23:30:10.157+0700][21.417s][gc,cpu      ] GC(42) User=0.00s Sys=0.00s Real=0.00s
[2026-06-24T23:30:10.254+0700][21.512s][gc,start    ] GC(43) Pause Young (Normal) (G1 Evacuation Pause)
[2026-06-24T23:30:10.254+0700][21.513s][gc,task     ] GC(43) Using 13 workers of 13 for evacuation
[2026-06-24T23:30:10.256+0700][21.515s][gc,phases   ] GC(43)   Pre Evacuate Collection Set: 0.48ms
[2026-06-24T23:30:10.256+0700][21.515s][gc,phases   ] GC(43)   Merge Heap Roots: 0.25ms
[2026-06-24T23:30:10.256+0700][21.515s][gc,phases   ] GC(43)   Evacuate Collection Set: 0.60ms
[2026-06-24T23:30:10.256+0700][21.515s][gc,phases   ] GC(43)   Post Evacuate Collection Set: 0.89ms
[2026-06-24T23:30:10.256+0700][21.515s][gc,phases   ] GC(43)   Other: 0.13ms
[2026-06-24T23:30:10.256+0700][21.515s][gc,heap     ] GC(43) Eden regions: 307->0(307)
[2026-06-24T23:30:10.256+0700][21.515s][gc,heap     ] GC(43) Survivor regions: 1->1(39)
[2026-06-24T23:30:10.256+0700][21.515s][gc,heap     ] GC(43) Old regions: 8->8
[2026-06-24T23:30:10.256+0700][21.515s][gc,heap     ] GC(43) Humongous regions: 0->0
[2026-06-24T23:30:10.256+0700][21.515s][gc,metaspace] GC(43) Metaspace: 27690K(28352K)->27690K(28352K) NonClass: 23826K(24192K)->23826K(24192K) Class: 3864K(4160K)->3864K(4160K)
[2026-06-24T23:30:10.257+0700][21.515s][gc          ] GC(43) Pause Young (Normal) (G1 Evacuation Pause) 628M->14M(1028M) 2.965ms
[2026-06-24T23:30:10.257+0700][21.515s][gc,cpu      ] GC(43) User=0.00s Sys=0.00s Real=0.00s
[2026-06-24T23:30:10.354+0700][21.613s][gc,start    ] GC(44) Pause Young (Normal) (G1 Evacuation Pause)
[2026-06-24T23:30:10.354+0700][21.613s][gc,task     ] GC(44) Using 13 workers of 13 for evacuation
[2026-06-24T23:30:10.356+0700][21.615s][gc,phases   ] GC(44)   Pre Evacuate Collection Set: 0.34ms
[2026-06-24T23:30:10.356+0700][21.615s][gc,phases   ] GC(44)   Merge Heap Roots: 0.20ms
[2026-06-24T23:30:10.356+0700][21.615s][gc,phases   ] GC(44)   Evacuate Collection Set: 0.53ms
[2026-06-24T23:30:10.356+0700][21.615s][gc,phases   ] GC(44)   Post Evacuate Collection Set: 1.01ms
[2026-06-24T23:30:10.356+0700][21.615s][gc,phases   ] GC(44)   Other: 0.16ms
[2026-06-24T23:30:10.356+0700][21.615s][gc,heap     ] GC(44) Eden regions: 307->0(307)
[2026-06-24T23:30:10.356+0700][21.615s][gc,heap     ] GC(44) Survivor regions: 1->1(39)
[2026-06-24T23:30:10.356+0700][21.615s][gc,heap     ] GC(44) Old regions: 8->8
[2026-06-24T23:30:10.356+0700][21.615s][gc,heap     ] GC(44) Humongous regions: 0->0
[2026-06-24T23:30:10.356+0700][21.616s][gc,metaspace] GC(44) Metaspace: 27690K(28352K)->27690K(28352K) NonClass: 23826K(24192K)->23826K(24192K) Class: 3864K(4160K)->3864K(4160K)
[2026-06-24T23:30:10.357+0700][21.616s][gc          ] GC(44) Pause Young (Normal) (G1 Evacuation Pause) 628M->14M(1028M) 3.255ms
[2026-06-24T23:30:10.357+0700][21.616s][gc,cpu      ] GC(44) User=0.00s Sys=0.00s Real=0.00s
[2026-06-24T23:30:10.477+0700][21.735s][gc,start    ] GC(45) Pause Young (Normal) (G1 Evacuation Pause)
[2026-06-24T23:30:10.477+0700][21.736s][gc,task     ] GC(45) Using 13 workers of 13 for evacuation
[2026-06-24T23:30:10.478+0700][21.737s][gc,phases   ] GC(45)   Pre Evacuate Collection Set: 0.33ms
[2026-06-24T23:30:10.478+0700][21.737s][gc,phases   ] GC(45)   Merge Heap Roots: 0.13ms
[2026-06-24T23:30:10.478+0700][21.737s][gc,phases   ] GC(45)   Evacuate Collection Set: 0.44ms
[2026-06-24T23:30:10.478+0700][21.738s][gc,phases   ] GC(45)   Post Evacuate Collection Set: 0.73ms
[2026-06-24T23:30:10.478+0700][21.738s][gc,phases   ] GC(45)   Other: 0.14ms
[2026-06-24T23:30:10.478+0700][21.738s][gc,heap     ] GC(45) Eden regions: 307->0(307)
[2026-06-24T23:30:10.478+0700][21.738s][gc,heap     ] GC(45) Survivor regions: 1->1(39)
[2026-06-24T23:30:10.478+0700][21.738s][gc,heap     ] GC(45) Old regions: 8->8
[2026-06-24T23:30:10.478+0700][21.738s][gc,heap     ] GC(45) Humongous regions: 0->0
[2026-06-24T23:30:10.478+0700][21.738s][gc,metaspace] GC(45) Metaspace: 27690K(28352K)->27690K(28352K) NonClass: 23826K(24192K)->23826K(24192K) Class: 3864K(4160K)->3864K(4160K)
[2026-06-24T23:30:10.478+0700][21.738s][gc          ] GC(45) Pause Young (Normal) (G1 Evacuation Pause) 628M->14M(1028M) 2.229ms
[2026-06-24T23:30:10.478+0700][21.738s][gc,cpu      ] GC(45) User=0.12s Sys=0.02s Real=0.00s
[2026-06-24T23:30:10.610+0700][21.868s][gc,start    ] GC(46) Pause Young (Normal) (G1 Evacuation Pause)
[2026-06-24T23:30:10.610+0700][21.869s][gc,task     ] GC(46) Using 13 workers of 13 for evacuation
[2026-06-24T23:30:10.612+0700][21.871s][gc,phases   ] GC(46)   Pre Evacuate Collection Set: 0.38ms
[2026-06-24T23:30:10.612+0700][21.871s][gc,phases   ] GC(46)   Merge Heap Roots: 0.30ms
[2026-06-24T23:30:10.612+0700][21.871s][gc,phases   ] GC(46)   Evacuate Collection Set: 0.75ms
[2026-06-24T23:30:10.612+0700][21.871s][gc,phases   ] GC(46)   Post Evacuate Collection Set: 0.90ms
[2026-06-24T23:30:10.612+0700][21.871s][gc,phases   ] GC(46)   Other: 0.16ms
[2026-06-24T23:30:10.613+0700][21.871s][gc,heap     ] GC(46) Eden regions: 307->0(307)
[2026-06-24T23:30:10.613+0700][21.871s][gc,heap     ] GC(46) Survivor regions: 1->1(39)
[2026-06-24T23:30:10.613+0700][21.872s][gc,heap     ] GC(46) Old regions: 8->8
[2026-06-24T23:30:10.613+0700][21.872s][gc,heap     ] GC(46) Humongous regions: 0->0
[2026-06-24T23:30:10.613+0700][21.872s][gc,metaspace] GC(46) Metaspace: 27690K(28352K)->27690K(28352K) NonClass: 23826K(24192K)->23826K(24192K) Class: 3864K(4160K)->3864K(4160K)
[2026-06-24T23:30:10.613+0700][21.872s][gc          ] GC(46) Pause Young (Normal) (G1 Evacuation Pause) 628M->14M(1028M) 3.340ms
[2026-06-24T23:30:10.613+0700][21.872s][gc,cpu      ] GC(46) User=0.00s Sys=0.00s Real=0.00s
[2026-06-24T23:30:10.757+0700][22.016s][gc,start    ] GC(47) Pause Young (Normal) (G1 Evacuation Pause)
[2026-06-24T23:30:10.758+0700][22.016s][gc,task     ] GC(47) Using 13 workers of 13 for evacuation
[2026-06-24T23:30:10.760+0700][22.019s][gc,phases   ] GC(47)   Pre Evacuate Collection Set: 1.02ms
[2026-06-24T23:30:10.760+0700][22.020s][gc,phases   ] GC(47)   Merge Heap Roots: 0.38ms
[2026-06-24T23:30:10.761+0700][22.020s][gc,phases   ] GC(47)   Evacuate Collection Set: 0.64ms
[2026-06-24T23:30:10.761+0700][22.020s][gc,phases   ] GC(47)   Post Evacuate Collection Set: 0.78ms
[2026-06-24T23:30:10.761+0700][22.020s][gc,phases   ] GC(47)   Other: 0.18ms
[2026-06-24T23:30:10.761+0700][22.020s][gc,heap     ] GC(47) Eden regions: 307->0(307)
[2026-06-24T23:30:10.761+0700][22.020s][gc,heap     ] GC(47) Survivor regions: 1->1(39)
[2026-06-24T23:30:10.761+0700][22.020s][gc,heap     ] GC(47) Old regions: 8->8
[2026-06-24T23:30:10.761+0700][22.020s][gc,heap     ] GC(47) Humongous regions: 0->0
[2026-06-24T23:30:10.761+0700][22.020s][gc,metaspace] GC(47) Metaspace: 27690K(28352K)->27690K(28352K) NonClass: 23826K(24192K)->23826K(24192K) Class: 3864K(4160K)->3864K(4160K)
[2026-06-24T23:30:10.761+0700][22.020s][gc          ] GC(47) Pause Young (Normal) (G1 Evacuation Pause) 628M->14M(1028M) 3.826ms
[2026-06-24T23:30:10.761+0700][22.020s][gc,cpu      ] GC(47) User=0.08s Sys=0.00s Real=0.00s
[2026-06-24T23:30:10.880+0700][22.139s][gc,start    ] GC(48) Pause Young (Normal) (G1 Evacuation Pause)
[2026-06-24T23:30:10.880+0700][22.140s][gc,task     ] GC(48) Using 13 workers of 13 for evacuation
[2026-06-24T23:30:10.883+0700][22.142s][gc,phases   ] GC(48)   Pre Evacuate Collection Set: 0.43ms
[2026-06-24T23:30:10.883+0700][22.142s][gc,phases   ] GC(48)   Merge Heap Roots: 0.20ms
[2026-06-24T23:30:10.883+0700][22.142s][gc,phases   ] GC(48)   Evacuate Collection Set: 1.03ms
[2026-06-24T23:30:10.883+0700][22.142s][gc,phases   ] GC(48)   Post Evacuate Collection Set: 0.86ms
[2026-06-24T23:30:10.883+0700][22.142s][gc,phases   ] GC(48)   Other: 0.14ms
[2026-06-24T23:30:10.883+0700][22.142s][gc,heap     ] GC(48) Eden regions: 307->0(307)
[2026-06-24T23:30:10.883+0700][22.142s][gc,heap     ] GC(48) Survivor regions: 1->1(39)
[2026-06-24T23:30:10.883+0700][22.142s][gc,heap     ] GC(48) Old regions: 8->8
[2026-06-24T23:30:10.883+0700][22.142s][gc,heap     ] GC(48) Humongous regions: 0->0
[2026-06-24T23:30:10.883+0700][22.142s][gc,metaspace] GC(48) Metaspace: 27690K(28352K)->27690K(28352K) NonClass: 23826K(24192K)->23826K(24192K) Class: 3864K(4160K)->3864K(4160K)
[2026-06-24T23:30:10.883+0700][22.142s][gc          ] GC(48) Pause Young (Normal) (G1 Evacuation Pause) 628M->14M(1028M) 3.090ms
[2026-06-24T23:30:10.883+0700][22.142s][gc,cpu      ] GC(48) User=0.00s Sys=0.00s Real=0.00s
[2026-06-24T23:30:11.006+0700][22.265s][gc,start    ] GC(49) Pause Young (Normal) (G1 Evacuation Pause)
[2026-06-24T23:30:11.006+0700][22.265s][gc,task     ] GC(49) Using 13 workers of 13 for evacuation
[2026-06-24T23:30:11.008+0700][22.268s][gc,phases   ] GC(49)   Pre Evacuate Collection Set: 0.45ms
[2026-06-24T23:30:11.008+0700][22.268s][gc,phases   ] GC(49)   Merge Heap Roots: 0.27ms
[2026-06-24T23:30:11.008+0700][22.268s][gc,phases   ] GC(49)   Evacuate Collection Set: 0.58ms
[2026-06-24T23:30:11.008+0700][22.268s][gc,phases   ] GC(49)   Post Evacuate Collection Set: 0.71ms
[2026-06-24T23:30:11.008+0700][22.268s][gc,phases   ] GC(49)   Other: 0.17ms
[2026-06-24T23:30:11.009+0700][22.268s][gc,heap     ] GC(49) Eden regions: 307->0(307)
[2026-06-24T23:30:11.009+0700][22.268s][gc,heap     ] GC(49) Survivor regions: 1->1(39)
[2026-06-24T23:30:11.009+0700][22.268s][gc,heap     ] GC(49) Old regions: 8->8
[2026-06-24T23:30:11.009+0700][22.268s][gc,heap     ] GC(49) Humongous regions: 0->0
[2026-06-24T23:30:11.009+0700][22.268s][gc,metaspace] GC(49) Metaspace: 27690K(28352K)->27690K(28352K) NonClass: 23826K(24192K)->23826K(24192K) Class: 3864K(4160K)->3864K(4160K)
[2026-06-24T23:30:11.009+0700][22.268s][gc          ] GC(49) Pause Young (Normal) (G1 Evacuation Pause) 628M->14M(1028M) 2.835ms
[2026-06-24T23:30:11.009+0700][22.268s][gc,cpu      ] GC(49) User=0.00s Sys=0.00s Real=0.00s
[2026-06-24T23:30:11.136+0700][22.395s][gc,start    ] GC(50) Pause Young (Normal) (G1 Evacuation Pause)
[2026-06-24T23:30:11.136+0700][22.395s][gc,task     ] GC(50) Using 13 workers of 13 for evacuation
[2026-06-24T23:30:11.139+0700][22.399s][gc,phases   ] GC(50)   Pre Evacuate Collection Set: 0.37ms
[2026-06-24T23:30:11.139+0700][22.399s][gc,phases   ] GC(50)   Merge Heap Roots: 1.29ms
[2026-06-24T23:30:11.139+0700][22.399s][gc,phases   ] GC(50)   Evacuate Collection Set: 0.61ms
[2026-06-24T23:30:11.139+0700][22.399s][gc,phases   ] GC(50)   Post Evacuate Collection Set: 0.93ms
[2026-06-24T23:30:11.139+0700][22.399s][gc,phases   ] GC(50)   Other: 0.14ms
[2026-06-24T23:30:11.140+0700][22.399s][gc,heap     ] GC(50) Eden regions: 307->0(307)
[2026-06-24T23:30:11.140+0700][22.399s][gc,heap     ] GC(50) Survivor regions: 1->1(39)
[2026-06-24T23:30:11.140+0700][22.399s][gc,heap     ] GC(50) Old regions: 8->8
[2026-06-24T23:30:11.140+0700][22.399s][gc,heap     ] GC(50) Humongous regions: 0->0
[2026-06-24T23:30:11.140+0700][22.399s][gc,metaspace] GC(50) Metaspace: 27690K(28352K)->27690K(28352K) NonClass: 23826K(24192K)->23826K(24192K) Class: 3864K(4160K)->3864K(4160K)
[2026-06-24T23:30:11.140+0700][22.399s][gc          ] GC(50) Pause Young (Normal) (G1 Evacuation Pause) 628M->14M(1028M) 3.920ms
[2026-06-24T23:30:11.140+0700][22.399s][gc,cpu      ] GC(50) User=0.00s Sys=0.00s Real=0.00s
[2026-06-24T23:30:11.277+0700][22.536s][gc,start    ] GC(51) Pause Young (Normal) (G1 Evacuation Pause)
[2026-06-24T23:30:11.277+0700][22.536s][gc,task     ] GC(51) Using 13 workers of 13 for evacuation
[2026-06-24T23:30:11.279+0700][22.538s][gc,phases   ] GC(51)   Pre Evacuate Collection Set: 0.40ms
[2026-06-24T23:30:11.279+0700][22.538s][gc,phases   ] GC(51)   Merge Heap Roots: 0.21ms
[2026-06-24T23:30:11.279+0700][22.538s][gc,phases   ] GC(51)   Evacuate Collection Set: 0.52ms
[2026-06-24T23:30:11.279+0700][22.538s][gc,phases   ] GC(51)   Post Evacuate Collection Set: 0.94ms
[2026-06-24T23:30:11.279+0700][22.538s][gc,phases   ] GC(51)   Other: 0.14ms
[2026-06-24T23:30:11.279+0700][22.538s][gc,heap     ] GC(51) Eden regions: 307->0(307)
[2026-06-24T23:30:11.279+0700][22.538s][gc,heap     ] GC(51) Survivor regions: 1->1(39)
[2026-06-24T23:30:11.279+0700][22.538s][gc,heap     ] GC(51) Old regions: 8->8
[2026-06-24T23:30:11.280+0700][22.538s][gc,heap     ] GC(51) Humongous regions: 0->0
[2026-06-24T23:30:11.280+0700][22.539s][gc,metaspace] GC(51) Metaspace: 27690K(28352K)->27690K(28352K) NonClass: 23826K(24192K)->23826K(24192K) Class: 3864K(4160K)->3864K(4160K)
[2026-06-24T23:30:11.280+0700][22.539s][gc          ] GC(51) Pause Young (Normal) (G1 Evacuation Pause) 628M->14M(1028M) 2.741ms
[2026-06-24T23:30:11.280+0700][22.539s][gc,cpu      ] GC(51) User=0.00s Sys=0.00s Real=0.00s
[2026-06-24T23:30:11.416+0700][22.675s][gc,start    ] GC(52) Pause Young (Normal) (G1 Evacuation Pause)
[2026-06-24T23:30:11.416+0700][22.675s][gc,task     ] GC(52) Using 13 workers of 13 for evacuation
[2026-06-24T23:30:11.418+0700][22.678s][gc,phases   ] GC(52)   Pre Evacuate Collection Set: 0.41ms
[2026-06-24T23:30:11.418+0700][22.678s][gc,phases   ] GC(52)   Merge Heap Roots: 0.21ms
[2026-06-24T23:30:11.418+0700][22.678s][gc,phases   ] GC(52)   Evacuate Collection Set: 0.46ms
[2026-06-24T23:30:11.418+0700][22.678s][gc,phases   ] GC(52)   Post Evacuate Collection Set: 0.82ms
[2026-06-24T23:30:11.418+0700][22.678s][gc,phases   ] GC(52)   Other: 0.15ms
[2026-06-24T23:30:11.418+0700][22.678s][gc,heap     ] GC(52) Eden regions: 307->0(307)
[2026-06-24T23:30:11.418+0700][22.678s][gc,heap     ] GC(52) Survivor regions: 1->1(39)
[2026-06-24T23:30:11.418+0700][22.678s][gc,heap     ] GC(52) Old regions: 8->8
[2026-06-24T23:30:11.418+0700][22.678s][gc,heap     ] GC(52) Humongous regions: 0->0
[2026-06-24T23:30:11.418+0700][22.678s][gc,metaspace] GC(52) Metaspace: 27690K(28352K)->27690K(28352K) NonClass: 23826K(24192K)->23826K(24192K) Class: 3864K(4160K)->3864K(4160K)
[2026-06-24T23:30:11.418+0700][22.678s][gc          ] GC(52) Pause Young (Normal) (G1 Evacuation Pause) 628M->14M(1028M) 2.612ms
[2026-06-24T23:30:11.418+0700][22.678s][gc,cpu      ] GC(52) User=0.00s Sys=0.00s Real=0.00s
[2026-06-24T23:30:11.546+0700][22.806s][gc,start    ] GC(53) Pause Young (Normal) (G1 Evacuation Pause)
[2026-06-24T23:30:11.546+0700][22.806s][gc,task     ] GC(53) Using 13 workers of 13 for evacuation
[2026-06-24T23:30:11.549+0700][22.808s][gc,phases   ] GC(53)   Pre Evacuate Collection Set: 0.36ms
[2026-06-24T23:30:11.549+0700][22.808s][gc,phases   ] GC(53)   Merge Heap Roots: 0.21ms
[2026-06-24T23:30:11.549+0700][22.808s][gc,phases   ] GC(53)   Evacuate Collection Set: 0.58ms
[2026-06-24T23:30:11.549+0700][22.808s][gc,phases   ] GC(53)   Post Evacuate Collection Set: 1.01ms
[2026-06-24T23:30:11.549+0700][22.808s][gc,phases   ] GC(53)   Other: 0.13ms
[2026-06-24T23:30:11.550+0700][22.808s][gc,heap     ] GC(53) Eden regions: 307->0(307)
[2026-06-24T23:30:11.550+0700][22.808s][gc,heap     ] GC(53) Survivor regions: 1->1(39)
[2026-06-24T23:30:11.550+0700][22.808s][gc,heap     ] GC(53) Old regions: 8->8
[2026-06-24T23:30:11.550+0700][22.808s][gc,heap     ] GC(53) Humongous regions: 0->0
[2026-06-24T23:30:11.550+0700][22.808s][gc,metaspace] GC(53) Metaspace: 27690K(28352K)->27690K(28352K) NonClass: 23826K(24192K)->23826K(24192K) Class: 3864K(4160K)->3864K(4160K)
[2026-06-24T23:30:11.550+0700][22.808s][gc          ] GC(53) Pause Young (Normal) (G1 Evacuation Pause) 628M->14M(1028M) 2.807ms
[2026-06-24T23:30:11.550+0700][22.808s][gc,cpu      ] GC(53) User=0.00s Sys=0.00s Real=0.00s
[2026-06-24T23:30:11.670+0700][22.929s][gc,start    ] GC(54) Pause Young (Normal) (G1 Evacuation Pause)
[2026-06-24T23:30:11.670+0700][22.929s][gc,task     ] GC(54) Using 13 workers of 13 for evacuation
[2026-06-24T23:30:11.673+0700][22.932s][gc,phases   ] GC(54)   Pre Evacuate Collection Set: 0.41ms
[2026-06-24T23:30:11.673+0700][22.932s][gc,phases   ] GC(54)   Merge Heap Roots: 0.20ms
[2026-06-24T23:30:11.673+0700][22.932s][gc,phases   ] GC(54)   Evacuate Collection Set: 0.77ms
[2026-06-24T23:30:11.673+0700][22.933s][gc,phases   ] GC(54)   Post Evacuate Collection Set: 1.64ms
[2026-06-24T23:30:11.673+0700][22.933s][gc,phases   ] GC(54)   Other: 0.16ms
[2026-06-24T23:30:11.673+0700][22.933s][gc,heap     ] GC(54) Eden regions: 307->0(307)
[2026-06-24T23:30:11.673+0700][22.933s][gc,heap     ] GC(54) Survivor regions: 1->1(39)
[2026-06-24T23:30:11.673+0700][22.933s][gc,heap     ] GC(54) Old regions: 8->8
[2026-06-24T23:30:11.673+0700][22.933s][gc,heap     ] GC(54) Humongous regions: 0->0
[2026-06-24T23:30:11.673+0700][22.933s][gc,metaspace] GC(54) Metaspace: 27690K(28352K)->27690K(28352K) NonClass: 23826K(24192K)->23826K(24192K) Class: 3864K(4160K)->3864K(4160K)
[2026-06-24T23:30:11.673+0700][22.933s][gc          ] GC(54) Pause Young (Normal) (G1 Evacuation Pause) 628M->14M(1028M) 3.786ms
[2026-06-24T23:30:11.674+0700][22.933s][gc,cpu      ] GC(54) User=0.00s Sys=0.00s Real=0.00s
[2026-06-24T23:30:11.772+0700][23.031s][gc,start    ] GC(55) Pause Young (Normal) (G1 Evacuation Pause)
[2026-06-24T23:30:11.772+0700][23.032s][gc,task     ] GC(55) Using 13 workers of 13 for evacuation
[2026-06-24T23:30:11.775+0700][23.034s][gc,phases   ] GC(55)   Pre Evacuate Collection Set: 0.45ms
[2026-06-24T23:30:11.775+0700][23.034s][gc,phases   ] GC(55)   Merge Heap Roots: 0.26ms
[2026-06-24T23:30:11.775+0700][23.034s][gc,phases   ] GC(55)   Evacuate Collection Set: 0.52ms
[2026-06-24T23:30:11.775+0700][23.034s][gc,phases   ] GC(55)   Post Evacuate Collection Set: 0.83ms
[2026-06-24T23:30:11.775+0700][23.034s][gc,phases   ] GC(55)   Other: 0.16ms
[2026-06-24T23:30:11.775+0700][23.034s][gc,heap     ] GC(55) Eden regions: 307->0(307)
[2026-06-24T23:30:11.775+0700][23.034s][gc,heap     ] GC(55) Survivor regions: 1->1(39)
[2026-06-24T23:30:11.775+0700][23.034s][gc,heap     ] GC(55) Old regions: 8->8
[2026-06-24T23:30:11.775+0700][23.034s][gc,heap     ] GC(55) Humongous regions: 0->0
[2026-06-24T23:30:11.775+0700][23.034s][gc,metaspace] GC(55) Metaspace: 27690K(28352K)->27690K(28352K) NonClass: 23826K(24192K)->23826K(24192K) Class: 3864K(4160K)->3864K(4160K)
[2026-06-24T23:30:11.775+0700][23.034s][gc          ] GC(55) Pause Young (Normal) (G1 Evacuation Pause) 628M->14M(1028M) 2.736ms
[2026-06-24T23:30:11.775+0700][23.034s][gc,cpu      ] GC(55) User=0.03s Sys=0.00s Real=0.00s
[2026-06-24T23:30:11.883+0700][23.142s][gc,start    ] GC(56) Pause Young (Normal) (G1 Evacuation Pause)
[2026-06-24T23:30:11.883+0700][23.143s][gc,task     ] GC(56) Using 13 workers of 13 for evacuation
[2026-06-24T23:30:11.886+0700][23.145s][gc,phases   ] GC(56)   Pre Evacuate Collection Set: 0.31ms
[2026-06-24T23:30:11.886+0700][23.145s][gc,phases   ] GC(56)   Merge Heap Roots: 0.22ms
[2026-06-24T23:30:11.886+0700][23.145s][gc,phases   ] GC(56)   Evacuate Collection Set: 0.47ms
[2026-06-24T23:30:11.886+0700][23.145s][gc,phases   ] GC(56)   Post Evacuate Collection Set: 0.88ms
[2026-06-24T23:30:11.886+0700][23.145s][gc,phases   ] GC(56)   Other: 0.13ms
[2026-06-24T23:30:11.886+0700][23.145s][gc,heap     ] GC(56) Eden regions: 307->0(307)
[2026-06-24T23:30:11.886+0700][23.145s][gc,heap     ] GC(56) Survivor regions: 1->1(39)
[2026-06-24T23:30:11.886+0700][23.145s][gc,heap     ] GC(56) Old regions: 8->8
[2026-06-24T23:30:11.886+0700][23.145s][gc,heap     ] GC(56) Humongous regions: 0->0
[2026-06-24T23:30:11.886+0700][23.145s][gc,metaspace] GC(56) Metaspace: 27690K(28352K)->27690K(28352K) NonClass: 23826K(24192K)->23826K(24192K) Class: 3864K(4160K)->3864K(4160K)
[2026-06-24T23:30:11.886+0700][23.145s][gc          ] GC(56) Pause Young (Normal) (G1 Evacuation Pause) 628M->14M(1028M) 2.536ms
[2026-06-24T23:30:11.886+0700][23.145s][gc,cpu      ] GC(56) User=0.00s Sys=0.02s Real=0.00s
[2026-06-24T23:30:12.003+0700][23.262s][gc,start    ] GC(57) Pause Young (Normal) (G1 Evacuation Pause)
[2026-06-24T23:30:12.003+0700][23.262s][gc,task     ] GC(57) Using 13 workers of 13 for evacuation
[2026-06-24T23:30:12.005+0700][23.264s][gc,phases   ] GC(57)   Pre Evacuate Collection Set: 0.46ms
[2026-06-24T23:30:12.005+0700][23.264s][gc,phases   ] GC(57)   Merge Heap Roots: 0.30ms
[2026-06-24T23:30:12.005+0700][23.264s][gc,phases   ] GC(57)   Evacuate Collection Set: 0.50ms
[2026-06-24T23:30:12.005+0700][23.264s][gc,phases   ] GC(57)   Post Evacuate Collection Set: 0.94ms
[2026-06-24T23:30:12.005+0700][23.264s][gc,phases   ] GC(57)   Other: 0.20ms
[2026-06-24T23:30:12.005+0700][23.265s][gc,heap     ] GC(57) Eden regions: 307->0(307)
[2026-06-24T23:30:12.005+0700][23.265s][gc,heap     ] GC(57) Survivor regions: 1->1(39)
[2026-06-24T23:30:12.005+0700][23.265s][gc,heap     ] GC(57) Old regions: 8->8
[2026-06-24T23:30:12.005+0700][23.265s][gc,heap     ] GC(57) Humongous regions: 0->0
[2026-06-24T23:30:12.005+0700][23.265s][gc,metaspace] GC(57) Metaspace: 27690K(28352K)->27690K(28352K) NonClass: 23826K(24192K)->23826K(24192K) Class: 3864K(4160K)->3864K(4160K)
[2026-06-24T23:30:12.005+0700][23.265s][gc          ] GC(57) Pause Young (Normal) (G1 Evacuation Pause) 628M->14M(1028M) 2.916ms
[2026-06-24T23:30:12.005+0700][23.265s][gc,cpu      ] GC(57) User=0.00s Sys=0.00s Real=0.00s
[2026-06-24T23:30:12.144+0700][23.403s][gc,start    ] GC(58) Pause Young (Normal) (G1 Evacuation Pause)
[2026-06-24T23:30:12.144+0700][23.403s][gc,task     ] GC(58) Using 13 workers of 13 for evacuation
[2026-06-24T23:30:12.148+0700][23.407s][gc,phases   ] GC(58)   Pre Evacuate Collection Set: 0.38ms
[2026-06-24T23:30:12.148+0700][23.407s][gc,phases   ] GC(58)   Merge Heap Roots: 0.19ms
[2026-06-24T23:30:12.148+0700][23.407s][gc,phases   ] GC(58)   Evacuate Collection Set: 0.58ms
[2026-06-24T23:30:12.148+0700][23.407s][gc,phases   ] GC(58)   Post Evacuate Collection Set: 1.94ms
[2026-06-24T23:30:12.148+0700][23.407s][gc,phases   ] GC(58)   Other: 0.15ms
[2026-06-24T23:30:12.148+0700][23.407s][gc,heap     ] GC(58) Eden regions: 307->0(307)
[2026-06-24T23:30:12.148+0700][23.407s][gc,heap     ] GC(58) Survivor regions: 1->1(39)
[2026-06-24T23:30:12.148+0700][23.407s][gc,heap     ] GC(58) Old regions: 8->8
[2026-06-24T23:30:12.148+0700][23.407s][gc,heap     ] GC(58) Humongous regions: 0->0
[2026-06-24T23:30:12.148+0700][23.407s][gc,metaspace] GC(58) Metaspace: 27690K(28352K)->27690K(28352K) NonClass: 23826K(24192K)->23826K(24192K) Class: 3864K(4160K)->3864K(4160K)
[2026-06-24T23:30:12.148+0700][23.407s][gc          ] GC(58) Pause Young (Normal) (G1 Evacuation Pause) 628M->14M(1028M) 3.960ms
[2026-06-24T23:30:12.148+0700][23.407s][gc,cpu      ] GC(58) User=0.00s Sys=0.00s Real=0.00s
[2026-06-24T23:30:12.275+0700][23.533s][gc,start    ] GC(59) Pause Young (Normal) (G1 Evacuation Pause)
[2026-06-24T23:30:12.275+0700][23.533s][gc,task     ] GC(59) Using 13 workers of 13 for evacuation
[2026-06-24T23:30:12.277+0700][23.535s][gc,phases   ] GC(59)   Pre Evacuate Collection Set: 0.28ms
[2026-06-24T23:30:12.277+0700][23.535s][gc,phases   ] GC(59)   Merge Heap Roots: 0.18ms
[2026-06-24T23:30:12.277+0700][23.535s][gc,phases   ] GC(59)   Evacuate Collection Set: 0.58ms
[2026-06-24T23:30:12.277+0700][23.535s][gc,phases   ] GC(59)   Post Evacuate Collection Set: 0.73ms
[2026-06-24T23:30:12.277+0700][23.535s][gc,phases   ] GC(59)   Other: 0.15ms
[2026-06-24T23:30:12.277+0700][23.536s][gc,heap     ] GC(59) Eden regions: 307->0(307)
[2026-06-24T23:30:12.277+0700][23.536s][gc,heap     ] GC(59) Survivor regions: 1->1(39)
[2026-06-24T23:30:12.277+0700][23.536s][gc,heap     ] GC(59) Old regions: 8->8
[2026-06-24T23:30:12.277+0700][23.536s][gc,heap     ] GC(59) Humongous regions: 0->0
[2026-06-24T23:30:12.277+0700][23.536s][gc,metaspace] GC(59) Metaspace: 27690K(28352K)->27690K(28352K) NonClass: 23826K(24192K)->23826K(24192K) Class: 3864K(4160K)->3864K(4160K)
[2026-06-24T23:30:12.277+0700][23.536s][gc          ] GC(59) Pause Young (Normal) (G1 Evacuation Pause) 628M->14M(1028M) 2.479ms
[2026-06-24T23:30:12.277+0700][23.536s][gc,cpu      ] GC(59) User=0.20s Sys=0.00s Real=0.00s
[2026-06-24T23:30:12.407+0700][23.666s][gc,start    ] GC(60) Pause Young (Normal) (G1 Evacuation Pause)
[2026-06-24T23:30:12.408+0700][23.667s][gc,task     ] GC(60) Using 13 workers of 13 for evacuation
[2026-06-24T23:30:12.410+0700][23.669s][gc,phases   ] GC(60)   Pre Evacuate Collection Set: 0.37ms
[2026-06-24T23:30:12.410+0700][23.669s][gc,phases   ] GC(60)   Merge Heap Roots: 0.25ms
[2026-06-24T23:30:12.410+0700][23.669s][gc,phases   ] GC(60)   Evacuate Collection Set: 0.47ms
[2026-06-24T23:30:12.410+0700][23.669s][gc,phases   ] GC(60)   Post Evacuate Collection Set: 0.79ms
[2026-06-24T23:30:12.410+0700][23.669s][gc,phases   ] GC(60)   Other: 0.25ms
[2026-06-24T23:30:12.410+0700][23.669s][gc,heap     ] GC(60) Eden regions: 307->0(307)
[2026-06-24T23:30:12.410+0700][23.669s][gc,heap     ] GC(60) Survivor regions: 1->1(39)
[2026-06-24T23:30:12.410+0700][23.669s][gc,heap     ] GC(60) Old regions: 8->8
[2026-06-24T23:30:12.410+0700][23.669s][gc,heap     ] GC(60) Humongous regions: 0->0
[2026-06-24T23:30:12.410+0700][23.669s][gc,metaspace] GC(60) Metaspace: 27690K(28352K)->27690K(28352K) NonClass: 23826K(24192K)->23826K(24192K) Class: 3864K(4160K)->3864K(4160K)
[2026-06-24T23:30:12.410+0700][23.669s][gc          ] GC(60) Pause Young (Normal) (G1 Evacuation Pause) 628M->14M(1028M) 2.750ms
[2026-06-24T23:30:12.410+0700][23.669s][gc,cpu      ] GC(60) User=0.00s Sys=0.00s Real=0.00s
[2026-06-24T23:30:12.530+0700][23.789s][gc,start    ] GC(61) Pause Young (Normal) (G1 Evacuation Pause)
[2026-06-24T23:30:12.530+0700][23.790s][gc,task     ] GC(61) Using 13 workers of 13 for evacuation
[2026-06-24T23:30:12.533+0700][23.792s][gc,phases   ] GC(61)   Pre Evacuate Collection Set: 0.33ms
[2026-06-24T23:30:12.533+0700][23.792s][gc,phases   ] GC(61)   Merge Heap Roots: 0.27ms
[2026-06-24T23:30:12.533+0700][23.792s][gc,phases   ] GC(61)   Evacuate Collection Set: 0.49ms
[2026-06-24T23:30:12.533+0700][23.792s][gc,phases   ] GC(61)   Post Evacuate Collection Set: 0.84ms
[2026-06-24T23:30:12.533+0700][23.792s][gc,phases   ] GC(61)   Other: 0.27ms
[2026-06-24T23:30:12.533+0700][23.792s][gc,heap     ] GC(61) Eden regions: 307->0(307)
[2026-06-24T23:30:12.533+0700][23.792s][gc,heap     ] GC(61) Survivor regions: 1->1(39)
[2026-06-24T23:30:12.533+0700][23.792s][gc,heap     ] GC(61) Old regions: 8->8
[2026-06-24T23:30:12.533+0700][23.792s][gc,heap     ] GC(61) Humongous regions: 0->0
[2026-06-24T23:30:12.533+0700][23.792s][gc,metaspace] GC(61) Metaspace: 27690K(28352K)->27690K(28352K) NonClass: 23826K(24192K)->23826K(24192K) Class: 3864K(4160K)->3864K(4160K)
[2026-06-24T23:30:12.533+0700][23.792s][gc          ] GC(61) Pause Young (Normal) (G1 Evacuation Pause) 628M->14M(1028M) 2.616ms
[2026-06-24T23:30:12.533+0700][23.792s][gc,cpu      ] GC(61) User=0.00s Sys=0.00s Real=0.00s
[2026-06-24T23:30:12.647+0700][23.906s][gc,start    ] GC(62) Pause Young (Normal) (G1 Evacuation Pause)
[2026-06-24T23:30:12.647+0700][23.906s][gc,task     ] GC(62) Using 13 workers of 13 for evacuation
[2026-06-24T23:30:12.649+0700][23.908s][gc,phases   ] GC(62)   Pre Evacuate Collection Set: 0.37ms
[2026-06-24T23:30:12.649+0700][23.908s][gc,phases   ] GC(62)   Merge Heap Roots: 0.25ms
[2026-06-24T23:30:12.649+0700][23.908s][gc,phases   ] GC(62)   Evacuate Collection Set: 0.39ms
[2026-06-24T23:30:12.649+0700][23.908s][gc,phases   ] GC(62)   Post Evacuate Collection Set: 0.67ms
[2026-06-24T23:30:12.649+0700][23.908s][gc,phases   ] GC(62)   Other: 0.13ms
[2026-06-24T23:30:12.649+0700][23.908s][gc,heap     ] GC(62) Eden regions: 307->0(307)
[2026-06-24T23:30:12.649+0700][23.908s][gc,heap     ] GC(62) Survivor regions: 1->1(39)
[2026-06-24T23:30:12.649+0700][23.908s][gc,heap     ] GC(62) Old regions: 8->8
[2026-06-24T23:30:12.649+0700][23.908s][gc,heap     ] GC(62) Humongous regions: 0->0
[2026-06-24T23:30:12.649+0700][23.908s][gc,metaspace] GC(62) Metaspace: 27690K(28352K)->27690K(28352K) NonClass: 23826K(24192K)->23826K(24192K) Class: 3864K(4160K)->3864K(4160K)
[2026-06-24T23:30:12.649+0700][23.908s][gc          ] GC(62) Pause Young (Normal) (G1 Evacuation Pause) 628M->14M(1028M) 2.304ms
[2026-06-24T23:30:12.649+0700][23.908s][gc,cpu      ] GC(62) User=0.00s Sys=0.00s Real=0.00s
[2026-06-24T23:30:12.767+0700][24.026s][gc,start    ] GC(63) Pause Young (Normal) (G1 Evacuation Pause)
[2026-06-24T23:30:12.767+0700][24.026s][gc,task     ] GC(63) Using 13 workers of 13 for evacuation
[2026-06-24T23:30:12.769+0700][24.028s][gc,phases   ] GC(63)   Pre Evacuate Collection Set: 0.41ms
[2026-06-24T23:30:12.769+0700][24.028s][gc,phases   ] GC(63)   Merge Heap Roots: 0.21ms
[2026-06-24T23:30:12.769+0700][24.028s][gc,phases   ] GC(63)   Evacuate Collection Set: 0.48ms
[2026-06-24T23:30:12.769+0700][24.028s][gc,phases   ] GC(63)   Post Evacuate Collection Set: 0.84ms
[2026-06-24T23:30:12.769+0700][24.028s][gc,phases   ] GC(63)   Other: 0.15ms
[2026-06-24T23:30:12.769+0700][24.028s][gc,heap     ] GC(63) Eden regions: 307->0(307)
[2026-06-24T23:30:12.769+0700][24.028s][gc,heap     ] GC(63) Survivor regions: 1->1(39)
[2026-06-24T23:30:12.769+0700][24.028s][gc,heap     ] GC(63) Old regions: 8->8
[2026-06-24T23:30:12.769+0700][24.028s][gc,heap     ] GC(63) Humongous regions: 0->0
[2026-06-24T23:30:12.769+0700][24.028s][gc,metaspace] GC(63) Metaspace: 27690K(28352K)->27690K(28352K) NonClass: 23826K(24192K)->23826K(24192K) Class: 3864K(4160K)->3864K(4160K)
[2026-06-24T23:30:12.769+0700][24.028s][gc          ] GC(63) Pause Young (Normal) (G1 Evacuation Pause) 628M->14M(1028M) 2.576ms
[2026-06-24T23:30:12.769+0700][24.028s][gc,cpu      ] GC(63) User=0.00s Sys=0.00s Real=0.00s
[2026-06-24T23:30:12.889+0700][24.147s][gc,start    ] GC(64) Pause Young (Normal) (G1 Evacuation Pause)
[2026-06-24T23:30:12.889+0700][24.148s][gc,task     ] GC(64) Using 13 workers of 13 for evacuation
[2026-06-24T23:30:12.891+0700][24.150s][gc,phases   ] GC(64)   Pre Evacuate Collection Set: 0.37ms
[2026-06-24T23:30:12.891+0700][24.150s][gc,phases   ] GC(64)   Merge Heap Roots: 0.30ms
[2026-06-24T23:30:12.891+0700][24.150s][gc,phases   ] GC(64)   Evacuate Collection Set: 0.53ms
[2026-06-24T23:30:12.891+0700][24.150s][gc,phases   ] GC(64)   Post Evacuate Collection Set: 1.03ms
[2026-06-24T23:30:12.891+0700][24.150s][gc,phases   ] GC(64)   Other: 0.15ms
[2026-06-24T23:30:12.891+0700][24.150s][gc,heap     ] GC(64) Eden regions: 307->0(307)
[2026-06-24T23:30:12.891+0700][24.150s][gc,heap     ] GC(64) Survivor regions: 1->1(39)
[2026-06-24T23:30:12.891+0700][24.150s][gc,heap     ] GC(64) Old regions: 8->8
[2026-06-24T23:30:12.891+0700][24.150s][gc,heap     ] GC(64) Humongous regions: 0->0
[2026-06-24T23:30:12.891+0700][24.150s][gc,metaspace] GC(64) Metaspace: 27690K(28352K)->27690K(28352K) NonClass: 23826K(24192K)->23826K(24192K) Class: 3864K(4160K)->3864K(4160K)
[2026-06-24T23:30:12.891+0700][24.150s][gc          ] GC(64) Pause Young (Normal) (G1 Evacuation Pause) 628M->14M(1028M) 2.857ms
[2026-06-24T23:30:12.891+0700][24.150s][gc,cpu      ] GC(64) User=0.00s Sys=0.00s Real=0.00s
[2026-06-24T23:30:13.004+0700][24.263s][gc,start    ] GC(65) Pause Young (Normal) (G1 Evacuation Pause)
[2026-06-24T23:30:13.004+0700][24.263s][gc,task     ] GC(65) Using 13 workers of 13 for evacuation
[2026-06-24T23:30:13.006+0700][24.265s][gc,phases   ] GC(65)   Pre Evacuate Collection Set: 0.35ms
[2026-06-24T23:30:13.006+0700][24.266s][gc,phases   ] GC(65)   Merge Heap Roots: 0.21ms
[2026-06-24T23:30:13.006+0700][24.266s][gc,phases   ] GC(65)   Evacuate Collection Set: 0.54ms
[2026-06-24T23:30:13.006+0700][24.266s][gc,phases   ] GC(65)   Post Evacuate Collection Set: 0.97ms
[2026-06-24T23:30:13.006+0700][24.266s][gc,phases   ] GC(65)   Other: 0.32ms
[2026-06-24T23:30:13.007+0700][24.266s][gc,heap     ] GC(65) Eden regions: 307->0(307)
[2026-06-24T23:30:13.007+0700][24.266s][gc,heap     ] GC(65) Survivor regions: 1->1(39)
[2026-06-24T23:30:13.007+0700][24.266s][gc,heap     ] GC(65) Old regions: 8->8
[2026-06-24T23:30:13.007+0700][24.266s][gc,heap     ] GC(65) Humongous regions: 0->0
[2026-06-24T23:30:13.007+0700][24.266s][gc,metaspace] GC(65) Metaspace: 27690K(28352K)->27690K(28352K) NonClass: 23826K(24192K)->23826K(24192K) Class: 3864K(4160K)->3864K(4160K)
[2026-06-24T23:30:13.007+0700][24.266s][gc          ] GC(65) Pause Young (Normal) (G1 Evacuation Pause) 628M->14M(1028M) 3.061ms
[2026-06-24T23:30:13.007+0700][24.266s][gc,cpu      ] GC(65) User=0.00s Sys=0.00s Real=0.00s
[2026-06-24T23:30:13.118+0700][24.377s][gc,start    ] GC(66) Pause Young (Normal) (G1 Evacuation Pause)
[2026-06-24T23:30:13.118+0700][24.377s][gc,task     ] GC(66) Using 13 workers of 13 for evacuation
[2026-06-24T23:30:13.120+0700][24.379s][gc,phases   ] GC(66)   Pre Evacuate Collection Set: 0.42ms
[2026-06-24T23:30:13.120+0700][24.379s][gc,phases   ] GC(66)   Merge Heap Roots: 0.22ms
[2026-06-24T23:30:13.120+0700][24.379s][gc,phases   ] GC(66)   Evacuate Collection Set: 0.65ms
[2026-06-24T23:30:13.120+0700][24.379s][gc,phases   ] GC(66)   Post Evacuate Collection Set: 0.78ms
[2026-06-24T23:30:13.120+0700][24.379s][gc,phases   ] GC(66)   Other: 0.13ms
[2026-06-24T23:30:13.120+0700][24.379s][gc,heap     ] GC(66) Eden regions: 307->0(307)
[2026-06-24T23:30:13.120+0700][24.379s][gc,heap     ] GC(66) Survivor regions: 1->1(39)
[2026-06-24T23:30:13.120+0700][24.379s][gc,heap     ] GC(66) Old regions: 8->8
[2026-06-24T23:30:13.120+0700][24.379s][gc,heap     ] GC(66) Humongous regions: 0->0
[2026-06-24T23:30:13.120+0700][24.379s][gc,metaspace] GC(66) Metaspace: 27690K(28352K)->27690K(28352K) NonClass: 23826K(24192K)->23826K(24192K) Class: 3864K(4160K)->3864K(4160K)
[2026-06-24T23:30:13.121+0700][24.379s][gc          ] GC(66) Pause Young (Normal) (G1 Evacuation Pause) 628M->14M(1028M) 2.748ms
[2026-06-24T23:30:13.121+0700][24.379s][gc,cpu      ] GC(66) User=0.03s Sys=0.08s Real=0.00s
[2026-06-24T23:30:13.247+0700][24.506s][gc,start    ] GC(67) Pause Young (Normal) (G1 Evacuation Pause)
[2026-06-24T23:30:13.247+0700][24.506s][gc,task     ] GC(67) Using 13 workers of 13 for evacuation
[2026-06-24T23:30:13.249+0700][24.508s][gc,phases   ] GC(67)   Pre Evacuate Collection Set: 0.35ms
[2026-06-24T23:30:13.249+0700][24.508s][gc,phases   ] GC(67)   Merge Heap Roots: 0.16ms
[2026-06-24T23:30:13.249+0700][24.508s][gc,phases   ] GC(67)   Evacuate Collection Set: 0.76ms
[2026-06-24T23:30:13.249+0700][24.508s][gc,phases   ] GC(67)   Post Evacuate Collection Set: 0.70ms
[2026-06-24T23:30:13.249+0700][24.508s][gc,phases   ] GC(67)   Other: 0.15ms
[2026-06-24T23:30:13.249+0700][24.508s][gc,heap     ] GC(67) Eden regions: 307->0(307)
[2026-06-24T23:30:13.249+0700][24.508s][gc,heap     ] GC(67) Survivor regions: 1->1(39)
[2026-06-24T23:30:13.249+0700][24.508s][gc,heap     ] GC(67) Old regions: 8->8
[2026-06-24T23:30:13.249+0700][24.508s][gc,heap     ] GC(67) Humongous regions: 0->0
[2026-06-24T23:30:13.249+0700][24.508s][gc,metaspace] GC(67) Metaspace: 27690K(28352K)->27690K(28352K) NonClass: 23826K(24192K)->23826K(24192K) Class: 3864K(4160K)->3864K(4160K)
[2026-06-24T23:30:13.249+0700][24.508s][gc          ] GC(67) Pause Young (Normal) (G1 Evacuation Pause) 628M->14M(1028M) 2.677ms
[2026-06-24T23:30:13.249+0700][24.508s][gc,cpu      ] GC(67) User=0.00s Sys=0.00s Real=0.00s
[2026-06-24T23:30:13.358+0700][24.616s][gc,start    ] GC(68) Pause Young (Normal) (G1 Evacuation Pause)
[2026-06-24T23:30:13.358+0700][24.617s][gc,task     ] GC(68) Using 13 workers of 13 for evacuation
[2026-06-24T23:30:13.359+0700][24.619s][gc,phases   ] GC(68)   Pre Evacuate Collection Set: 0.44ms
[2026-06-24T23:30:13.359+0700][24.619s][gc,phases   ] GC(68)   Merge Heap Roots: 0.17ms
[2026-06-24T23:30:13.359+0700][24.619s][gc,phases   ] GC(68)   Evacuate Collection Set: 0.49ms
[2026-06-24T23:30:13.359+0700][24.619s][gc,phases   ] GC(68)   Post Evacuate Collection Set: 0.72ms
[2026-06-24T23:30:13.359+0700][24.619s][gc,phases   ] GC(68)   Other: 0.12ms
[2026-06-24T23:30:13.359+0700][24.619s][gc,heap     ] GC(68) Eden regions: 307->0(307)
[2026-06-24T23:30:13.359+0700][24.619s][gc,heap     ] GC(68) Survivor regions: 1->1(39)
[2026-06-24T23:30:13.359+0700][24.619s][gc,heap     ] GC(68) Old regions: 8->8
[2026-06-24T23:30:13.359+0700][24.619s][gc,heap     ] GC(68) Humongous regions: 0->0
[2026-06-24T23:30:13.359+0700][24.619s][gc,metaspace] GC(68) Metaspace: 27690K(28352K)->27690K(28352K) NonClass: 23826K(24192K)->23826K(24192K) Class: 3864K(4160K)->3864K(4160K)
[2026-06-24T23:30:13.359+0700][24.619s][gc          ] GC(68) Pause Young (Normal) (G1 Evacuation Pause) 628M->14M(1028M) 2.424ms
[2026-06-24T23:30:13.359+0700][24.619s][gc,cpu      ] GC(68) User=0.00s Sys=0.00s Real=0.00s
[2026-06-24T23:30:13.462+0700][24.721s][gc,start    ] GC(69) Pause Young (Normal) (G1 Evacuation Pause)
[2026-06-24T23:30:13.462+0700][24.721s][gc,task     ] GC(69) Using 13 workers of 13 for evacuation
[2026-06-24T23:30:13.464+0700][24.723s][gc,phases   ] GC(69)   Pre Evacuate Collection Set: 0.40ms
[2026-06-24T23:30:13.464+0700][24.723s][gc,phases   ] GC(69)   Merge Heap Roots: 0.28ms
[2026-06-24T23:30:13.464+0700][24.723s][gc,phases   ] GC(69)   Evacuate Collection Set: 0.54ms
[2026-06-24T23:30:13.464+0700][24.724s][gc,phases   ] GC(69)   Post Evacuate Collection Set: 0.80ms
[2026-06-24T23:30:13.464+0700][24.724s][gc,phases   ] GC(69)   Other: 0.17ms
[2026-06-24T23:30:13.464+0700][24.724s][gc,heap     ] GC(69) Eden regions: 307->0(307)
[2026-06-24T23:30:13.464+0700][24.724s][gc,heap     ] GC(69) Survivor regions: 1->1(39)
[2026-06-24T23:30:13.464+0700][24.724s][gc,heap     ] GC(69) Old regions: 8->8
[2026-06-24T23:30:13.464+0700][24.724s][gc,heap     ] GC(69) Humongous regions: 0->0
[2026-06-24T23:30:13.464+0700][24.724s][gc,metaspace] GC(69) Metaspace: 27690K(28352K)->27690K(28352K) NonClass: 23826K(24192K)->23826K(24192K) Class: 3864K(4160K)->3864K(4160K)
[2026-06-24T23:30:13.464+0700][24.724s][gc          ] GC(69) Pause Young (Normal) (G1 Evacuation Pause) 628M->14M(1028M) 2.785ms
[2026-06-24T23:30:13.464+0700][24.724s][gc,cpu      ] GC(69) User=0.00s Sys=0.02s Real=0.00s
[2026-06-24T23:30:13.570+0700][24.829s][gc,start    ] GC(70) Pause Young (Normal) (G1 Evacuation Pause)
[2026-06-24T23:30:13.570+0700][24.829s][gc,task     ] GC(70) Using 13 workers of 13 for evacuation
[2026-06-24T23:30:13.573+0700][24.832s][gc,phases   ] GC(70)   Pre Evacuate Collection Set: 0.48ms
[2026-06-24T23:30:13.573+0700][24.832s][gc,phases   ] GC(70)   Merge Heap Roots: 0.37ms
[2026-06-24T23:30:13.573+0700][24.832s][gc,phases   ] GC(70)   Evacuate Collection Set: 0.60ms
[2026-06-24T23:30:13.573+0700][24.832s][gc,phases   ] GC(70)   Post Evacuate Collection Set: 1.14ms
[2026-06-24T23:30:13.573+0700][24.832s][gc,phases   ] GC(70)   Other: 0.15ms
[2026-06-24T23:30:13.573+0700][24.832s][gc,heap     ] GC(70) Eden regions: 307->0(307)
[2026-06-24T23:30:13.573+0700][24.832s][gc,heap     ] GC(70) Survivor regions: 1->1(39)
[2026-06-24T23:30:13.573+0700][24.832s][gc,heap     ] GC(70) Old regions: 8->8
[2026-06-24T23:30:13.573+0700][24.832s][gc,heap     ] GC(70) Humongous regions: 0->0
[2026-06-24T23:30:13.573+0700][24.833s][gc,metaspace] GC(70) Metaspace: 27690K(28352K)->27690K(28352K) NonClass: 23826K(24192K)->23826K(24192K) Class: 3864K(4160K)->3864K(4160K)
[2026-06-24T23:30:13.573+0700][24.833s][gc          ] GC(70) Pause Young (Normal) (G1 Evacuation Pause) 628M->14M(1028M) 3.434ms
[2026-06-24T23:30:13.573+0700][24.833s][gc,cpu      ] GC(70) User=0.06s Sys=0.05s Real=0.00s
[2026-06-24T23:30:13.684+0700][24.943s][gc,start    ] GC(71) Pause Young (Normal) (G1 Evacuation Pause)
[2026-06-24T23:30:13.684+0700][24.943s][gc,task     ] GC(71) Using 13 workers of 13 for evacuation
[2026-06-24T23:30:13.686+0700][24.945s][gc,phases   ] GC(71)   Pre Evacuate Collection Set: 0.35ms
[2026-06-24T23:30:13.686+0700][24.945s][gc,phases   ] GC(71)   Merge Heap Roots: 0.20ms
[2026-06-24T23:30:13.686+0700][24.945s][gc,phases   ] GC(71)   Evacuate Collection Set: 0.44ms
[2026-06-24T23:30:13.686+0700][24.945s][gc,phases   ] GC(71)   Post Evacuate Collection Set: 0.82ms
[2026-06-24T23:30:13.686+0700][24.945s][gc,phases   ] GC(71)   Other: 0.18ms
[2026-06-24T23:30:13.686+0700][24.945s][gc,heap     ] GC(71) Eden regions: 307->0(307)
[2026-06-24T23:30:13.686+0700][24.945s][gc,heap     ] GC(71) Survivor regions: 1->1(39)
[2026-06-24T23:30:13.686+0700][24.945s][gc,heap     ] GC(71) Old regions: 8->8
[2026-06-24T23:30:13.686+0700][24.945s][gc,heap     ] GC(71) Humongous regions: 0->0
[2026-06-24T23:30:13.686+0700][24.945s][gc,metaspace] GC(71) Metaspace: 27690K(28352K)->27690K(28352K) NonClass: 23826K(24192K)->23826K(24192K) Class: 3864K(4160K)->3864K(4160K)
[2026-06-24T23:30:13.686+0700][24.946s][gc          ] GC(71) Pause Young (Normal) (G1 Evacuation Pause) 628M->14M(1028M) 2.458ms
[2026-06-24T23:30:13.686+0700][24.946s][gc,cpu      ] GC(71) User=0.00s Sys=0.00s Real=0.00s
[2026-06-24T23:30:13.805+0700][25.063s][gc,start    ] GC(72) Pause Young (Normal) (G1 Evacuation Pause)
[2026-06-24T23:30:13.805+0700][25.064s][gc,task     ] GC(72) Using 13 workers of 13 for evacuation
[2026-06-24T23:30:13.807+0700][25.066s][gc,phases   ] GC(72)   Pre Evacuate Collection Set: 0.43ms
[2026-06-24T23:30:13.807+0700][25.066s][gc,phases   ] GC(72)   Merge Heap Roots: 0.25ms
[2026-06-24T23:30:13.807+0700][25.066s][gc,phases   ] GC(72)   Evacuate Collection Set: 0.65ms
[2026-06-24T23:30:13.807+0700][25.067s][gc,phases   ] GC(72)   Post Evacuate Collection Set: 1.23ms
[2026-06-24T23:30:13.807+0700][25.067s][gc,phases   ] GC(72)   Other: 0.18ms
[2026-06-24T23:30:13.807+0700][25.067s][gc,heap     ] GC(72) Eden regions: 307->0(307)
[2026-06-24T23:30:13.807+0700][25.067s][gc,heap     ] GC(72) Survivor regions: 1->1(39)
[2026-06-24T23:30:13.807+0700][25.067s][gc,heap     ] GC(72) Old regions: 8->8
[2026-06-24T23:30:13.807+0700][25.067s][gc,heap     ] GC(72) Humongous regions: 0->0
[2026-06-24T23:30:13.807+0700][25.067s][gc,metaspace] GC(72) Metaspace: 27690K(28352K)->27690K(28352K) NonClass: 23826K(24192K)->23826K(24192K) Class: 3864K(4160K)->3864K(4160K)
[2026-06-24T23:30:13.807+0700][25.067s][gc          ] GC(72) Pause Young (Normal) (G1 Evacuation Pause) 628M->14M(1028M) 3.411ms
[2026-06-24T23:30:13.807+0700][25.067s][gc,cpu      ] GC(72) User=0.05s Sys=0.00s Real=0.00s
[2026-06-24T23:30:13.941+0700][25.199s][gc,start    ] GC(73) Pause Young (Normal) (G1 Evacuation Pause)
[2026-06-24T23:30:13.941+0700][25.200s][gc,task     ] GC(73) Using 13 workers of 13 for evacuation
[2026-06-24T23:30:13.943+0700][25.202s][gc,phases   ] GC(73)   Pre Evacuate Collection Set: 0.50ms
[2026-06-24T23:30:13.943+0700][25.202s][gc,phases   ] GC(73)   Merge Heap Roots: 0.20ms
[2026-06-24T23:30:13.943+0700][25.202s][gc,phases   ] GC(73)   Evacuate Collection Set: 0.60ms
[2026-06-24T23:30:13.943+0700][25.202s][gc,phases   ] GC(73)   Post Evacuate Collection Set: 0.95ms
[2026-06-24T23:30:13.943+0700][25.202s][gc,phases   ] GC(73)   Other: 0.16ms
[2026-06-24T23:30:13.943+0700][25.202s][gc,heap     ] GC(73) Eden regions: 307->0(307)
[2026-06-24T23:30:13.943+0700][25.202s][gc,heap     ] GC(73) Survivor regions: 1->1(39)
[2026-06-24T23:30:13.943+0700][25.202s][gc,heap     ] GC(73) Old regions: 8->8
[2026-06-24T23:30:13.943+0700][25.202s][gc,heap     ] GC(73) Humongous regions: 0->0
[2026-06-24T23:30:13.943+0700][25.202s][gc,metaspace] GC(73) Metaspace: 27690K(28352K)->27690K(28352K) NonClass: 23826K(24192K)->23826K(24192K) Class: 3864K(4160K)->3864K(4160K)
[2026-06-24T23:30:13.944+0700][25.203s][gc          ] GC(73) Pause Young (Normal) (G1 Evacuation Pause) 628M->14M(1028M) 3.112ms
[2026-06-24T23:30:13.944+0700][25.203s][gc,cpu      ] GC(73) User=0.00s Sys=0.00s Real=0.00s
[2026-06-24T23:30:14.082+0700][25.341s][gc,start    ] GC(74) Pause Young (Normal) (G1 Evacuation Pause)
[2026-06-24T23:30:14.082+0700][25.341s][gc,task     ] GC(74) Using 13 workers of 13 for evacuation
[2026-06-24T23:30:14.083+0700][25.343s][gc,phases   ] GC(74)   Pre Evacuate Collection Set: 0.31ms
[2026-06-24T23:30:14.085+0700][25.343s][gc,phases   ] GC(74)   Merge Heap Roots: 0.21ms
[2026-06-24T23:30:14.085+0700][25.343s][gc,phases   ] GC(74)   Evacuate Collection Set: 0.58ms
[2026-06-24T23:30:14.085+0700][25.343s][gc,phases   ] GC(74)   Post Evacuate Collection Set: 0.68ms
[2026-06-24T23:30:14.085+0700][25.343s][gc,phases   ] GC(74)   Other: 0.13ms
[2026-06-24T23:30:14.085+0700][25.343s][gc,heap     ] GC(74) Eden regions: 307->0(307)
[2026-06-24T23:30:14.085+0700][25.343s][gc,heap     ] GC(74) Survivor regions: 1->1(39)
[2026-06-24T23:30:14.085+0700][25.343s][gc,heap     ] GC(74) Old regions: 8->8
[2026-06-24T23:30:14.085+0700][25.343s][gc,heap     ] GC(74) Humongous regions: 0->0
[2026-06-24T23:30:14.085+0700][25.343s][gc,metaspace] GC(74) Metaspace: 27690K(28352K)->27690K(28352K) NonClass: 23826K(24192K)->23826K(24192K) Class: 3864K(4160K)->3864K(4160K)
[2026-06-24T23:30:14.085+0700][25.343s][gc          ] GC(74) Pause Young (Normal) (G1 Evacuation Pause) 628M->14M(1028M) 2.357ms
[2026-06-24T23:30:14.085+0700][25.343s][gc,cpu      ] GC(74) User=0.00s Sys=0.00s Real=0.00s
[2026-06-24T23:30:14.202+0700][25.460s][gc,start    ] GC(75) Pause Young (Normal) (G1 Evacuation Pause)
[2026-06-24T23:30:14.202+0700][25.460s][gc,task     ] GC(75) Using 13 workers of 13 for evacuation
[2026-06-24T23:30:14.204+0700][25.462s][gc,phases   ] GC(75)   Pre Evacuate Collection Set: 0.35ms
[2026-06-24T23:30:14.204+0700][25.462s][gc,phases   ] GC(75)   Merge Heap Roots: 0.24ms
[2026-06-24T23:30:14.204+0700][25.462s][gc,phases   ] GC(75)   Evacuate Collection Set: 0.56ms
[2026-06-24T23:30:14.204+0700][25.462s][gc,phases   ] GC(75)   Post Evacuate Collection Set: 0.78ms
[2026-06-24T23:30:14.204+0700][25.463s][gc,phases   ] GC(75)   Other: 0.15ms
[2026-06-24T23:30:14.204+0700][25.463s][gc,heap     ] GC(75) Eden regions: 307->0(307)
[2026-06-24T23:30:14.204+0700][25.463s][gc,heap     ] GC(75) Survivor regions: 1->1(39)
[2026-06-24T23:30:14.204+0700][25.463s][gc,heap     ] GC(75) Old regions: 8->8
[2026-06-24T23:30:14.204+0700][25.463s][gc,heap     ] GC(75) Humongous regions: 0->0
[2026-06-24T23:30:14.204+0700][25.463s][gc,metaspace] GC(75) Metaspace: 27690K(28352K)->27690K(28352K) NonClass: 23826K(24192K)->23826K(24192K) Class: 3864K(4160K)->3864K(4160K)
[2026-06-24T23:30:14.204+0700][25.463s][gc          ] GC(75) Pause Young (Normal) (G1 Evacuation Pause) 628M->14M(1028M) 2.549ms
[2026-06-24T23:30:14.204+0700][25.463s][gc,cpu      ] GC(75) User=0.00s Sys=0.00s Real=0.00s
[2026-06-24T23:30:14.320+0700][25.579s][gc,start    ] GC(76) Pause Young (Normal) (G1 Evacuation Pause)
[2026-06-24T23:30:14.320+0700][25.579s][gc,task     ] GC(76) Using 13 workers of 13 for evacuation
[2026-06-24T23:30:14.322+0700][25.581s][gc,phases   ] GC(76)   Pre Evacuate Collection Set: 0.40ms
[2026-06-24T23:30:14.322+0700][25.581s][gc,phases   ] GC(76)   Merge Heap Roots: 0.22ms
[2026-06-24T23:30:14.322+0700][25.581s][gc,phases   ] GC(76)   Evacuate Collection Set: 0.63ms
[2026-06-24T23:30:14.322+0700][25.581s][gc,phases   ] GC(76)   Post Evacuate Collection Set: 0.87ms
[2026-06-24T23:30:14.322+0700][25.582s][gc,phases   ] GC(76)   Other: 0.18ms
[2026-06-24T23:30:14.322+0700][25.582s][gc,heap     ] GC(76) Eden regions: 307->0(307)
[2026-06-24T23:30:14.322+0700][25.582s][gc,heap     ] GC(76) Survivor regions: 1->1(39)
[2026-06-24T23:30:14.322+0700][25.582s][gc,heap     ] GC(76) Old regions: 8->8
[2026-06-24T23:30:14.323+0700][25.582s][gc,heap     ] GC(76) Humongous regions: 0->0
[2026-06-24T23:30:14.323+0700][25.582s][gc,metaspace] GC(76) Metaspace: 27690K(28352K)->27690K(28352K) NonClass: 23826K(24192K)->23826K(24192K) Class: 3864K(4160K)->3864K(4160K)
[2026-06-24T23:30:14.323+0700][25.582s][gc          ] GC(76) Pause Young (Normal) (G1 Evacuation Pause) 628M->14M(1028M) 2.965ms
[2026-06-24T23:30:14.323+0700][25.582s][gc,cpu      ] GC(76) User=0.03s Sys=0.02s Real=0.00s
[2026-06-24T23:30:14.437+0700][25.697s][gc,start    ] GC(77) Pause Young (Normal) (G1 Evacuation Pause)
[2026-06-24T23:30:14.437+0700][25.697s][gc,task     ] GC(77) Using 13 workers of 13 for evacuation
[2026-06-24T23:30:14.440+0700][25.699s][gc,phases   ] GC(77)   Pre Evacuate Collection Set: 0.37ms
[2026-06-24T23:30:14.440+0700][25.699s][gc,phases   ] GC(77)   Merge Heap Roots: 0.18ms
[2026-06-24T23:30:14.440+0700][25.699s][gc,phases   ] GC(77)   Evacuate Collection Set: 0.60ms
[2026-06-24T23:30:14.441+0700][25.699s][gc,phases   ] GC(77)   Post Evacuate Collection Set: 1.04ms
[2026-06-24T23:30:14.441+0700][25.700s][gc,phases   ] GC(77)   Other: 0.21ms
[2026-06-24T23:30:14.441+0700][25.700s][gc,heap     ] GC(77) Eden regions: 307->0(307)
[2026-06-24T23:30:14.441+0700][25.700s][gc,heap     ] GC(77) Survivor regions: 1->1(39)
[2026-06-24T23:30:14.441+0700][25.700s][gc,heap     ] GC(77) Old regions: 8->8
[2026-06-24T23:30:14.441+0700][25.700s][gc,heap     ] GC(77) Humongous regions: 0->0
[2026-06-24T23:30:14.441+0700][25.700s][gc,metaspace] GC(77) Metaspace: 27690K(28352K)->27690K(28352K) NonClass: 23826K(24192K)->23826K(24192K) Class: 3864K(4160K)->3864K(4160K)
[2026-06-24T23:30:14.441+0700][25.700s][gc          ] GC(77) Pause Young (Normal) (G1 Evacuation Pause) 628M->14M(1028M) 3.067ms
[2026-06-24T23:30:14.441+0700][25.700s][gc,cpu      ] GC(77) User=0.00s Sys=0.00s Real=0.00s
[2026-06-24T23:30:14.555+0700][25.814s][gc,start    ] GC(78) Pause Young (Normal) (G1 Evacuation Pause)
[2026-06-24T23:30:14.555+0700][25.815s][gc,task     ] GC(78) Using 13 workers of 13 for evacuation
[2026-06-24T23:30:14.558+0700][25.817s][gc,phases   ] GC(78)   Pre Evacuate Collection Set: 0.42ms
[2026-06-24T23:30:14.558+0700][25.817s][gc,phases   ] GC(78)   Merge Heap Roots: 0.27ms
[2026-06-24T23:30:14.558+0700][25.817s][gc,phases   ] GC(78)   Evacuate Collection Set: 0.68ms
[2026-06-24T23:30:14.558+0700][25.817s][gc,phases   ] GC(78)   Post Evacuate Collection Set: 0.81ms
[2026-06-24T23:30:14.559+0700][25.817s][gc,phases   ] GC(78)   Other: 0.17ms
[2026-06-24T23:30:14.559+0700][25.817s][gc,heap     ] GC(78) Eden regions: 307->0(307)
[2026-06-24T23:30:14.559+0700][25.817s][gc,heap     ] GC(78) Survivor regions: 1->1(39)
[2026-06-24T23:30:14.559+0700][25.817s][gc,heap     ] GC(78) Old regions: 8->8
[2026-06-24T23:30:14.559+0700][25.817s][gc,heap     ] GC(78) Humongous regions: 0->0
[2026-06-24T23:30:14.559+0700][25.817s][gc,metaspace] GC(78) Metaspace: 27690K(28352K)->27690K(28352K) NonClass: 23826K(24192K)->23826K(24192K) Class: 3864K(4160K)->3864K(4160K)
[2026-06-24T23:30:14.559+0700][25.817s][gc          ] GC(78) Pause Young (Normal) (G1 Evacuation Pause) 628M->14M(1028M) 2.862ms
[2026-06-24T23:30:14.559+0700][25.817s][gc,cpu      ] GC(78) User=0.12s Sys=0.00s Real=0.00s
[2026-06-24T23:30:14.677+0700][25.935s][gc,start    ] GC(79) Pause Young (Normal) (G1 Evacuation Pause)
[2026-06-24T23:30:14.677+0700][25.935s][gc,task     ] GC(79) Using 13 workers of 13 for evacuation
[2026-06-24T23:30:14.679+0700][25.938s][gc,phases   ] GC(79)   Pre Evacuate Collection Set: 0.44ms
[2026-06-24T23:30:14.679+0700][25.938s][gc,phases   ] GC(79)   Merge Heap Roots: 0.27ms
[2026-06-24T23:30:14.679+0700][25.938s][gc,phases   ] GC(79)   Evacuate Collection Set: 0.50ms
[2026-06-24T23:30:14.679+0700][25.938s][gc,phases   ] GC(79)   Post Evacuate Collection Set: 0.83ms
[2026-06-24T23:30:14.679+0700][25.938s][gc,phases   ] GC(79)   Other: 0.14ms
[2026-06-24T23:30:14.679+0700][25.938s][gc,heap     ] GC(79) Eden regions: 307->0(307)
[2026-06-24T23:30:14.679+0700][25.938s][gc,heap     ] GC(79) Survivor regions: 1->1(39)
[2026-06-24T23:30:14.679+0700][25.938s][gc,heap     ] GC(79) Old regions: 8->8
[2026-06-24T23:30:14.679+0700][25.938s][gc,heap     ] GC(79) Humongous regions: 0->0
[2026-06-24T23:30:14.679+0700][25.938s][gc,metaspace] GC(79) Metaspace: 27690K(28352K)->27690K(28352K) NonClass: 23826K(24192K)->23826K(24192K) Class: 3864K(4160K)->3864K(4160K)
[2026-06-24T23:30:14.679+0700][25.938s][gc          ] GC(79) Pause Young (Normal) (G1 Evacuation Pause) 628M->14M(1028M) 2.879ms
[2026-06-24T23:30:14.679+0700][25.938s][gc,cpu      ] GC(79) User=0.00s Sys=0.00s Real=0.00s
[2026-06-24T23:30:14.818+0700][26.077s][gc,start    ] GC(80) Pause Young (Normal) (G1 Evacuation Pause)
[2026-06-24T23:30:14.818+0700][26.077s][gc,task     ] GC(80) Using 13 workers of 13 for evacuation
[2026-06-24T23:30:14.820+0700][26.079s][gc,phases   ] GC(80)   Pre Evacuate Collection Set: 0.31ms
[2026-06-24T23:30:14.820+0700][26.079s][gc,phases   ] GC(80)   Merge Heap Roots: 0.21ms
[2026-06-24T23:30:14.820+0700][26.079s][gc,phases   ] GC(80)   Evacuate Collection Set: 0.56ms
[2026-06-24T23:30:14.820+0700][26.079s][gc,phases   ] GC(80)   Post Evacuate Collection Set: 0.65ms
[2026-06-24T23:30:14.820+0700][26.079s][gc,phases   ] GC(80)   Other: 0.15ms
[2026-06-24T23:30:14.820+0700][26.079s][gc,heap     ] GC(80) Eden regions: 307->0(307)
[2026-06-24T23:30:14.820+0700][26.079s][gc,heap     ] GC(80) Survivor regions: 1->1(39)
[2026-06-24T23:30:14.820+0700][26.079s][gc,heap     ] GC(80) Old regions: 8->8
[2026-06-24T23:30:14.820+0700][26.079s][gc,heap     ] GC(80) Humongous regions: 0->0
[2026-06-24T23:30:14.820+0700][26.079s][gc,metaspace] GC(80) Metaspace: 27690K(28352K)->27690K(28352K) NonClass: 23826K(24192K)->23826K(24192K) Class: 3864K(4160K)->3864K(4160K)
[2026-06-24T23:30:14.820+0700][26.079s][gc          ] GC(80) Pause Young (Normal) (G1 Evacuation Pause) 628M->14M(1028M) 2.459ms
[2026-06-24T23:30:14.820+0700][26.080s][gc,cpu      ] GC(80) User=0.00s Sys=0.00s Real=0.00s
[2026-06-24T23:30:14.956+0700][26.216s][gc,start    ] GC(81) Pause Young (Normal) (G1 Evacuation Pause)
[2026-06-24T23:30:14.957+0700][26.216s][gc,task     ] GC(81) Using 13 workers of 13 for evacuation
[2026-06-24T23:30:14.959+0700][26.218s][gc,phases   ] GC(81)   Pre Evacuate Collection Set: 0.54ms
[2026-06-24T23:30:14.960+0700][26.219s][gc,phases   ] GC(81)   Merge Heap Roots: 0.26ms
[2026-06-24T23:30:14.960+0700][26.219s][gc,phases   ] GC(81)   Evacuate Collection Set: 0.48ms
[2026-06-24T23:30:14.960+0700][26.219s][gc,phases   ] GC(81)   Post Evacuate Collection Set: 0.85ms
[2026-06-24T23:30:14.960+0700][26.219s][gc,phases   ] GC(81)   Other: 0.20ms
[2026-06-24T23:30:14.960+0700][26.219s][gc,heap     ] GC(81) Eden regions: 307->0(307)
[2026-06-24T23:30:14.960+0700][26.219s][gc,heap     ] GC(81) Survivor regions: 1->1(39)
[2026-06-24T23:30:14.960+0700][26.219s][gc,heap     ] GC(81) Old regions: 8->8
[2026-06-24T23:30:14.960+0700][26.219s][gc,heap     ] GC(81) Humongous regions: 0->0
[2026-06-24T23:30:14.960+0700][26.219s][gc,metaspace] GC(81) Metaspace: 27690K(28352K)->27690K(28352K) NonClass: 23826K(24192K)->23826K(24192K) Class: 3864K(4160K)->3864K(4160K)
[2026-06-24T23:30:14.960+0700][26.219s][gc          ] GC(81) Pause Young (Normal) (G1 Evacuation Pause) 628M->14M(1028M) 3.000ms
[2026-06-24T23:30:14.960+0700][26.219s][gc,cpu      ] GC(81) User=0.00s Sys=0.00s Real=0.00s
[2026-06-24T23:30:15.106+0700][26.365s][gc,start    ] GC(82) Pause Young (Normal) (G1 Evacuation Pause)
[2026-06-24T23:30:15.106+0700][26.365s][gc,task     ] GC(82) Using 13 workers of 13 for evacuation
[2026-06-24T23:30:15.109+0700][26.368s][gc,phases   ] GC(82)   Pre Evacuate Collection Set: 0.49ms
[2026-06-24T23:30:15.109+0700][26.368s][gc,phases   ] GC(82)   Merge Heap Roots: 0.26ms
[2026-06-24T23:30:15.109+0700][26.368s][gc,phases   ] GC(82)   Evacuate Collection Set: 0.62ms
[2026-06-24T23:30:15.109+0700][26.368s][gc,phases   ] GC(82)   Post Evacuate Collection Set: 0.95ms
[2026-06-24T23:30:15.109+0700][26.368s][gc,phases   ] GC(82)   Other: 0.19ms
[2026-06-24T23:30:15.109+0700][26.368s][gc,heap     ] GC(82) Eden regions: 307->0(307)
[2026-06-24T23:30:15.109+0700][26.368s][gc,heap     ] GC(82) Survivor regions: 1->1(39)
[2026-06-24T23:30:15.109+0700][26.368s][gc,heap     ] GC(82) Old regions: 8->8
[2026-06-24T23:30:15.109+0700][26.368s][gc,heap     ] GC(82) Humongous regions: 0->0
[2026-06-24T23:30:15.109+0700][26.368s][gc,metaspace] GC(82) Metaspace: 27690K(28352K)->27690K(28352K) NonClass: 23826K(24192K)->23826K(24192K) Class: 3864K(4160K)->3864K(4160K)
[2026-06-24T23:30:15.109+0700][26.368s][gc          ] GC(82) Pause Young (Normal) (G1 Evacuation Pause) 628M->14M(1028M) 3.138ms
[2026-06-24T23:30:15.109+0700][26.368s][gc,cpu      ] GC(82) User=0.00s Sys=0.00s Real=0.00s
[2026-06-24T23:30:15.217+0700][26.476s][gc,start    ] GC(83) Pause Young (Normal) (G1 Evacuation Pause)
[2026-06-24T23:30:15.218+0700][26.477s][gc,task     ] GC(83) Using 13 workers of 13 for evacuation
[2026-06-24T23:30:15.220+0700][26.479s][gc,phases   ] GC(83)   Pre Evacuate Collection Set: 0.44ms
[2026-06-24T23:30:15.220+0700][26.479s][gc,phases   ] GC(83)   Merge Heap Roots: 0.24ms
[2026-06-24T23:30:15.220+0700][26.479s][gc,phases   ] GC(83)   Evacuate Collection Set: 0.64ms
[2026-06-24T23:30:15.220+0700][26.479s][gc,phases   ] GC(83)   Post Evacuate Collection Set: 0.79ms
[2026-06-24T23:30:15.220+0700][26.479s][gc,phases   ] GC(83)   Other: 0.16ms
[2026-06-24T23:30:15.220+0700][26.479s][gc,heap     ] GC(83) Eden regions: 307->0(307)
[2026-06-24T23:30:15.220+0700][26.479s][gc,heap     ] GC(83) Survivor regions: 1->1(39)
[2026-06-24T23:30:15.220+0700][26.479s][gc,heap     ] GC(83) Old regions: 8->8
[2026-06-24T23:30:15.220+0700][26.479s][gc,heap     ] GC(83) Humongous regions: 0->0
[2026-06-24T23:30:15.220+0700][26.479s][gc,metaspace] GC(83) Metaspace: 27690K(28352K)->27690K(28352K) NonClass: 23826K(24192K)->23826K(24192K) Class: 3864K(4160K)->3864K(4160K)
[2026-06-24T23:30:15.220+0700][26.479s][gc          ] GC(83) Pause Young (Normal) (G1 Evacuation Pause) 628M->14M(1028M) 2.915ms
[2026-06-24T23:30:15.220+0700][26.479s][gc,cpu      ] GC(83) User=0.00s Sys=0.00s Real=0.00s
[2026-06-24T23:30:15.307+0700][26.566s][gc,start    ] GC(84) Pause Young (Normal) (G1 Evacuation Pause)
[2026-06-24T23:30:15.307+0700][26.566s][gc,task     ] GC(84) Using 13 workers of 13 for evacuation
[2026-06-24T23:30:15.309+0700][26.568s][gc,phases   ] GC(84)   Pre Evacuate Collection Set: 0.42ms
[2026-06-24T23:30:15.309+0700][26.568s][gc,phases   ] GC(84)   Merge Heap Roots: 0.20ms
[2026-06-24T23:30:15.309+0700][26.568s][gc,phases   ] GC(84)   Evacuate Collection Set: 0.79ms
[2026-06-24T23:30:15.310+0700][26.568s][gc,phases   ] GC(84)   Post Evacuate Collection Set: 0.73ms
[2026-06-24T23:30:15.310+0700][26.568s][gc,phases   ] GC(84)   Other: 0.22ms
[2026-06-24T23:30:15.310+0700][26.568s][gc,heap     ] GC(84) Eden regions: 307->0(307)
[2026-06-24T23:30:15.310+0700][26.568s][gc,heap     ] GC(84) Survivor regions: 1->1(39)
[2026-06-24T23:30:15.310+0700][26.568s][gc,heap     ] GC(84) Old regions: 8->8
[2026-06-24T23:30:15.310+0700][26.569s][gc,heap     ] GC(84) Humongous regions: 0->0
[2026-06-24T23:30:15.310+0700][26.569s][gc,metaspace] GC(84) Metaspace: 27690K(28352K)->27690K(28352K) NonClass: 23826K(24192K)->23826K(24192K) Class: 3864K(4160K)->3864K(4160K)
[2026-06-24T23:30:15.310+0700][26.569s][gc          ] GC(84) Pause Young (Normal) (G1 Evacuation Pause) 628M->14M(1028M) 2.797ms
[2026-06-24T23:30:15.310+0700][26.569s][gc,cpu      ] GC(84) User=0.00s Sys=0.00s Real=0.00s
[2026-06-24T23:30:15.396+0700][26.655s][gc,start    ] GC(85) Pause Young (Normal) (G1 Evacuation Pause)
[2026-06-24T23:30:15.396+0700][26.655s][gc,task     ] GC(85) Using 13 workers of 13 for evacuation
[2026-06-24T23:30:15.398+0700][26.658s][gc,phases   ] GC(85)   Pre Evacuate Collection Set: 0.31ms
[2026-06-24T23:30:15.398+0700][26.658s][gc,phases   ] GC(85)   Merge Heap Roots: 0.29ms
[2026-06-24T23:30:15.398+0700][26.658s][gc,phases   ] GC(85)   Evacuate Collection Set: 0.54ms
[2026-06-24T23:30:15.398+0700][26.658s][gc,phases   ] GC(85)   Post Evacuate Collection Set: 0.90ms
[2026-06-24T23:30:15.398+0700][26.658s][gc,phases   ] GC(85)   Other: 0.13ms
[2026-06-24T23:30:15.399+0700][26.658s][gc,heap     ] GC(85) Eden regions: 307->0(307)
[2026-06-24T23:30:15.399+0700][26.658s][gc,heap     ] GC(85) Survivor regions: 1->1(39)
[2026-06-24T23:30:15.399+0700][26.658s][gc,heap     ] GC(85) Old regions: 8->8
[2026-06-24T23:30:15.399+0700][26.658s][gc,heap     ] GC(85) Humongous regions: 0->0
[2026-06-24T23:30:15.399+0700][26.658s][gc,metaspace] GC(85) Metaspace: 27690K(28352K)->27690K(28352K) NonClass: 23826K(24192K)->23826K(24192K) Class: 3864K(4160K)->3864K(4160K)
[2026-06-24T23:30:15.399+0700][26.658s][gc          ] GC(85) Pause Young (Normal) (G1 Evacuation Pause) 628M->14M(1028M) 2.698ms
[2026-06-24T23:30:15.399+0700][26.658s][gc,cpu      ] GC(85) User=0.00s Sys=0.00s Real=0.00s
[2026-06-24T23:30:15.487+0700][26.746s][gc,start    ] GC(86) Pause Young (Normal) (G1 Evacuation Pause)
[2026-06-24T23:30:15.487+0700][26.746s][gc,task     ] GC(86) Using 13 workers of 13 for evacuation
[2026-06-24T23:30:15.489+0700][26.749s][gc,phases   ] GC(86)   Pre Evacuate Collection Set: 0.38ms
[2026-06-24T23:30:15.490+0700][26.749s][gc,phases   ] GC(86)   Merge Heap Roots: 0.19ms
[2026-06-24T23:30:15.490+0700][26.749s][gc,phases   ] GC(86)   Evacuate Collection Set: 0.64ms
[2026-06-24T23:30:15.490+0700][26.749s][gc,phases   ] GC(86)   Post Evacuate Collection Set: 1.17ms
[2026-06-24T23:30:15.490+0700][26.749s][gc,phases   ] GC(86)   Other: 0.16ms
[2026-06-24T23:30:15.490+0700][26.749s][gc,heap     ] GC(86) Eden regions: 307->0(307)
[2026-06-24T23:30:15.490+0700][26.749s][gc,heap     ] GC(86) Survivor regions: 1->1(39)
[2026-06-24T23:30:15.490+0700][26.749s][gc,heap     ] GC(86) Old regions: 8->8
[2026-06-24T23:30:15.490+0700][26.749s][gc,heap     ] GC(86) Humongous regions: 0->0
[2026-06-24T23:30:15.490+0700][26.749s][gc,metaspace] GC(86) Metaspace: 27690K(28352K)->27690K(28352K) NonClass: 23826K(24192K)->23826K(24192K) Class: 3864K(4160K)->3864K(4160K)
[2026-06-24T23:30:15.490+0700][26.749s][gc          ] GC(86) Pause Young (Normal) (G1 Evacuation Pause) 628M->14M(1028M) 3.082ms
[2026-06-24T23:30:15.490+0700][26.749s][gc,cpu      ] GC(86) User=0.00s Sys=0.00s Real=0.00s
[2026-06-24T23:30:15.583+0700][26.842s][gc,start    ] GC(87) Pause Young (Normal) (G1 Evacuation Pause)
[2026-06-24T23:30:15.583+0700][26.842s][gc,task     ] GC(87) Using 13 workers of 13 for evacuation
[2026-06-24T23:30:15.586+0700][26.845s][gc,phases   ] GC(87)   Pre Evacuate Collection Set: 0.45ms
[2026-06-24T23:30:15.586+0700][26.845s][gc,phases   ] GC(87)   Merge Heap Roots: 0.32ms
[2026-06-24T23:30:15.586+0700][26.845s][gc,phases   ] GC(87)   Evacuate Collection Set: 0.60ms
[2026-06-24T23:30:15.586+0700][26.845s][gc,phases   ] GC(87)   Post Evacuate Collection Set: 1.00ms
[2026-06-24T23:30:15.586+0700][26.845s][gc,phases   ] GC(87)   Other: 0.13ms
[2026-06-24T23:30:15.586+0700][26.845s][gc,heap     ] GC(87) Eden regions: 307->0(307)
[2026-06-24T23:30:15.586+0700][26.845s][gc,heap     ] GC(87) Survivor regions: 1->1(39)
[2026-06-24T23:30:15.586+0700][26.845s][gc,heap     ] GC(87) Old regions: 8->8
[2026-06-24T23:30:15.586+0700][26.845s][gc,heap     ] GC(87) Humongous regions: 0->0
[2026-06-24T23:30:15.586+0700][26.845s][gc,metaspace] GC(87) Metaspace: 27690K(28352K)->27690K(28352K) NonClass: 23826K(24192K)->23826K(24192K) Class: 3864K(4160K)->3864K(4160K)
[2026-06-24T23:30:15.586+0700][26.845s][gc          ] GC(87) Pause Young (Normal) (G1 Evacuation Pause) 628M->14M(1028M) 3.062ms
[2026-06-24T23:30:15.586+0700][26.845s][gc,cpu      ] GC(87) User=0.00s Sys=0.00s Real=0.00s
[2026-06-24T23:30:15.678+0700][26.937s][gc,start    ] GC(88) Pause Young (Normal) (G1 Evacuation Pause)
[2026-06-24T23:30:15.678+0700][26.937s][gc,task     ] GC(88) Using 13 workers of 13 for evacuation
[2026-06-24T23:30:15.679+0700][26.939s][gc,phases   ] GC(88)   Pre Evacuate Collection Set: 0.39ms
[2026-06-24T23:30:15.679+0700][26.939s][gc,phases   ] GC(88)   Merge Heap Roots: 0.23ms
[2026-06-24T23:30:15.681+0700][26.939s][gc,phases   ] GC(88)   Evacuate Collection Set: 0.60ms
[2026-06-24T23:30:15.681+0700][26.939s][gc,phases   ] GC(88)   Post Evacuate Collection Set: 0.68ms
[2026-06-24T23:30:15.681+0700][26.939s][gc,phases   ] GC(88)   Other: 0.18ms
[2026-06-24T23:30:15.681+0700][26.939s][gc,heap     ] GC(88) Eden regions: 307->0(307)
[2026-06-24T23:30:15.681+0700][26.939s][gc,heap     ] GC(88) Survivor regions: 1->1(39)
[2026-06-24T23:30:15.681+0700][26.939s][gc,heap     ] GC(88) Old regions: 8->8
[2026-06-24T23:30:15.681+0700][26.939s][gc,heap     ] GC(88) Humongous regions: 0->0
[2026-06-24T23:30:15.681+0700][26.940s][gc,metaspace] GC(88) Metaspace: 27690K(28352K)->27690K(28352K) NonClass: 23826K(24192K)->23826K(24192K) Class: 3864K(4160K)->3864K(4160K)
[2026-06-24T23:30:15.681+0700][26.940s][gc          ] GC(88) Pause Young (Normal) (G1 Evacuation Pause) 628M->14M(1028M) 2.725ms
[2026-06-24T23:30:15.681+0700][26.940s][gc,cpu      ] GC(88) User=0.00s Sys=0.00s Real=0.00s
[2026-06-24T23:30:15.771+0700][27.030s][gc,start    ] GC(89) Pause Young (Normal) (G1 Evacuation Pause)
[2026-06-24T23:30:15.771+0700][27.030s][gc,task     ] GC(89) Using 13 workers of 13 for evacuation
[2026-06-24T23:30:15.773+0700][27.032s][gc,phases   ] GC(89)   Pre Evacuate Collection Set: 0.43ms
[2026-06-24T23:30:15.773+0700][27.032s][gc,phases   ] GC(89)   Merge Heap Roots: 0.19ms
[2026-06-24T23:30:15.773+0700][27.033s][gc,phases   ] GC(89)   Evacuate Collection Set: 0.56ms
[2026-06-24T23:30:15.773+0700][27.033s][gc,phases   ] GC(89)   Post Evacuate Collection Set: 1.21ms
[2026-06-24T23:30:15.773+0700][27.033s][gc,phases   ] GC(89)   Other: 0.15ms
[2026-06-24T23:30:15.773+0700][27.033s][gc,heap     ] GC(89) Eden regions: 307->0(307)
[2026-06-24T23:30:15.773+0700][27.033s][gc,heap     ] GC(89) Survivor regions: 1->1(39)
[2026-06-24T23:30:15.773+0700][27.033s][gc,heap     ] GC(89) Old regions: 8->8
[2026-06-24T23:30:15.773+0700][27.033s][gc,heap     ] GC(89) Humongous regions: 0->0
[2026-06-24T23:30:15.773+0700][27.033s][gc,metaspace] GC(89) Metaspace: 27690K(28352K)->27690K(28352K) NonClass: 23826K(24192K)->23826K(24192K) Class: 3864K(4160K)->3864K(4160K)
[2026-06-24T23:30:15.773+0700][27.033s][gc          ] GC(89) Pause Young (Normal) (G1 Evacuation Pause) 628M->14M(1028M) 3.275ms
[2026-06-24T23:30:15.773+0700][27.033s][gc,cpu      ] GC(89) User=0.00s Sys=0.00s Real=0.00s
[2026-06-24T23:30:15.864+0700][27.122s][gc,start    ] GC(90) Pause Young (Normal) (G1 Evacuation Pause)
[2026-06-24T23:30:15.864+0700][27.123s][gc,task     ] GC(90) Using 13 workers of 13 for evacuation
[2026-06-24T23:30:15.866+0700][27.125s][gc,phases   ] GC(90)   Pre Evacuate Collection Set: 0.39ms
[2026-06-24T23:30:15.866+0700][27.125s][gc,phases   ] GC(90)   Merge Heap Roots: 0.26ms
[2026-06-24T23:30:15.866+0700][27.125s][gc,phases   ] GC(90)   Evacuate Collection Set: 0.56ms
[2026-06-24T23:30:15.866+0700][27.125s][gc,phases   ] GC(90)   Post Evacuate Collection Set: 0.75ms
[2026-06-24T23:30:15.866+0700][27.125s][gc,phases   ] GC(90)   Other: 0.16ms
[2026-06-24T23:30:15.866+0700][27.125s][gc,heap     ] GC(90) Eden regions: 307->0(307)
[2026-06-24T23:30:15.866+0700][27.125s][gc,heap     ] GC(90) Survivor regions: 1->1(39)
[2026-06-24T23:30:15.866+0700][27.125s][gc,heap     ] GC(90) Old regions: 8->8
[2026-06-24T23:30:15.866+0700][27.125s][gc,heap     ] GC(90) Humongous regions: 0->0
[2026-06-24T23:30:15.866+0700][27.125s][gc,metaspace] GC(90) Metaspace: 27690K(28352K)->27690K(28352K) NonClass: 23826K(24192K)->23826K(24192K) Class: 3864K(4160K)->3864K(4160K)
[2026-06-24T23:30:15.866+0700][27.125s][gc          ] GC(90) Pause Young (Normal) (G1 Evacuation Pause) 628M->14M(1028M) 2.544ms
[2026-06-24T23:30:15.866+0700][27.125s][gc,cpu      ] GC(90) User=0.00s Sys=0.00s Real=0.00s
[2026-06-24T23:30:15.963+0700][27.222s][gc,start    ] GC(91) Pause Young (Normal) (G1 Evacuation Pause)
[2026-06-24T23:30:15.964+0700][27.223s][gc,task     ] GC(91) Using 13 workers of 13 for evacuation
[2026-06-24T23:30:15.965+0700][27.225s][gc,phases   ] GC(91)   Pre Evacuate Collection Set: 0.34ms
[2026-06-24T23:30:15.965+0700][27.225s][gc,phases   ] GC(91)   Merge Heap Roots: 0.15ms
[2026-06-24T23:30:15.966+0700][27.225s][gc,phases   ] GC(91)   Evacuate Collection Set: 0.58ms
[2026-06-24T23:30:15.966+0700][27.225s][gc,phases   ] GC(91)   Post Evacuate Collection Set: 0.72ms
[2026-06-24T23:30:15.966+0700][27.225s][gc,phases   ] GC(91)   Other: 0.29ms
[2026-06-24T23:30:15.966+0700][27.225s][gc,heap     ] GC(91) Eden regions: 307->0(307)
[2026-06-24T23:30:15.966+0700][27.225s][gc,heap     ] GC(91) Survivor regions: 1->1(39)
[2026-06-24T23:30:15.966+0700][27.225s][gc,heap     ] GC(91) Old regions: 8->8
[2026-06-24T23:30:15.966+0700][27.225s][gc,heap     ] GC(91) Humongous regions: 0->0
[2026-06-24T23:30:15.966+0700][27.225s][gc,metaspace] GC(91) Metaspace: 27690K(28352K)->27690K(28352K) NonClass: 23826K(24192K)->23826K(24192K) Class: 3864K(4160K)->3864K(4160K)
[2026-06-24T23:30:15.966+0700][27.225s][gc          ] GC(91) Pause Young (Normal) (G1 Evacuation Pause) 628M->14M(1028M) 2.473ms
[2026-06-24T23:30:15.966+0700][27.225s][gc,cpu      ] GC(91) User=0.00s Sys=0.00s Real=0.00s
[2026-06-24T23:30:16.050+0700][27.309s][gc,start    ] GC(92) Pause Young (Normal) (G1 Evacuation Pause)
[2026-06-24T23:30:16.050+0700][27.309s][gc,task     ] GC(92) Using 13 workers of 13 for evacuation
[2026-06-24T23:30:16.051+0700][27.311s][gc,phases   ] GC(92)   Pre Evacuate Collection Set: 0.39ms
[2026-06-24T23:30:16.053+0700][27.311s][gc,phases   ] GC(92)   Merge Heap Roots: 0.20ms
[2026-06-24T23:30:16.053+0700][27.311s][gc,phases   ] GC(92)   Evacuate Collection Set: 0.45ms
[2026-06-24T23:30:16.053+0700][27.311s][gc,phases   ] GC(92)   Post Evacuate Collection Set: 0.75ms
[2026-06-24T23:30:16.053+0700][27.311s][gc,phases   ] GC(92)   Other: 0.11ms
[2026-06-24T23:30:16.053+0700][27.311s][gc,heap     ] GC(92) Eden regions: 307->0(307)
[2026-06-24T23:30:16.053+0700][27.311s][gc,heap     ] GC(92) Survivor regions: 1->1(39)
[2026-06-24T23:30:16.053+0700][27.312s][gc,heap     ] GC(92) Old regions: 8->8
[2026-06-24T23:30:16.053+0700][27.312s][gc,heap     ] GC(92) Humongous regions: 0->0
[2026-06-24T23:30:16.053+0700][27.312s][gc,metaspace] GC(92) Metaspace: 27690K(28352K)->27690K(28352K) NonClass: 23826K(24192K)->23826K(24192K) Class: 3864K(4160K)->3864K(4160K)
[2026-06-24T23:30:16.053+0700][27.312s][gc          ] GC(92) Pause Young (Normal) (G1 Evacuation Pause) 628M->14M(1028M) 2.410ms
[2026-06-24T23:30:16.053+0700][27.312s][gc,cpu      ] GC(92) User=0.00s Sys=0.00s Real=0.00s
[2026-06-24T23:30:16.142+0700][27.401s][gc,start    ] GC(93) Pause Young (Normal) (G1 Evacuation Pause)
[2026-06-24T23:30:16.143+0700][27.401s][gc,task     ] GC(93) Using 13 workers of 13 for evacuation
[2026-06-24T23:30:16.145+0700][27.403s][gc,phases   ] GC(93)   Pre Evacuate Collection Set: 0.37ms
[2026-06-24T23:30:16.145+0700][27.403s][gc,phases   ] GC(93)   Merge Heap Roots: 0.22ms
[2026-06-24T23:30:16.145+0700][27.403s][gc,phases   ] GC(93)   Evacuate Collection Set: 0.53ms
[2026-06-24T23:30:16.145+0700][27.403s][gc,phases   ] GC(93)   Post Evacuate Collection Set: 0.71ms
[2026-06-24T23:30:16.145+0700][27.403s][gc,phases   ] GC(93)   Other: 0.18ms
[2026-06-24T23:30:16.145+0700][27.403s][gc,heap     ] GC(93) Eden regions: 307->0(307)
[2026-06-24T23:30:16.145+0700][27.403s][gc,heap     ] GC(93) Survivor regions: 1->1(39)
[2026-06-24T23:30:16.145+0700][27.403s][gc,heap     ] GC(93) Old regions: 8->8
[2026-06-24T23:30:16.145+0700][27.403s][gc,heap     ] GC(93) Humongous regions: 0->0
[2026-06-24T23:30:16.145+0700][27.404s][gc,metaspace] GC(93) Metaspace: 27690K(28352K)->27690K(28352K) NonClass: 23826K(24192K)->23826K(24192K) Class: 3864K(4160K)->3864K(4160K)
[2026-06-24T23:30:16.145+0700][27.404s][gc          ] GC(93) Pause Young (Normal) (G1 Evacuation Pause) 628M->14M(1028M) 2.519ms
[2026-06-24T23:30:16.145+0700][27.404s][gc,cpu      ] GC(93) User=0.00s Sys=0.00s Real=0.00s
[2026-06-24T23:30:16.231+0700][27.490s][gc,start    ] GC(94) Pause Young (Normal) (G1 Evacuation Pause)
[2026-06-24T23:30:16.232+0700][27.490s][gc,task     ] GC(94) Using 13 workers of 13 for evacuation
[2026-06-24T23:30:16.234+0700][27.493s][gc,phases   ] GC(94)   Pre Evacuate Collection Set: 0.44ms
[2026-06-24T23:30:16.234+0700][27.493s][gc,phases   ] GC(94)   Merge Heap Roots: 0.23ms
[2026-06-24T23:30:16.234+0700][27.493s][gc,phases   ] GC(94)   Evacuate Collection Set: 0.54ms
[2026-06-24T23:30:16.234+0700][27.493s][gc,phases   ] GC(94)   Post Evacuate Collection Set: 0.86ms
[2026-06-24T23:30:16.234+0700][27.493s][gc,phases   ] GC(94)   Other: 0.13ms
[2026-06-24T23:30:16.234+0700][27.493s][gc,heap     ] GC(94) Eden regions: 307->0(307)
[2026-06-24T23:30:16.234+0700][27.493s][gc,heap     ] GC(94) Survivor regions: 1->1(39)
[2026-06-24T23:30:16.234+0700][27.493s][gc,heap     ] GC(94) Old regions: 8->8
[2026-06-24T23:30:16.234+0700][27.493s][gc,heap     ] GC(94) Humongous regions: 0->0
[2026-06-24T23:30:16.234+0700][27.493s][gc,metaspace] GC(94) Metaspace: 27690K(28352K)->27690K(28352K) NonClass: 23826K(24192K)->23826K(24192K) Class: 3864K(4160K)->3864K(4160K)
[2026-06-24T23:30:16.234+0700][27.493s][gc          ] GC(94) Pause Young (Normal) (G1 Evacuation Pause) 628M->14M(1028M) 2.692ms
[2026-06-24T23:30:16.234+0700][27.493s][gc,cpu      ] GC(94) User=0.00s Sys=0.00s Real=0.00s
[2026-06-24T23:30:16.321+0700][27.580s][gc,start    ] GC(95) Pause Young (Normal) (G1 Evacuation Pause)
[2026-06-24T23:30:16.321+0700][27.580s][gc,task     ] GC(95) Using 13 workers of 13 for evacuation
[2026-06-24T23:30:16.324+0700][27.583s][gc,phases   ] GC(95)   Pre Evacuate Collection Set: 0.38ms
[2026-06-24T23:30:16.324+0700][27.583s][gc,phases   ] GC(95)   Merge Heap Roots: 0.21ms
[2026-06-24T23:30:16.324+0700][27.583s][gc,phases   ] GC(95)   Evacuate Collection Set: 0.60ms
[2026-06-24T23:30:16.324+0700][27.583s][gc,phases   ] GC(95)   Post Evacuate Collection Set: 1.52ms
[2026-06-24T23:30:16.324+0700][27.583s][gc,phases   ] GC(95)   Other: 0.15ms
[2026-06-24T23:30:16.324+0700][27.583s][gc,heap     ] GC(95) Eden regions: 307->0(307)
[2026-06-24T23:30:16.324+0700][27.583s][gc,heap     ] GC(95) Survivor regions: 1->1(39)
[2026-06-24T23:30:16.324+0700][27.583s][gc,heap     ] GC(95) Old regions: 8->8
[2026-06-24T23:30:16.324+0700][27.583s][gc,heap     ] GC(95) Humongous regions: 0->0
[2026-06-24T23:30:16.324+0700][27.583s][gc,metaspace] GC(95) Metaspace: 27690K(28352K)->27690K(28352K) NonClass: 23826K(24192K)->23826K(24192K) Class: 3864K(4160K)->3864K(4160K)
[2026-06-24T23:30:16.324+0700][27.583s][gc          ] GC(95) Pause Young (Normal) (G1 Evacuation Pause) 628M->14M(1028M) 3.343ms
[2026-06-24T23:30:16.324+0700][27.583s][gc,cpu      ] GC(95) User=0.00s Sys=0.00s Real=0.00s
[2026-06-24T23:30:16.409+0700][27.668s][gc,start    ] GC(96) Pause Young (Normal) (G1 Evacuation Pause)
[2026-06-24T23:30:16.409+0700][27.669s][gc,task     ] GC(96) Using 13 workers of 13 for evacuation
[2026-06-24T23:30:16.411+0700][27.671s][gc,phases   ] GC(96)   Pre Evacuate Collection Set: 0.36ms
[2026-06-24T23:30:16.411+0700][27.671s][gc,phases   ] GC(96)   Merge Heap Roots: 0.18ms
[2026-06-24T23:30:16.412+0700][27.671s][gc,phases   ] GC(96)   Evacuate Collection Set: 0.61ms
[2026-06-24T23:30:16.412+0700][27.671s][gc,phases   ] GC(96)   Post Evacuate Collection Set: 0.85ms
[2026-06-24T23:30:16.412+0700][27.671s][gc,phases   ] GC(96)   Other: 0.16ms
[2026-06-24T23:30:16.412+0700][27.671s][gc,heap     ] GC(96) Eden regions: 307->0(307)
[2026-06-24T23:30:16.412+0700][27.671s][gc,heap     ] GC(96) Survivor regions: 1->1(39)
[2026-06-24T23:30:16.412+0700][27.671s][gc,heap     ] GC(96) Old regions: 8->8
[2026-06-24T23:30:16.412+0700][27.671s][gc,heap     ] GC(96) Humongous regions: 0->0
[2026-06-24T23:30:16.412+0700][27.671s][gc,metaspace] GC(96) Metaspace: 27690K(28352K)->27690K(28352K) NonClass: 23826K(24192K)->23826K(24192K) Class: 3864K(4160K)->3864K(4160K)
[2026-06-24T23:30:16.413+0700][27.672s][gc          ] GC(96) Pause Young (Normal) (G1 Evacuation Pause) 628M->14M(1028M) 3.183ms
[2026-06-24T23:30:16.413+0700][27.672s][gc,cpu      ] GC(96) User=0.00s Sys=0.00s Real=0.00s
[2026-06-24T23:30:16.499+0700][27.758s][gc,start    ] GC(97) Pause Young (Normal) (G1 Evacuation Pause)
[2026-06-24T23:30:16.499+0700][27.758s][gc,task     ] GC(97) Using 13 workers of 13 for evacuation
[2026-06-24T23:30:16.501+0700][27.760s][gc,phases   ] GC(97)   Pre Evacuate Collection Set: 0.36ms
[2026-06-24T23:30:16.501+0700][27.760s][gc,phases   ] GC(97)   Merge Heap Roots: 0.16ms
[2026-06-24T23:30:16.501+0700][27.760s][gc,phases   ] GC(97)   Evacuate Collection Set: 0.40ms
[2026-06-24T23:30:16.501+0700][27.760s][gc,phases   ] GC(97)   Post Evacuate Collection Set: 0.74ms
[2026-06-24T23:30:16.501+0700][27.760s][gc,phases   ] GC(97)   Other: 0.23ms
[2026-06-24T23:30:16.501+0700][27.760s][gc,heap     ] GC(97) Eden regions: 307->0(307)
[2026-06-24T23:30:16.501+0700][27.760s][gc,heap     ] GC(97) Survivor regions: 1->1(39)
[2026-06-24T23:30:16.501+0700][27.760s][gc,heap     ] GC(97) Old regions: 8->8
[2026-06-24T23:30:16.501+0700][27.760s][gc,heap     ] GC(97) Humongous regions: 0->0
[2026-06-24T23:30:16.501+0700][27.760s][gc,metaspace] GC(97) Metaspace: 27690K(28352K)->27690K(28352K) NonClass: 23826K(24192K)->23826K(24192K) Class: 3864K(4160K)->3864K(4160K)
[2026-06-24T23:30:16.501+0700][27.760s][gc          ] GC(97) Pause Young (Normal) (G1 Evacuation Pause) 628M->14M(1028M) 2.302ms
[2026-06-24T23:30:16.501+0700][27.760s][gc,cpu      ] GC(97) User=0.00s Sys=0.00s Real=0.00s
[2026-06-24T23:30:16.593+0700][27.852s][gc,start    ] GC(98) Pause Young (Normal) (G1 Evacuation Pause)
[2026-06-24T23:30:16.593+0700][27.852s][gc,task     ] GC(98) Using 13 workers of 13 for evacuation
[2026-06-24T23:30:16.595+0700][27.854s][gc,phases   ] GC(98)   Pre Evacuate Collection Set: 0.37ms
[2026-06-24T23:30:16.595+0700][27.854s][gc,phases   ] GC(98)   Merge Heap Roots: 0.26ms
[2026-06-24T23:30:16.595+0700][27.854s][gc,phases   ] GC(98)   Evacuate Collection Set: 0.51ms
[2026-06-24T23:30:16.595+0700][27.854s][gc,phases   ] GC(98)   Post Evacuate Collection Set: 0.82ms
[2026-06-24T23:30:16.595+0700][27.854s][gc,phases   ] GC(98)   Other: 0.23ms
[2026-06-24T23:30:16.595+0700][27.854s][gc,heap     ] GC(98) Eden regions: 307->0(307)
[2026-06-24T23:30:16.595+0700][27.855s][gc,heap     ] GC(98) Survivor regions: 1->1(39)
[2026-06-24T23:30:16.595+0700][27.855s][gc,heap     ] GC(98) Old regions: 8->8
[2026-06-24T23:30:16.595+0700][27.855s][gc,heap     ] GC(98) Humongous regions: 0->0
[2026-06-24T23:30:16.595+0700][27.855s][gc,metaspace] GC(98) Metaspace: 27690K(28352K)->27690K(28352K) NonClass: 23826K(24192K)->23826K(24192K) Class: 3864K(4160K)->3864K(4160K)
[2026-06-24T23:30:16.595+0700][27.855s][gc          ] GC(98) Pause Young (Normal) (G1 Evacuation Pause) 628M->14M(1028M) 2.612ms
[2026-06-24T23:30:16.595+0700][27.855s][gc,cpu      ] GC(98) User=0.00s Sys=0.00s Real=0.00s
[2026-06-24T23:30:16.682+0700][27.941s][gc,start    ] GC(99) Pause Young (Normal) (G1 Evacuation Pause)
[2026-06-24T23:30:16.682+0700][27.941s][gc,task     ] GC(99) Using 13 workers of 13 for evacuation
[2026-06-24T23:30:16.684+0700][27.943s][gc,phases   ] GC(99)   Pre Evacuate Collection Set: 0.42ms
[2026-06-24T23:30:16.684+0700][27.943s][gc,phases   ] GC(99)   Merge Heap Roots: 0.21ms
[2026-06-24T23:30:16.684+0700][27.944s][gc,phases   ] GC(99)   Evacuate Collection Set: 0.53ms
[2026-06-24T23:30:16.684+0700][27.944s][gc,phases   ] GC(99)   Post Evacuate Collection Set: 1.01ms
[2026-06-24T23:30:16.684+0700][27.944s][gc,phases   ] GC(99)   Other: 0.12ms
[2026-06-24T23:30:16.684+0700][27.944s][gc,heap     ] GC(99) Eden regions: 307->0(307)
[2026-06-24T23:30:16.684+0700][27.944s][gc,heap     ] GC(99) Survivor regions: 1->1(39)
[2026-06-24T23:30:16.684+0700][27.944s][gc,heap     ] GC(99) Old regions: 8->8
[2026-06-24T23:30:16.684+0700][27.944s][gc,heap     ] GC(99) Humongous regions: 0->0
[2026-06-24T23:30:16.684+0700][27.944s][gc,metaspace] GC(99) Metaspace: 27690K(28352K)->27690K(28352K) NonClass: 23826K(24192K)->23826K(24192K) Class: 3864K(4160K)->3864K(4160K)
[2026-06-24T23:30:16.684+0700][27.944s][gc          ] GC(99) Pause Young (Normal) (G1 Evacuation Pause) 628M->14M(1028M) 2.707ms
[2026-06-24T23:30:16.684+0700][27.944s][gc,cpu      ] GC(99) User=0.00s Sys=0.00s Real=0.00s
[2026-06-24T23:30:16.775+0700][28.035s][gc,start    ] GC(100) Pause Young (Normal) (G1 Evacuation Pause)
[2026-06-24T23:30:16.775+0700][28.035s][gc,task     ] GC(100) Using 13 workers of 13 for evacuation
[2026-06-24T23:30:16.778+0700][28.036s][gc,phases   ] GC(100)   Pre Evacuate Collection Set: 0.29ms
[2026-06-24T23:30:16.778+0700][28.037s][gc,phases   ] GC(100)   Merge Heap Roots: 0.20ms
[2026-06-24T23:30:16.778+0700][28.037s][gc,phases   ] GC(100)   Evacuate Collection Set: 0.48ms
[2026-06-24T23:30:16.778+0700][28.037s][gc,phases   ] GC(100)   Post Evacuate Collection Set: 0.69ms
[2026-06-24T23:30:16.778+0700][28.037s][gc,phases   ] GC(100)   Other: 0.16ms
[2026-06-24T23:30:16.778+0700][28.037s][gc,heap     ] GC(100) Eden regions: 307->0(307)
[2026-06-24T23:30:16.778+0700][28.037s][gc,heap     ] GC(100) Survivor regions: 1->1(39)
[2026-06-24T23:30:16.778+0700][28.037s][gc,heap     ] GC(100) Old regions: 8->8
[2026-06-24T23:30:16.778+0700][28.037s][gc,heap     ] GC(100) Humongous regions: 0->0
[2026-06-24T23:30:16.778+0700][28.037s][gc,metaspace] GC(100) Metaspace: 27690K(28352K)->27690K(28352K) NonClass: 23826K(24192K)->23826K(24192K) Class: 3864K(4160K)->3864K(4160K)
[2026-06-24T23:30:16.778+0700][28.037s][gc          ] GC(100) Pause Young (Normal) (G1 Evacuation Pause) 628M->14M(1028M) 2.331ms
[2026-06-24T23:30:16.778+0700][28.037s][gc,cpu      ] GC(100) User=0.00s Sys=0.00s Real=0.00s
[2026-06-24T23:30:16.867+0700][28.126s][gc,start    ] GC(101) Pause Young (Normal) (G1 Evacuation Pause)
[2026-06-24T23:30:16.867+0700][28.126s][gc,task     ] GC(101) Using 13 workers of 13 for evacuation
[2026-06-24T23:30:16.869+0700][28.128s][gc,phases   ] GC(101)   Pre Evacuate Collection Set: 0.33ms
[2026-06-24T23:30:16.869+0700][28.128s][gc,phases   ] GC(101)   Merge Heap Roots: 0.20ms
[2026-06-24T23:30:16.869+0700][28.129s][gc,phases   ] GC(101)   Evacuate Collection Set: 0.59ms
[2026-06-24T23:30:16.869+0700][28.129s][gc,phases   ] GC(101)   Post Evacuate Collection Set: 1.22ms
[2026-06-24T23:30:16.869+0700][28.129s][gc,phases   ] GC(101)   Other: 0.12ms
[2026-06-24T23:30:16.869+0700][28.129s][gc,heap     ] GC(101) Eden regions: 307->0(307)
[2026-06-24T23:30:16.869+0700][28.129s][gc,heap     ] GC(101) Survivor regions: 1->1(39)
[2026-06-24T23:30:16.869+0700][28.129s][gc,heap     ] GC(101) Old regions: 8->8
[2026-06-24T23:30:16.869+0700][28.129s][gc,heap     ] GC(101) Humongous regions: 0->0
[2026-06-24T23:30:16.869+0700][28.129s][gc,metaspace] GC(101) Metaspace: 27690K(28352K)->27690K(28352K) NonClass: 23826K(24192K)->23826K(24192K) Class: 3864K(4160K)->3864K(4160K)
[2026-06-24T23:30:16.869+0700][28.129s][gc          ] GC(101) Pause Young (Normal) (G1 Evacuation Pause) 628M->14M(1028M) 3.005ms
[2026-06-24T23:30:16.870+0700][28.129s][gc,cpu      ] GC(101) User=0.00s Sys=0.02s Real=0.00s
[2026-06-24T23:30:16.962+0700][28.220s][gc,start    ] GC(102) Pause Young (Normal) (G1 Evacuation Pause)
[2026-06-24T23:30:16.962+0700][28.221s][gc,task     ] GC(102) Using 13 workers of 13 for evacuation
[2026-06-24T23:30:16.964+0700][28.223s][gc,phases   ] GC(102)   Pre Evacuate Collection Set: 0.34ms
[2026-06-24T23:30:16.964+0700][28.223s][gc,phases   ] GC(102)   Merge Heap Roots: 0.23ms
[2026-06-24T23:30:16.964+0700][28.223s][gc,phases   ] GC(102)   Evacuate Collection Set: 0.51ms
[2026-06-24T23:30:16.964+0700][28.223s][gc,phases   ] GC(102)   Post Evacuate Collection Set: 0.79ms
[2026-06-24T23:30:16.964+0700][28.223s][gc,phases   ] GC(102)   Other: 0.26ms
[2026-06-24T23:30:16.964+0700][28.223s][gc,heap     ] GC(102) Eden regions: 307->0(307)
[2026-06-24T23:30:16.964+0700][28.223s][gc,heap     ] GC(102) Survivor regions: 1->1(39)
[2026-06-24T23:30:16.964+0700][28.223s][gc,heap     ] GC(102) Old regions: 8->8
[2026-06-24T23:30:16.964+0700][28.223s][gc,heap     ] GC(102) Humongous regions: 0->0
[2026-06-24T23:30:16.964+0700][28.223s][gc,metaspace] GC(102) Metaspace: 27690K(28352K)->27690K(28352K) NonClass: 23826K(24192K)->23826K(24192K) Class: 3864K(4160K)->3864K(4160K)
[2026-06-24T23:30:16.964+0700][28.223s][gc          ] GC(102) Pause Young (Normal) (G1 Evacuation Pause) 628M->14M(1028M) 2.786ms
[2026-06-24T23:30:16.964+0700][28.223s][gc,cpu      ] GC(102) User=0.00s Sys=0.02s Real=0.00s
[2026-06-24T23:30:17.057+0700][28.317s][gc,start    ] GC(103) Pause Young (Normal) (G1 Evacuation Pause)
[2026-06-24T23:30:17.058+0700][28.317s][gc,task     ] GC(103) Using 13 workers of 13 for evacuation
[2026-06-24T23:30:17.061+0700][28.320s][gc,phases   ] GC(103)   Pre Evacuate Collection Set: 0.35ms
[2026-06-24T23:30:17.061+0700][28.320s][gc,phases   ] GC(103)   Merge Heap Roots: 0.23ms
[2026-06-24T23:30:17.061+0700][28.320s][gc,phases   ] GC(103)   Evacuate Collection Set: 0.44ms
[2026-06-24T23:30:17.061+0700][28.320s][gc,phases   ] GC(103)   Post Evacuate Collection Set: 0.89ms
[2026-06-24T23:30:17.061+0700][28.320s][gc,phases   ] GC(103)   Other: 0.50ms
[2026-06-24T23:30:17.061+0700][28.320s][gc,heap     ] GC(103) Eden regions: 307->0(307)
[2026-06-24T23:30:17.061+0700][28.320s][gc,heap     ] GC(103) Survivor regions: 1->1(39)
[2026-06-24T23:30:17.061+0700][28.320s][gc,heap     ] GC(103) Old regions: 8->8
[2026-06-24T23:30:17.061+0700][28.320s][gc,heap     ] GC(103) Humongous regions: 0->0
[2026-06-24T23:30:17.061+0700][28.320s][gc,metaspace] GC(103) Metaspace: 27690K(28352K)->27690K(28352K) NonClass: 23826K(24192K)->23826K(24192K) Class: 3864K(4160K)->3864K(4160K)
[2026-06-24T23:30:17.061+0700][28.320s][gc          ] GC(103) Pause Young (Normal) (G1 Evacuation Pause) 628M->14M(1028M) 3.344ms
[2026-06-24T23:30:17.061+0700][28.320s][gc,cpu      ] GC(103) User=0.00s Sys=0.00s Real=0.00s
[2026-06-24T23:30:17.153+0700][28.412s][gc,start    ] GC(104) Pause Young (Normal) (G1 Evacuation Pause)
[2026-06-24T23:30:17.154+0700][28.413s][gc,task     ] GC(104) Using 13 workers of 13 for evacuation
[2026-06-24T23:30:17.155+0700][28.415s][gc,phases   ] GC(104)   Pre Evacuate Collection Set: 0.32ms
[2026-06-24T23:30:17.155+0700][28.415s][gc,phases   ] GC(104)   Merge Heap Roots: 0.19ms
[2026-06-24T23:30:17.155+0700][28.415s][gc,phases   ] GC(104)   Evacuate Collection Set: 0.49ms
[2026-06-24T23:30:17.155+0700][28.415s][gc,phases   ] GC(104)   Post Evacuate Collection Set: 0.87ms
[2026-06-24T23:30:17.155+0700][28.415s][gc,phases   ] GC(104)   Other: 0.12ms
[2026-06-24T23:30:17.155+0700][28.415s][gc,heap     ] GC(104) Eden regions: 307->0(307)
[2026-06-24T23:30:17.155+0700][28.415s][gc,heap     ] GC(104) Survivor regions: 1->1(39)
[2026-06-24T23:30:17.156+0700][28.415s][gc,heap     ] GC(104) Old regions: 8->8
[2026-06-24T23:30:17.156+0700][28.415s][gc,heap     ] GC(104) Humongous regions: 0->0
[2026-06-24T23:30:17.156+0700][28.415s][gc,metaspace] GC(104) Metaspace: 27690K(28352K)->27690K(28352K) NonClass: 23826K(24192K)->23826K(24192K) Class: 3864K(4160K)->3864K(4160K)
[2026-06-24T23:30:17.156+0700][28.415s][gc          ] GC(104) Pause Young (Normal) (G1 Evacuation Pause) 628M->14M(1028M) 2.493ms
[2026-06-24T23:30:17.156+0700][28.415s][gc,cpu      ] GC(104) User=0.00s Sys=0.00s Real=0.00s
[2026-06-24T23:30:17.247+0700][28.506s][gc,start    ] GC(105) Pause Young (Normal) (G1 Evacuation Pause)
[2026-06-24T23:30:17.248+0700][28.506s][gc,task     ] GC(105) Using 13 workers of 13 for evacuation
[2026-06-24T23:30:17.249+0700][28.508s][gc,phases   ] GC(105)   Pre Evacuate Collection Set: 0.42ms
[2026-06-24T23:30:17.250+0700][28.508s][gc,phases   ] GC(105)   Merge Heap Roots: 0.23ms
[2026-06-24T23:30:17.250+0700][28.508s][gc,phases   ] GC(105)   Evacuate Collection Set: 0.50ms
[2026-06-24T23:30:17.250+0700][28.508s][gc,phases   ] GC(105)   Post Evacuate Collection Set: 0.80ms
[2026-06-24T23:30:17.250+0700][28.508s][gc,phases   ] GC(105)   Other: 0.14ms
[2026-06-24T23:30:17.250+0700][28.508s][gc,heap     ] GC(105) Eden regions: 307->0(307)
[2026-06-24T23:30:17.250+0700][28.508s][gc,heap     ] GC(105) Survivor regions: 1->1(39)
[2026-06-24T23:30:17.250+0700][28.509s][gc,heap     ] GC(105) Old regions: 8->8
[2026-06-24T23:30:17.250+0700][28.509s][gc,heap     ] GC(105) Humongous regions: 0->0
[2026-06-24T23:30:17.250+0700][28.509s][gc,metaspace] GC(105) Metaspace: 27690K(28352K)->27690K(28352K) NonClass: 23826K(24192K)->23826K(24192K) Class: 3864K(4160K)->3864K(4160K)
[2026-06-24T23:30:17.250+0700][28.509s][gc          ] GC(105) Pause Young (Normal) (G1 Evacuation Pause) 628M->14M(1028M) 2.643ms
[2026-06-24T23:30:17.250+0700][28.509s][gc,cpu      ] GC(105) User=0.00s Sys=0.00s Real=0.00s
[2026-06-24T23:30:17.343+0700][28.602s][gc,start    ] GC(106) Pause Young (Normal) (G1 Evacuation Pause)
[2026-06-24T23:30:17.344+0700][28.603s][gc,task     ] GC(106) Using 13 workers of 13 for evacuation
[2026-06-24T23:30:17.345+0700][28.605s][gc,phases   ] GC(106)   Pre Evacuate Collection Set: 0.39ms
[2026-06-24T23:30:17.346+0700][28.605s][gc,phases   ] GC(106)   Merge Heap Roots: 0.20ms
[2026-06-24T23:30:17.346+0700][28.605s][gc,phases   ] GC(106)   Evacuate Collection Set: 0.47ms
[2026-06-24T23:30:17.346+0700][28.605s][gc,phases   ] GC(106)   Post Evacuate Collection Set: 0.74ms
[2026-06-24T23:30:17.346+0700][28.605s][gc,phases   ] GC(106)   Other: 0.13ms
[2026-06-24T23:30:17.346+0700][28.605s][gc,heap     ] GC(106) Eden regions: 307->0(307)
[2026-06-24T23:30:17.346+0700][28.605s][gc,heap     ] GC(106) Survivor regions: 1->1(39)
[2026-06-24T23:30:17.346+0700][28.605s][gc,heap     ] GC(106) Old regions: 8->8
[2026-06-24T23:30:17.346+0700][28.605s][gc,heap     ] GC(106) Humongous regions: 0->0
[2026-06-24T23:30:17.346+0700][28.605s][gc,metaspace] GC(106) Metaspace: 27690K(28352K)->27690K(28352K) NonClass: 23826K(24192K)->23826K(24192K) Class: 3864K(4160K)->3864K(4160K)
[2026-06-24T23:30:17.346+0700][28.605s][gc          ] GC(106) Pause Young (Normal) (G1 Evacuation Pause) 628M->14M(1028M) 2.470ms
[2026-06-24T23:30:17.346+0700][28.605s][gc,cpu      ] GC(106) User=0.00s Sys=0.00s Real=0.00s
[2026-06-24T23:30:17.437+0700][28.697s][gc,start    ] GC(107) Pause Young (Normal) (G1 Evacuation Pause)
[2026-06-24T23:30:17.438+0700][28.697s][gc,task     ] GC(107) Using 13 workers of 13 for evacuation
[2026-06-24T23:30:17.440+0700][28.700s][gc,phases   ] GC(107)   Pre Evacuate Collection Set: 0.44ms
[2026-06-24T23:30:17.442+0700][28.700s][gc,phases   ] GC(107)   Merge Heap Roots: 0.26ms
[2026-06-24T23:30:17.442+0700][28.700s][gc,phases   ] GC(107)   Evacuate Collection Set: 0.58ms
[2026-06-24T23:30:17.442+0700][28.700s][gc,phases   ] GC(107)   Post Evacuate Collection Set: 1.19ms
[2026-06-24T23:30:17.442+0700][28.700s][gc,phases   ] GC(107)   Other: 0.18ms
[2026-06-24T23:30:17.442+0700][28.701s][gc,heap     ] GC(107) Eden regions: 307->0(307)
[2026-06-24T23:30:17.442+0700][28.701s][gc,heap     ] GC(107) Survivor regions: 1->1(39)
[2026-06-24T23:30:17.442+0700][28.701s][gc,heap     ] GC(107) Old regions: 8->8
[2026-06-24T23:30:17.442+0700][28.701s][gc,heap     ] GC(107) Humongous regions: 0->0
[2026-06-24T23:30:17.442+0700][28.701s][gc,metaspace] GC(107) Metaspace: 27690K(28352K)->27690K(28352K) NonClass: 23826K(24192K)->23826K(24192K) Class: 3864K(4160K)->3864K(4160K)
[2026-06-24T23:30:17.442+0700][28.701s][gc          ] GC(107) Pause Young (Normal) (G1 Evacuation Pause) 628M->14M(1028M) 4.093ms
[2026-06-24T23:30:17.442+0700][28.701s][gc,cpu      ] GC(107) User=0.00s Sys=0.00s Real=0.00s
[2026-06-24T23:30:17.548+0700][28.807s][gc,start    ] GC(108) Pause Young (Normal) (G1 Evacuation Pause)
[2026-06-24T23:30:17.549+0700][28.807s][gc,task     ] GC(108) Using 13 workers of 13 for evacuation
[2026-06-24T23:30:17.551+0700][28.809s][gc,phases   ] GC(108)   Pre Evacuate Collection Set: 0.43ms
[2026-06-24T23:30:17.551+0700][28.809s][gc,phases   ] GC(108)   Merge Heap Roots: 0.20ms
[2026-06-24T23:30:17.551+0700][28.809s][gc,phases   ] GC(108)   Evacuate Collection Set: 0.68ms
[2026-06-24T23:30:17.551+0700][28.809s][gc,phases   ] GC(108)   Post Evacuate Collection Set: 0.74ms
[2026-06-24T23:30:17.551+0700][28.809s][gc,phases   ] GC(108)   Other: 0.15ms
[2026-06-24T23:30:17.551+0700][28.809s][gc,heap     ] GC(108) Eden regions: 307->0(307)
[2026-06-24T23:30:17.551+0700][28.809s][gc,heap     ] GC(108) Survivor regions: 1->1(39)
[2026-06-24T23:30:17.551+0700][28.809s][gc,heap     ] GC(108) Old regions: 8->8
[2026-06-24T23:30:17.551+0700][28.809s][gc,heap     ] GC(108) Humongous regions: 0->0
[2026-06-24T23:30:17.551+0700][28.810s][gc,metaspace] GC(108) Metaspace: 27690K(28352K)->27690K(28352K) NonClass: 23826K(24192K)->23826K(24192K) Class: 3864K(4160K)->3864K(4160K)
[2026-06-24T23:30:17.551+0700][28.810s][gc          ] GC(108) Pause Young (Normal) (G1 Evacuation Pause) 628M->14M(1028M) 2.694ms
[2026-06-24T23:30:17.551+0700][28.810s][gc,cpu      ] GC(108) User=0.00s Sys=0.00s Real=0.00s
[2026-06-24T23:30:17.670+0700][28.929s][gc,start    ] GC(109) Pause Young (Normal) (G1 Evacuation Pause)
[2026-06-24T23:30:17.670+0700][28.929s][gc,task     ] GC(109) Using 13 workers of 13 for evacuation
[2026-06-24T23:30:17.673+0700][28.932s][gc,phases   ] GC(109)   Pre Evacuate Collection Set: 0.37ms
[2026-06-24T23:30:17.673+0700][28.932s][gc,phases   ] GC(109)   Merge Heap Roots: 0.20ms
[2026-06-24T23:30:17.673+0700][28.932s][gc,phases   ] GC(109)   Evacuate Collection Set: 1.14ms
[2026-06-24T23:30:17.673+0700][28.932s][gc,phases   ] GC(109)   Post Evacuate Collection Set: 1.05ms
[2026-06-24T23:30:17.673+0700][28.932s][gc,phases   ] GC(109)   Other: 0.15ms
[2026-06-24T23:30:17.673+0700][28.932s][gc,heap     ] GC(109) Eden regions: 307->0(307)
[2026-06-24T23:30:17.673+0700][28.932s][gc,heap     ] GC(109) Survivor regions: 1->1(39)
[2026-06-24T23:30:17.673+0700][28.932s][gc,heap     ] GC(109) Old regions: 8->8
[2026-06-24T23:30:17.673+0700][28.932s][gc,heap     ] GC(109) Humongous regions: 0->0
[2026-06-24T23:30:17.673+0700][28.932s][gc,metaspace] GC(109) Metaspace: 27690K(28352K)->27690K(28352K) NonClass: 23826K(24192K)->23826K(24192K) Class: 3864K(4160K)->3864K(4160K)
[2026-06-24T23:30:17.673+0700][28.932s][gc          ] GC(109) Pause Young (Normal) (G1 Evacuation Pause) 628M->14M(1028M) 3.430ms
[2026-06-24T23:30:17.673+0700][28.932s][gc,cpu      ] GC(109) User=0.00s Sys=0.00s Real=0.00s
[2026-06-24T23:30:17.790+0700][29.050s][gc,start    ] GC(110) Pause Young (Normal) (G1 Evacuation Pause)
[2026-06-24T23:30:17.791+0700][29.050s][gc,task     ] GC(110) Using 13 workers of 13 for evacuation
[2026-06-24T23:30:17.793+0700][29.053s][gc,phases   ] GC(110)   Pre Evacuate Collection Set: 0.41ms
[2026-06-24T23:30:17.793+0700][29.053s][gc,phases   ] GC(110)   Merge Heap Roots: 0.30ms
[2026-06-24T23:30:17.793+0700][29.053s][gc,phases   ] GC(110)   Evacuate Collection Set: 0.99ms
[2026-06-24T23:30:17.793+0700][29.053s][gc,phases   ] GC(110)   Post Evacuate Collection Set: 0.79ms
[2026-06-24T23:30:17.793+0700][29.053s][gc,phases   ] GC(110)   Other: 0.31ms
[2026-06-24T23:30:17.793+0700][29.053s][gc,heap     ] GC(110) Eden regions: 307->0(307)
[2026-06-24T23:30:17.793+0700][29.053s][gc,heap     ] GC(110) Survivor regions: 1->1(39)
[2026-06-24T23:30:17.794+0700][29.053s][gc,heap     ] GC(110) Old regions: 8->8
[2026-06-24T23:30:17.794+0700][29.053s][gc,heap     ] GC(110) Humongous regions: 0->0
[2026-06-24T23:30:17.794+0700][29.053s][gc,metaspace] GC(110) Metaspace: 27690K(28352K)->27690K(28352K) NonClass: 23826K(24192K)->23826K(24192K) Class: 3864K(4160K)->3864K(4160K)
[2026-06-24T23:30:17.794+0700][29.053s][gc          ] GC(110) Pause Young (Normal) (G1 Evacuation Pause) 628M->14M(1028M) 3.435ms
[2026-06-24T23:30:17.794+0700][29.053s][gc,cpu      ] GC(110) User=0.00s Sys=0.00s Real=0.00s
[2026-06-24T23:30:17.903+0700][29.162s][gc,start    ] GC(111) Pause Young (Normal) (G1 Evacuation Pause)
[2026-06-24T23:30:17.903+0700][29.162s][gc,task     ] GC(111) Using 13 workers of 13 for evacuation
[2026-06-24T23:30:17.905+0700][29.164s][gc,phases   ] GC(111)   Pre Evacuate Collection Set: 0.37ms
[2026-06-24T23:30:17.905+0700][29.164s][gc,phases   ] GC(111)   Merge Heap Roots: 0.28ms
[2026-06-24T23:30:17.905+0700][29.164s][gc,phases   ] GC(111)   Evacuate Collection Set: 0.58ms
[2026-06-24T23:30:17.905+0700][29.164s][gc,phases   ] GC(111)   Post Evacuate Collection Set: 0.88ms
[2026-06-24T23:30:17.905+0700][29.164s][gc,phases   ] GC(111)   Other: 0.14ms
[2026-06-24T23:30:17.905+0700][29.164s][gc,heap     ] GC(111) Eden regions: 307->0(307)
[2026-06-24T23:30:17.905+0700][29.164s][gc,heap     ] GC(111) Survivor regions: 1->1(39)
[2026-06-24T23:30:17.905+0700][29.164s][gc,heap     ] GC(111) Old regions: 8->8
[2026-06-24T23:30:17.905+0700][29.164s][gc,heap     ] GC(111) Humongous regions: 0->0
[2026-06-24T23:30:17.905+0700][29.164s][gc,metaspace] GC(111) Metaspace: 27690K(28352K)->27690K(28352K) NonClass: 23826K(24192K)->23826K(24192K) Class: 3864K(4160K)->3864K(4160K)
[2026-06-24T23:30:17.905+0700][29.165s][gc          ] GC(111) Pause Young (Normal) (G1 Evacuation Pause) 628M->14M(1028M) 2.902ms
[2026-06-24T23:30:17.905+0700][29.165s][gc,cpu      ] GC(111) User=0.00s Sys=0.00s Real=0.00s
[2026-06-24T23:30:18.004+0700][29.263s][gc,start    ] GC(112) Pause Young (Normal) (G1 Evacuation Pause)
[2026-06-24T23:30:18.004+0700][29.263s][gc,task     ] GC(112) Using 13 workers of 13 for evacuation
[2026-06-24T23:30:18.006+0700][29.265s][gc,phases   ] GC(112)   Pre Evacuate Collection Set: 0.37ms
[2026-06-24T23:30:18.006+0700][29.265s][gc,phases   ] GC(112)   Merge Heap Roots: 0.21ms
[2026-06-24T23:30:18.006+0700][29.266s][gc,phases   ] GC(112)   Evacuate Collection Set: 0.68ms
[2026-06-24T23:30:18.006+0700][29.266s][gc,phases   ] GC(112)   Post Evacuate Collection Set: 1.07ms
[2026-06-24T23:30:18.007+0700][29.266s][gc,phases   ] GC(112)   Other: 0.14ms
[2026-06-24T23:30:18.007+0700][29.266s][gc,heap     ] GC(112) Eden regions: 307->0(307)
[2026-06-24T23:30:18.007+0700][29.266s][gc,heap     ] GC(112) Survivor regions: 1->1(39)
[2026-06-24T23:30:18.007+0700][29.266s][gc,heap     ] GC(112) Old regions: 8->8
[2026-06-24T23:30:18.007+0700][29.266s][gc,heap     ] GC(112) Humongous regions: 0->0
[2026-06-24T23:30:18.007+0700][29.266s][gc,metaspace] GC(112) Metaspace: 27690K(28352K)->27690K(28352K) NonClass: 23826K(24192K)->23826K(24192K) Class: 3864K(4160K)->3864K(4160K)
[2026-06-24T23:30:18.007+0700][29.266s][gc          ] GC(112) Pause Young (Normal) (G1 Evacuation Pause) 628M->14M(1028M) 2.978ms
[2026-06-24T23:30:18.007+0700][29.266s][gc,cpu      ] GC(112) User=0.00s Sys=0.00s Real=0.00s
[2026-06-24T23:30:18.118+0700][29.377s][gc,start    ] GC(113) Pause Young (Normal) (G1 Evacuation Pause)
[2026-06-24T23:30:18.118+0700][29.377s][gc,task     ] GC(113) Using 13 workers of 13 for evacuation
[2026-06-24T23:30:18.120+0700][29.379s][gc,phases   ] GC(113)   Pre Evacuate Collection Set: 0.32ms
[2026-06-24T23:30:18.120+0700][29.379s][gc,phases   ] GC(113)   Merge Heap Roots: 0.28ms
[2026-06-24T23:30:18.120+0700][29.379s][gc,phases   ] GC(113)   Evacuate Collection Set: 0.46ms
[2026-06-24T23:30:18.120+0700][29.379s][gc,phases   ] GC(113)   Post Evacuate Collection Set: 0.75ms
[2026-06-24T23:30:18.120+0700][29.379s][gc,phases   ] GC(113)   Other: 0.13ms
[2026-06-24T23:30:18.120+0700][29.379s][gc,heap     ] GC(113) Eden regions: 307->0(307)
[2026-06-24T23:30:18.120+0700][29.379s][gc,heap     ] GC(113) Survivor regions: 1->1(39)
[2026-06-24T23:30:18.120+0700][29.379s][gc,heap     ] GC(113) Old regions: 8->8
[2026-06-24T23:30:18.120+0700][29.379s][gc,heap     ] GC(113) Humongous regions: 0->0
[2026-06-24T23:30:18.120+0700][29.379s][gc,metaspace] GC(113) Metaspace: 27690K(28352K)->27690K(28352K) NonClass: 23826K(24192K)->23826K(24192K) Class: 3864K(4160K)->3864K(4160K)
[2026-06-24T23:30:18.120+0700][29.379s][gc          ] GC(113) Pause Young (Normal) (G1 Evacuation Pause) 628M->14M(1028M) 2.356ms
[2026-06-24T23:30:18.120+0700][29.380s][gc,cpu      ] GC(113) User=0.02s Sys=0.00s Real=0.00s
[2026-06-24T23:30:18.244+0700][29.503s][gc,start    ] GC(114) Pause Young (Normal) (G1 Evacuation Pause)
[2026-06-24T23:30:18.244+0700][29.503s][gc,task     ] GC(114) Using 13 workers of 13 for evacuation
[2026-06-24T23:30:18.246+0700][29.505s][gc,phases   ] GC(114)   Pre Evacuate Collection Set: 0.38ms
[2026-06-24T23:30:18.246+0700][29.505s][gc,phases   ] GC(114)   Merge Heap Roots: 0.23ms
[2026-06-24T23:30:18.246+0700][29.505s][gc,phases   ] GC(114)   Evacuate Collection Set: 0.65ms
[2026-06-24T23:30:18.246+0700][29.505s][gc,phases   ] GC(114)   Post Evacuate Collection Set: 0.80ms
[2026-06-24T23:30:18.246+0700][29.505s][gc,phases   ] GC(114)   Other: 0.20ms
[2026-06-24T23:30:18.246+0700][29.505s][gc,heap     ] GC(114) Eden regions: 307->0(307)
[2026-06-24T23:30:18.246+0700][29.505s][gc,heap     ] GC(114) Survivor regions: 1->1(39)
[2026-06-24T23:30:18.246+0700][29.505s][gc,heap     ] GC(114) Old regions: 8->8
[2026-06-24T23:30:18.246+0700][29.506s][gc,heap     ] GC(114) Humongous regions: 0->0
[2026-06-24T23:30:18.246+0700][29.506s][gc,metaspace] GC(114) Metaspace: 27690K(28352K)->27690K(28352K) NonClass: 23826K(24192K)->23826K(24192K) Class: 3864K(4160K)->3864K(4160K)
[2026-06-24T23:30:18.246+0700][29.506s][gc          ] GC(114) Pause Young (Normal) (G1 Evacuation Pause) 628M->14M(1028M) 3.015ms
[2026-06-24T23:30:18.247+0700][29.506s][gc,cpu      ] GC(114) User=0.00s Sys=0.00s Real=0.00s
[2026-06-24T23:30:18.365+0700][29.624s][gc,start    ] GC(115) Pause Young (Normal) (G1 Evacuation Pause)
[2026-06-24T23:30:18.366+0700][29.624s][gc,task     ] GC(115) Using 13 workers of 13 for evacuation
[2026-06-24T23:30:18.368+0700][29.626s][gc,phases   ] GC(115)   Pre Evacuate Collection Set: 0.41ms
[2026-06-24T23:30:18.368+0700][29.626s][gc,phases   ] GC(115)   Merge Heap Roots: 0.22ms
[2026-06-24T23:30:18.368+0700][29.626s][gc,phases   ] GC(115)   Evacuate Collection Set: 0.43ms
[2026-06-24T23:30:18.368+0700][29.627s][gc,phases   ] GC(115)   Post Evacuate Collection Set: 1.04ms
[2026-06-24T23:30:18.368+0700][29.627s][gc,phases   ] GC(115)   Other: 0.19ms
[2026-06-24T23:30:18.368+0700][29.627s][gc,heap     ] GC(115) Eden regions: 307->0(307)
[2026-06-24T23:30:18.368+0700][29.627s][gc,heap     ] GC(115) Survivor regions: 1->1(39)
[2026-06-24T23:30:18.368+0700][29.627s][gc,heap     ] GC(115) Old regions: 8->8
[2026-06-24T23:30:18.368+0700][29.627s][gc,heap     ] GC(115) Humongous regions: 0->0
[2026-06-24T23:30:18.368+0700][29.627s][gc,metaspace] GC(115) Metaspace: 27690K(28352K)->27690K(28352K) NonClass: 23826K(24192K)->23826K(24192K) Class: 3864K(4160K)->3864K(4160K)
[2026-06-24T23:30:18.368+0700][29.627s][gc          ] GC(115) Pause Young (Normal) (G1 Evacuation Pause) 628M->14M(1028M) 2.906ms
[2026-06-24T23:30:18.368+0700][29.627s][gc,cpu      ] GC(115) User=0.00s Sys=0.00s Real=0.00s
[2026-06-24T23:30:18.475+0700][29.734s][gc,start    ] GC(116) Pause Young (Normal) (G1 Evacuation Pause)
[2026-06-24T23:30:18.475+0700][29.734s][gc,task     ] GC(116) Using 13 workers of 13 for evacuation
[2026-06-24T23:30:18.477+0700][29.736s][gc,phases   ] GC(116)   Pre Evacuate Collection Set: 0.27ms
[2026-06-24T23:30:18.477+0700][29.736s][gc,phases   ] GC(116)   Merge Heap Roots: 0.15ms
[2026-06-24T23:30:18.477+0700][29.736s][gc,phases   ] GC(116)   Evacuate Collection Set: 0.64ms
[2026-06-24T23:30:18.477+0700][29.736s][gc,phases   ] GC(116)   Post Evacuate Collection Set: 0.66ms
[2026-06-24T23:30:18.477+0700][29.736s][gc,phases   ] GC(116)   Other: 0.16ms
[2026-06-24T23:30:18.477+0700][29.736s][gc,heap     ] GC(116) Eden regions: 307->0(307)
[2026-06-24T23:30:18.477+0700][29.736s][gc,heap     ] GC(116) Survivor regions: 1->1(39)
[2026-06-24T23:30:18.477+0700][29.736s][gc,heap     ] GC(116) Old regions: 8->8
[2026-06-24T23:30:18.477+0700][29.736s][gc,heap     ] GC(116) Humongous regions: 0->0
[2026-06-24T23:30:18.477+0700][29.736s][gc,metaspace] GC(116) Metaspace: 27690K(28352K)->27690K(28352K) NonClass: 23826K(24192K)->23826K(24192K) Class: 3864K(4160K)->3864K(4160K)
[2026-06-24T23:30:18.477+0700][29.736s][gc          ] GC(116) Pause Young (Normal) (G1 Evacuation Pause) 628M->14M(1028M) 2.362ms
[2026-06-24T23:30:18.477+0700][29.736s][gc,cpu      ] GC(116) User=0.00s Sys=0.00s Real=0.00s
[2026-06-24T23:30:18.576+0700][29.835s][gc,start    ] GC(117) Pause Young (Normal) (G1 Evacuation Pause)
[2026-06-24T23:30:18.576+0700][29.836s][gc,task     ] GC(117) Using 13 workers of 13 for evacuation
[2026-06-24T23:30:18.578+0700][29.837s][gc,phases   ] GC(117)   Pre Evacuate Collection Set: 0.27ms
[2026-06-24T23:30:18.578+0700][29.837s][gc,phases   ] GC(117)   Merge Heap Roots: 0.22ms
[2026-06-24T23:30:18.578+0700][29.837s][gc,phases   ] GC(117)   Evacuate Collection Set: 0.41ms
[2026-06-24T23:30:18.578+0700][29.837s][gc,phases   ] GC(117)   Post Evacuate Collection Set: 0.60ms
[2026-06-24T23:30:18.578+0700][29.837s][gc,phases   ] GC(117)   Other: 0.13ms
[2026-06-24T23:30:18.578+0700][29.837s][gc,heap     ] GC(117) Eden regions: 307->0(307)
[2026-06-24T23:30:18.578+0700][29.837s][gc,heap     ] GC(117) Survivor regions: 1->1(39)
[2026-06-24T23:30:18.578+0700][29.837s][gc,heap     ] GC(117) Old regions: 8->8
[2026-06-24T23:30:18.578+0700][29.837s][gc,heap     ] GC(117) Humongous regions: 0->0
[2026-06-24T23:30:18.578+0700][29.837s][gc,metaspace] GC(117) Metaspace: 27690K(28352K)->27690K(28352K) NonClass: 23826K(24192K)->23826K(24192K) Class: 3864K(4160K)->3864K(4160K)
[2026-06-24T23:30:18.578+0700][29.837s][gc          ] GC(117) Pause Young (Normal) (G1 Evacuation Pause) 628M->14M(1028M) 2.065ms
[2026-06-24T23:30:18.578+0700][29.837s][gc,cpu      ] GC(117) User=0.00s Sys=0.00s Real=0.00s
[2026-06-24T23:30:18.688+0700][29.946s][gc,start    ] GC(118) Pause Young (Normal) (G1 Evacuation Pause)
[2026-06-24T23:30:18.688+0700][29.946s][gc,task     ] GC(118) Using 13 workers of 13 for evacuation
[2026-06-24T23:30:18.691+0700][29.949s][gc,phases   ] GC(118)   Pre Evacuate Collection Set: 0.34ms
[2026-06-24T23:30:18.691+0700][29.949s][gc,phases   ] GC(118)   Merge Heap Roots: 0.19ms
[2026-06-24T23:30:18.691+0700][29.949s][gc,phases   ] GC(118)   Evacuate Collection Set: 0.62ms
[2026-06-24T23:30:18.691+0700][29.949s][gc,phases   ] GC(118)   Post Evacuate Collection Set: 1.21ms
[2026-06-24T23:30:18.691+0700][29.949s][gc,phases   ] GC(118)   Other: 0.17ms
[2026-06-24T23:30:18.691+0700][29.949s][gc,heap     ] GC(118) Eden regions: 307->0(307)
[2026-06-24T23:30:18.691+0700][29.949s][gc,heap     ] GC(118) Survivor regions: 1->1(39)
[2026-06-24T23:30:18.691+0700][29.949s][gc,heap     ] GC(118) Old regions: 8->8
[2026-06-24T23:30:18.691+0700][29.950s][gc,heap     ] GC(118) Humongous regions: 0->0
[2026-06-24T23:30:18.691+0700][29.950s][gc,metaspace] GC(118) Metaspace: 27690K(28352K)->27690K(28352K) NonClass: 23826K(24192K)->23826K(24192K) Class: 3864K(4160K)->3864K(4160K)
[2026-06-24T23:30:18.692+0700][29.950s][gc          ] GC(118) Pause Young (Normal) (G1 Evacuation Pause) 628M->14M(1028M) 3.806ms
[2026-06-24T23:30:18.692+0700][29.950s][gc,cpu      ] GC(118) User=0.00s Sys=0.00s Real=0.00s
[2026-06-24T23:30:18.789+0700][30.048s][gc,start    ] GC(119) Pause Young (Normal) (G1 Evacuation Pause)
[2026-06-24T23:30:18.789+0700][30.048s][gc,task     ] GC(119) Using 13 workers of 13 for evacuation
[2026-06-24T23:30:18.791+0700][30.051s][gc,phases   ] GC(119)   Pre Evacuate Collection Set: 0.46ms
[2026-06-24T23:30:18.791+0700][30.051s][gc,phases   ] GC(119)   Merge Heap Roots: 0.30ms
[2026-06-24T23:30:18.791+0700][30.051s][gc,phases   ] GC(119)   Evacuate Collection Set: 0.79ms
[2026-06-24T23:30:18.791+0700][30.051s][gc,phases   ] GC(119)   Post Evacuate Collection Set: 1.18ms
[2026-06-24T23:30:18.791+0700][30.051s][gc,phases   ] GC(119)   Other: 0.21ms
[2026-06-24T23:30:18.791+0700][30.051s][gc,heap     ] GC(119) Eden regions: 307->0(307)
[2026-06-24T23:30:18.791+0700][30.051s][gc,heap     ] GC(119) Survivor regions: 1->1(39)
[2026-06-24T23:30:18.791+0700][30.051s][gc,heap     ] GC(119) Old regions: 8->8
[2026-06-24T23:30:18.791+0700][30.051s][gc,heap     ] GC(119) Humongous regions: 0->0
[2026-06-24T23:30:18.791+0700][30.051s][gc,metaspace] GC(119) Metaspace: 27690K(28352K)->27690K(28352K) NonClass: 23826K(24192K)->23826K(24192K) Class: 3864K(4160K)->3864K(4160K)
[2026-06-24T23:30:18.793+0700][30.051s][gc          ] GC(119) Pause Young (Normal) (G1 Evacuation Pause) 628M->14M(1028M) 3.602ms
[2026-06-24T23:30:18.793+0700][30.051s][gc,cpu      ] GC(119) User=0.03s Sys=0.03s Real=0.00s
[2026-06-24T23:30:18.890+0700][30.149s][gc,start    ] GC(120) Pause Young (Normal) (G1 Evacuation Pause)
[2026-06-24T23:30:18.891+0700][30.149s][gc,task     ] GC(120) Using 13 workers of 13 for evacuation
[2026-06-24T23:30:18.894+0700][30.152s][gc,phases   ] GC(120)   Pre Evacuate Collection Set: 0.49ms
[2026-06-24T23:30:18.894+0700][30.152s][gc,phases   ] GC(120)   Merge Heap Roots: 0.26ms
[2026-06-24T23:30:18.894+0700][30.153s][gc,phases   ] GC(120)   Evacuate Collection Set: 0.65ms
[2026-06-24T23:30:18.894+0700][30.153s][gc,phases   ] GC(120)   Post Evacuate Collection Set: 1.19ms
[2026-06-24T23:30:18.894+0700][30.153s][gc,phases   ] GC(120)   Other: 0.36ms
[2026-06-24T23:30:18.894+0700][30.153s][gc,heap     ] GC(120) Eden regions: 307->0(307)
[2026-06-24T23:30:18.894+0700][30.153s][gc,heap     ] GC(120) Survivor regions: 1->1(39)
[2026-06-24T23:30:18.894+0700][30.153s][gc,heap     ] GC(120) Old regions: 8->8
[2026-06-24T23:30:18.894+0700][30.153s][gc,heap     ] GC(120) Humongous regions: 0->0
[2026-06-24T23:30:18.894+0700][30.153s][gc,metaspace] GC(120) Metaspace: 27690K(28352K)->27690K(28352K) NonClass: 23826K(24192K)->23826K(24192K) Class: 3864K(4160K)->3864K(4160K)
[2026-06-24T23:30:18.894+0700][30.153s][gc          ] GC(120) Pause Young (Normal) (G1 Evacuation Pause) 628M->14M(1028M) 3.910ms
[2026-06-24T23:30:18.894+0700][30.153s][gc,cpu      ] GC(120) User=0.00s Sys=0.00s Real=0.00s
[2026-06-24T23:30:19.017+0700][30.276s][gc,start    ] GC(121) Pause Young (Normal) (G1 Evacuation Pause)
[2026-06-24T23:30:19.017+0700][30.276s][gc,task     ] GC(121) Using 13 workers of 13 for evacuation
[2026-06-24T23:30:19.019+0700][30.279s][gc,phases   ] GC(121)   Pre Evacuate Collection Set: 0.48ms
[2026-06-24T23:30:19.019+0700][30.279s][gc,phases   ] GC(121)   Merge Heap Roots: 0.41ms
[2026-06-24T23:30:19.019+0700][30.279s][gc,phases   ] GC(121)   Evacuate Collection Set: 0.67ms
[2026-06-24T23:30:19.019+0700][30.279s][gc,phases   ] GC(121)   Post Evacuate Collection Set: 0.78ms
[2026-06-24T23:30:19.019+0700][30.279s][gc,phases   ] GC(121)   Other: 0.14ms
[2026-06-24T23:30:19.019+0700][30.279s][gc,heap     ] GC(121) Eden regions: 307->0(307)
[2026-06-24T23:30:19.019+0700][30.279s][gc,heap     ] GC(121) Survivor regions: 1->1(39)
[2026-06-24T23:30:19.019+0700][30.279s][gc,heap     ] GC(121) Old regions: 8->8
[2026-06-24T23:30:19.019+0700][30.279s][gc,heap     ] GC(121) Humongous regions: 0->0
[2026-06-24T23:30:19.019+0700][30.279s][gc,metaspace] GC(121) Metaspace: 27690K(28352K)->27690K(28352K) NonClass: 23826K(24192K)->23826K(24192K) Class: 3864K(4160K)->3864K(4160K)
[2026-06-24T23:30:19.019+0700][30.279s][gc          ] GC(121) Pause Young (Normal) (G1 Evacuation Pause) 628M->14M(1028M) 3.102ms
[2026-06-24T23:30:19.020+0700][30.279s][gc,cpu      ] GC(121) User=0.00s Sys=0.00s Real=0.00s
[2026-06-24T23:30:19.136+0700][30.395s][gc,start    ] GC(122) Pause Young (Normal) (G1 Evacuation Pause)
[2026-06-24T23:30:19.136+0700][30.395s][gc,task     ] GC(122) Using 13 workers of 13 for evacuation
[2026-06-24T23:30:19.138+0700][30.397s][gc,phases   ] GC(122)   Pre Evacuate Collection Set: 0.37ms
[2026-06-24T23:30:19.138+0700][30.397s][gc,phases   ] GC(122)   Merge Heap Roots: 0.21ms
[2026-06-24T23:30:19.138+0700][30.397s][gc,phases   ] GC(122)   Evacuate Collection Set: 0.48ms
[2026-06-24T23:30:19.138+0700][30.397s][gc,phases   ] GC(122)   Post Evacuate Collection Set: 0.89ms
[2026-06-24T23:30:19.138+0700][30.397s][gc,phases   ] GC(122)   Other: 0.14ms
[2026-06-24T23:30:19.138+0700][30.397s][gc,heap     ] GC(122) Eden regions: 307->0(307)
[2026-06-24T23:30:19.138+0700][30.397s][gc,heap     ] GC(122) Survivor regions: 1->1(39)
[2026-06-24T23:30:19.138+0700][30.397s][gc,heap     ] GC(122) Old regions: 8->8
[2026-06-24T23:30:19.138+0700][30.397s][gc,heap     ] GC(122) Humongous regions: 0->0
[2026-06-24T23:30:19.138+0700][30.397s][gc,metaspace] GC(122) Metaspace: 27690K(28352K)->27690K(28352K) NonClass: 23826K(24192K)->23826K(24192K) Class: 3864K(4160K)->3864K(4160K)
[2026-06-24T23:30:19.138+0700][30.397s][gc          ] GC(122) Pause Young (Normal) (G1 Evacuation Pause) 628M->14M(1028M) 2.669ms
[2026-06-24T23:30:19.138+0700][30.397s][gc,cpu      ] GC(122) User=0.00s Sys=0.00s Real=0.00s
[2026-06-24T23:30:19.241+0700][30.500s][gc,start    ] GC(123) Pause Young (Normal) (G1 Evacuation Pause)
[2026-06-24T23:30:19.241+0700][30.500s][gc,task     ] GC(123) Using 13 workers of 13 for evacuation
[2026-06-24T23:30:19.243+0700][30.502s][gc,phases   ] GC(123)   Pre Evacuate Collection Set: 0.42ms
[2026-06-24T23:30:19.243+0700][30.502s][gc,phases   ] GC(123)   Merge Heap Roots: 0.15ms
[2026-06-24T23:30:19.243+0700][30.502s][gc,phases   ] GC(123)   Evacuate Collection Set: 0.52ms
[2026-06-24T23:30:19.243+0700][30.502s][gc,phases   ] GC(123)   Post Evacuate Collection Set: 0.73ms
[2026-06-24T23:30:19.243+0700][30.502s][gc,phases   ] GC(123)   Other: 0.13ms
[2026-06-24T23:30:19.243+0700][30.502s][gc,heap     ] GC(123) Eden regions: 307->0(307)
[2026-06-24T23:30:19.243+0700][30.502s][gc,heap     ] GC(123) Survivor regions: 1->1(39)
[2026-06-24T23:30:19.243+0700][30.502s][gc,heap     ] GC(123) Old regions: 8->8
[2026-06-24T23:30:19.243+0700][30.502s][gc,heap     ] GC(123) Humongous regions: 0->0
[2026-06-24T23:30:19.243+0700][30.502s][gc,metaspace] GC(123) Metaspace: 27690K(28352K)->27690K(28352K) NonClass: 23826K(24192K)->23826K(24192K) Class: 3864K(4160K)->3864K(4160K)
[2026-06-24T23:30:19.243+0700][30.502s][gc          ] GC(123) Pause Young (Normal) (G1 Evacuation Pause) 628M->14M(1028M) 2.444ms
[2026-06-24T23:30:19.243+0700][30.502s][gc,cpu      ] GC(123) User=0.00s Sys=0.00s Real=0.00s
[2026-06-24T23:30:19.343+0700][30.603s][gc,start    ] GC(124) Pause Young (Normal) (G1 Evacuation Pause)
[2026-06-24T23:30:19.343+0700][30.603s][gc,task     ] GC(124) Using 13 workers of 13 for evacuation
[2026-06-24T23:30:19.345+0700][30.605s][gc,phases   ] GC(124)   Pre Evacuate Collection Set: 0.34ms
[2026-06-24T23:30:19.345+0700][30.605s][gc,phases   ] GC(124)   Merge Heap Roots: 0.20ms
[2026-06-24T23:30:19.345+0700][30.605s][gc,phases   ] GC(124)   Evacuate Collection Set: 0.52ms
[2026-06-24T23:30:19.345+0700][30.605s][gc,phases   ] GC(124)   Post Evacuate Collection Set: 0.69ms
[2026-06-24T23:30:19.345+0700][30.605s][gc,phases   ] GC(124)   Other: 0.13ms
[2026-06-24T23:30:19.345+0700][30.605s][gc,heap     ] GC(124) Eden regions: 307->0(307)
[2026-06-24T23:30:19.345+0700][30.605s][gc,heap     ] GC(124) Survivor regions: 1->1(39)
[2026-06-24T23:30:19.346+0700][30.605s][gc,heap     ] GC(124) Old regions: 8->8
[2026-06-24T23:30:19.346+0700][30.605s][gc,heap     ] GC(124) Humongous regions: 0->0
[2026-06-24T23:30:19.346+0700][30.605s][gc,metaspace] GC(124) Metaspace: 27690K(28352K)->27690K(28352K) NonClass: 23826K(24192K)->23826K(24192K) Class: 3864K(4160K)->3864K(4160K)
[2026-06-24T23:30:19.346+0700][30.605s][gc          ] GC(124) Pause Young (Normal) (G1 Evacuation Pause) 628M->14M(1028M) 2.301ms
[2026-06-24T23:30:19.346+0700][30.605s][gc,cpu      ] GC(124) User=0.00s Sys=0.00s Real=0.00s
[2026-06-24T23:30:19.450+0700][30.709s][gc,start    ] GC(125) Pause Young (Normal) (G1 Evacuation Pause)
[2026-06-24T23:30:19.450+0700][30.709s][gc,task     ] GC(125) Using 13 workers of 13 for evacuation
[2026-06-24T23:30:19.452+0700][30.711s][gc,phases   ] GC(125)   Pre Evacuate Collection Set: 0.40ms
[2026-06-24T23:30:19.452+0700][30.711s][gc,phases   ] GC(125)   Merge Heap Roots: 0.22ms
[2026-06-24T23:30:19.452+0700][30.711s][gc,phases   ] GC(125)   Evacuate Collection Set: 0.51ms
[2026-06-24T23:30:19.452+0700][30.711s][gc,phases   ] GC(125)   Post Evacuate Collection Set: 0.83ms
[2026-06-24T23:30:19.452+0700][30.711s][gc,phases   ] GC(125)   Other: 0.15ms
[2026-06-24T23:30:19.452+0700][30.711s][gc,heap     ] GC(125) Eden regions: 307->0(307)
[2026-06-24T23:30:19.452+0700][30.711s][gc,heap     ] GC(125) Survivor regions: 1->1(39)
[2026-06-24T23:30:19.452+0700][30.711s][gc,heap     ] GC(125) Old regions: 8->8
[2026-06-24T23:30:19.452+0700][30.711s][gc,heap     ] GC(125) Humongous regions: 0->0
[2026-06-24T23:30:19.452+0700][30.711s][gc,metaspace] GC(125) Metaspace: 27690K(28352K)->27690K(28352K) NonClass: 23826K(24192K)->23826K(24192K) Class: 3864K(4160K)->3864K(4160K)
[2026-06-24T23:30:19.452+0700][30.711s][gc          ] GC(125) Pause Young (Normal) (G1 Evacuation Pause) 628M->14M(1028M) 2.644ms
[2026-06-24T23:30:19.452+0700][30.711s][gc,cpu      ] GC(125) User=0.00s Sys=0.00s Real=0.00s
[2026-06-24T23:30:19.559+0700][30.817s][gc,start    ] GC(126) Pause Young (Normal) (G1 Evacuation Pause)
[2026-06-24T23:30:19.559+0700][30.818s][gc,task     ] GC(126) Using 13 workers of 13 for evacuation
[2026-06-24T23:30:19.561+0700][30.820s][gc,phases   ] GC(126)   Pre Evacuate Collection Set: 0.38ms
[2026-06-24T23:30:19.561+0700][30.820s][gc,phases   ] GC(126)   Merge Heap Roots: 0.19ms
[2026-06-24T23:30:19.561+0700][30.820s][gc,phases   ] GC(126)   Evacuate Collection Set: 0.54ms
[2026-06-24T23:30:19.561+0700][30.820s][gc,phases   ] GC(126)   Post Evacuate Collection Set: 0.91ms
[2026-06-24T23:30:19.561+0700][30.820s][gc,phases   ] GC(126)   Other: 0.13ms
[2026-06-24T23:30:19.561+0700][30.820s][gc,heap     ] GC(126) Eden regions: 307->0(307)
[2026-06-24T23:30:19.561+0700][30.820s][gc,heap     ] GC(126) Survivor regions: 1->1(39)
[2026-06-24T23:30:19.561+0700][30.820s][gc,heap     ] GC(126) Old regions: 8->8
[2026-06-24T23:30:19.561+0700][30.820s][gc,heap     ] GC(126) Humongous regions: 0->0
[2026-06-24T23:30:19.561+0700][30.820s][gc,metaspace] GC(126) Metaspace: 27690K(28352K)->27690K(28352K) NonClass: 23826K(24192K)->23826K(24192K) Class: 3864K(4160K)->3864K(4160K)
[2026-06-24T23:30:19.561+0700][30.820s][gc          ] GC(126) Pause Young (Normal) (G1 Evacuation Pause) 628M->14M(1028M) 2.580ms
[2026-06-24T23:30:19.561+0700][30.820s][gc,cpu      ] GC(126) User=0.00s Sys=0.00s Real=0.00s
[2026-06-24T23:30:19.665+0700][30.924s][gc,start    ] GC(127) Pause Young (Normal) (G1 Evacuation Pause)
[2026-06-24T23:30:19.665+0700][30.925s][gc,task     ] GC(127) Using 13 workers of 13 for evacuation
[2026-06-24T23:30:19.667+0700][30.926s][gc,phases   ] GC(127)   Pre Evacuate Collection Set: 0.36ms
[2026-06-24T23:30:19.667+0700][30.926s][gc,phases   ] GC(127)   Merge Heap Roots: 0.14ms
[2026-06-24T23:30:19.667+0700][30.926s][gc,phases   ] GC(127)   Evacuate Collection Set: 0.40ms
[2026-06-24T23:30:19.667+0700][30.926s][gc,phases   ] GC(127)   Post Evacuate Collection Set: 0.78ms
[2026-06-24T23:30:19.667+0700][30.927s][gc,phases   ] GC(127)   Other: 0.14ms
[2026-06-24T23:30:19.667+0700][30.927s][gc,heap     ] GC(127) Eden regions: 307->0(307)
[2026-06-24T23:30:19.667+0700][30.927s][gc,heap     ] GC(127) Survivor regions: 1->1(39)
[2026-06-24T23:30:19.667+0700][30.927s][gc,heap     ] GC(127) Old regions: 8->8
[2026-06-24T23:30:19.667+0700][30.927s][gc,heap     ] GC(127) Humongous regions: 0->0
[2026-06-24T23:30:19.667+0700][30.927s][gc,metaspace] GC(127) Metaspace: 27690K(28352K)->27690K(28352K) NonClass: 23826K(24192K)->23826K(24192K) Class: 3864K(4160K)->3864K(4160K)
[2026-06-24T23:30:19.667+0700][30.927s][gc          ] GC(127) Pause Young (Normal) (G1 Evacuation Pause) 628M->14M(1028M) 2.581ms
[2026-06-24T23:30:19.667+0700][30.927s][gc,cpu      ] GC(127) User=0.00s Sys=0.02s Real=0.00s
[2026-06-24T23:30:19.771+0700][31.029s][gc,start    ] GC(128) Pause Young (Normal) (G1 Evacuation Pause)
[2026-06-24T23:30:19.771+0700][31.030s][gc,task     ] GC(128) Using 13 workers of 13 for evacuation
[2026-06-24T23:30:19.773+0700][31.032s][gc,phases   ] GC(128)   Pre Evacuate Collection Set: 0.39ms
[2026-06-24T23:30:19.773+0700][31.032s][gc,phases   ] GC(128)   Merge Heap Roots: 0.20ms
[2026-06-24T23:30:19.773+0700][31.032s][gc,phases   ] GC(128)   Evacuate Collection Set: 0.65ms
[2026-06-24T23:30:19.773+0700][31.032s][gc,phases   ] GC(128)   Post Evacuate Collection Set: 1.11ms
[2026-06-24T23:30:19.773+0700][31.033s][gc,phases   ] GC(128)   Other: 0.33ms
[2026-06-24T23:30:19.773+0700][31.033s][gc,heap     ] GC(128) Eden regions: 307->0(307)
[2026-06-24T23:30:19.773+0700][31.033s][gc,heap     ] GC(128) Survivor regions: 1->1(39)
[2026-06-24T23:30:19.774+0700][31.033s][gc,heap     ] GC(128) Old regions: 8->8
[2026-06-24T23:30:19.774+0700][31.033s][gc,heap     ] GC(128) Humongous regions: 0->0
[2026-06-24T23:30:19.774+0700][31.033s][gc,metaspace] GC(128) Metaspace: 27690K(28352K)->27690K(28352K) NonClass: 23826K(24192K)->23826K(24192K) Class: 3864K(4160K)->3864K(4160K)
[2026-06-24T23:30:19.774+0700][31.033s][gc          ] GC(128) Pause Young (Normal) (G1 Evacuation Pause) 628M->14M(1028M) 3.219ms
[2026-06-24T23:30:19.774+0700][31.033s][gc,cpu      ] GC(128) User=0.00s Sys=0.00s Real=0.00s
[2026-06-24T23:30:19.878+0700][31.137s][gc,start    ] GC(129) Pause Young (Normal) (G1 Evacuation Pause)
[2026-06-24T23:30:19.878+0700][31.137s][gc,task     ] GC(129) Using 13 workers of 13 for evacuation
[2026-06-24T23:30:19.880+0700][31.139s][gc,phases   ] GC(129)   Pre Evacuate Collection Set: 0.38ms
[2026-06-24T23:30:19.880+0700][31.139s][gc,phases   ] GC(129)   Merge Heap Roots: 0.21ms
[2026-06-24T23:30:19.880+0700][31.139s][gc,phases   ] GC(129)   Evacuate Collection Set: 0.54ms
[2026-06-24T23:30:19.880+0700][31.139s][gc,phases   ] GC(129)   Post Evacuate Collection Set: 0.91ms
[2026-06-24T23:30:19.880+0700][31.139s][gc,phases   ] GC(129)   Other: 0.13ms
[2026-06-24T23:30:19.880+0700][31.139s][gc,heap     ] GC(129) Eden regions: 307->0(307)
[2026-06-24T23:30:19.880+0700][31.139s][gc,heap     ] GC(129) Survivor regions: 1->1(39)
[2026-06-24T23:30:19.880+0700][31.139s][gc,heap     ] GC(129) Old regions: 8->8
[2026-06-24T23:30:19.880+0700][31.139s][gc,heap     ] GC(129) Humongous regions: 0->0
[2026-06-24T23:30:19.880+0700][31.139s][gc,metaspace] GC(129) Metaspace: 27690K(28352K)->27690K(28352K) NonClass: 23826K(24192K)->23826K(24192K) Class: 3864K(4160K)->3864K(4160K)
[2026-06-24T23:30:19.880+0700][31.139s][gc          ] GC(129) Pause Young (Normal) (G1 Evacuation Pause) 628M->14M(1028M) 2.618ms
[2026-06-24T23:30:19.880+0700][31.139s][gc,cpu      ] GC(129) User=0.00s Sys=0.00s Real=0.00s
[2026-06-24T23:30:19.987+0700][31.246s][gc,start    ] GC(130) Pause Young (Normal) (G1 Evacuation Pause)
[2026-06-24T23:30:19.987+0700][31.246s][gc,task     ] GC(130) Using 13 workers of 13 for evacuation
[2026-06-24T23:30:19.990+0700][31.249s][gc,phases   ] GC(130)   Pre Evacuate Collection Set: 0.38ms
[2026-06-24T23:30:19.990+0700][31.249s][gc,phases   ] GC(130)   Merge Heap Roots: 0.17ms
[2026-06-24T23:30:19.990+0700][31.249s][gc,phases   ] GC(130)   Evacuate Collection Set: 0.70ms
[2026-06-24T23:30:19.991+0700][31.249s][gc,phases   ] GC(130)   Post Evacuate Collection Set: 1.14ms
[2026-06-24T23:30:19.991+0700][31.249s][gc,phases   ] GC(130)   Other: 0.37ms
[2026-06-24T23:30:19.991+0700][31.249s][gc,heap     ] GC(130) Eden regions: 307->0(307)
[2026-06-24T23:30:19.991+0700][31.249s][gc,heap     ] GC(130) Survivor regions: 1->1(39)
[2026-06-24T23:30:19.991+0700][31.249s][gc,heap     ] GC(130) Old regions: 8->8
[2026-06-24T23:30:19.991+0700][31.249s][gc,heap     ] GC(130) Humongous regions: 0->0
[2026-06-24T23:30:19.991+0700][31.249s][gc,metaspace] GC(130) Metaspace: 27690K(28352K)->27690K(28352K) NonClass: 23826K(24192K)->23826K(24192K) Class: 3864K(4160K)->3864K(4160K)
[2026-06-24T23:30:19.991+0700][31.249s][gc          ] GC(130) Pause Young (Normal) (G1 Evacuation Pause) 628M->14M(1028M) 3.362ms
[2026-06-24T23:30:19.991+0700][31.250s][gc,cpu      ] GC(130) User=0.00s Sys=0.00s Real=0.00s
[2026-06-24T23:30:20.094+0700][31.352s][gc,start    ] GC(131) Pause Young (Normal) (G1 Evacuation Pause)
[2026-06-24T23:30:20.094+0700][31.352s][gc,task     ] GC(131) Using 13 workers of 13 for evacuation
[2026-06-24T23:30:20.095+0700][31.354s][gc,phases   ] GC(131)   Pre Evacuate Collection Set: 0.26ms
[2026-06-24T23:30:20.095+0700][31.354s][gc,phases   ] GC(131)   Merge Heap Roots: 0.21ms
[2026-06-24T23:30:20.095+0700][31.354s][gc,phases   ] GC(131)   Evacuate Collection Set: 0.45ms
[2026-06-24T23:30:20.095+0700][31.354s][gc,phases   ] GC(131)   Post Evacuate Collection Set: 0.82ms
[2026-06-24T23:30:20.096+0700][31.354s][gc,phases   ] GC(131)   Other: 0.13ms
[2026-06-24T23:30:20.096+0700][31.354s][gc,heap     ] GC(131) Eden regions: 307->0(307)
[2026-06-24T23:30:20.096+0700][31.354s][gc,heap     ] GC(131) Survivor regions: 1->1(39)
[2026-06-24T23:30:20.096+0700][31.354s][gc,heap     ] GC(131) Old regions: 8->8
[2026-06-24T23:30:20.096+0700][31.355s][gc,heap     ] GC(131) Humongous regions: 0->0
[2026-06-24T23:30:20.096+0700][31.355s][gc,metaspace] GC(131) Metaspace: 27690K(28352K)->27690K(28352K) NonClass: 23826K(24192K)->23826K(24192K) Class: 3864K(4160K)->3864K(4160K)
[2026-06-24T23:30:20.096+0700][31.355s][gc          ] GC(131) Pause Young (Normal) (G1 Evacuation Pause) 628M->14M(1028M) 2.362ms
[2026-06-24T23:30:20.096+0700][31.355s][gc,cpu      ] GC(131) User=0.00s Sys=0.00s Real=0.00s
[2026-06-24T23:30:20.200+0700][31.459s][gc,start    ] GC(132) Pause Young (Normal) (G1 Evacuation Pause)
[2026-06-24T23:30:20.201+0700][31.459s][gc,task     ] GC(132) Using 13 workers of 13 for evacuation
[2026-06-24T23:30:20.202+0700][31.461s][gc,phases   ] GC(132)   Pre Evacuate Collection Set: 0.38ms
[2026-06-24T23:30:20.203+0700][31.461s][gc,phases   ] GC(132)   Merge Heap Roots: 0.25ms
[2026-06-24T23:30:20.203+0700][31.461s][gc,phases   ] GC(132)   Evacuate Collection Set: 0.50ms
[2026-06-24T23:30:20.203+0700][31.461s][gc,phases   ] GC(132)   Post Evacuate Collection Set: 0.68ms
[2026-06-24T23:30:20.203+0700][31.461s][gc,phases   ] GC(132)   Other: 0.13ms
[2026-06-24T23:30:20.203+0700][31.461s][gc,heap     ] GC(132) Eden regions: 307->0(307)
[2026-06-24T23:30:20.203+0700][31.461s][gc,heap     ] GC(132) Survivor regions: 1->1(39)
[2026-06-24T23:30:20.203+0700][31.461s][gc,heap     ] GC(132) Old regions: 8->8
[2026-06-24T23:30:20.203+0700][31.461s][gc,heap     ] GC(132) Humongous regions: 0->0
[2026-06-24T23:30:20.203+0700][31.461s][gc,metaspace] GC(132) Metaspace: 27690K(28352K)->27690K(28352K) NonClass: 23826K(24192K)->23826K(24192K) Class: 3864K(4160K)->3864K(4160K)
[2026-06-24T23:30:20.203+0700][31.461s][gc          ] GC(132) Pause Young (Normal) (G1 Evacuation Pause) 628M->14M(1028M) 2.369ms
[2026-06-24T23:30:20.203+0700][31.461s][gc,cpu      ] GC(132) User=0.00s Sys=0.00s Real=0.00s
[2026-06-24T23:30:20.314+0700][31.573s][gc,start    ] GC(133) Pause Young (Normal) (G1 Evacuation Pause)
[2026-06-24T23:30:20.314+0700][31.574s][gc,task     ] GC(133) Using 13 workers of 13 for evacuation
[2026-06-24T23:30:20.317+0700][31.576s][gc,phases   ] GC(133)   Pre Evacuate Collection Set: 0.37ms
[2026-06-24T23:30:20.317+0700][31.576s][gc,phases   ] GC(133)   Merge Heap Roots: 0.26ms
[2026-06-24T23:30:20.317+0700][31.576s][gc,phases   ] GC(133)   Evacuate Collection Set: 0.62ms
[2026-06-24T23:30:20.317+0700][31.576s][gc,phases   ] GC(133)   Post Evacuate Collection Set: 0.74ms
[2026-06-24T23:30:20.317+0700][31.576s][gc,phases   ] GC(133)   Other: 0.13ms
[2026-06-24T23:30:20.317+0700][31.576s][gc,heap     ] GC(133) Eden regions: 307->0(307)
[2026-06-24T23:30:20.317+0700][31.576s][gc,heap     ] GC(133) Survivor regions: 1->1(39)
[2026-06-24T23:30:20.317+0700][31.576s][gc,heap     ] GC(133) Old regions: 8->8
[2026-06-24T23:30:20.317+0700][31.576s][gc,heap     ] GC(133) Humongous regions: 0->0
[2026-06-24T23:30:20.317+0700][31.576s][gc,metaspace] GC(133) Metaspace: 27690K(28352K)->27690K(28352K) NonClass: 23826K(24192K)->23826K(24192K) Class: 3864K(4160K)->3864K(4160K)
[2026-06-24T23:30:20.317+0700][31.576s][gc          ] GC(133) Pause Young (Normal) (G1 Evacuation Pause) 628M->14M(1028M) 2.583ms
[2026-06-24T23:30:20.317+0700][31.576s][gc,cpu      ] GC(133) User=0.00s Sys=0.00s Real=0.00s
[2026-06-24T23:30:20.436+0700][31.695s][gc,start    ] GC(134) Pause Young (Normal) (G1 Evacuation Pause)
[2026-06-24T23:30:20.436+0700][31.695s][gc,task     ] GC(134) Using 13 workers of 13 for evacuation
[2026-06-24T23:30:20.438+0700][31.697s][gc,phases   ] GC(134)   Pre Evacuate Collection Set: 0.32ms
[2026-06-24T23:30:20.438+0700][31.697s][gc,phases   ] GC(134)   Merge Heap Roots: 0.15ms
[2026-06-24T23:30:20.438+0700][31.697s][gc,phases   ] GC(134)   Evacuate Collection Set: 0.51ms
[2026-06-24T23:30:20.438+0700][31.697s][gc,phases   ] GC(134)   Post Evacuate Collection Set: 0.85ms
[2026-06-24T23:30:20.438+0700][31.697s][gc,phases   ] GC(134)   Other: 0.19ms
[2026-06-24T23:30:20.438+0700][31.697s][gc,heap     ] GC(134) Eden regions: 307->0(307)
[2026-06-24T23:30:20.438+0700][31.697s][gc,heap     ] GC(134) Survivor regions: 1->1(39)
[2026-06-24T23:30:20.438+0700][31.697s][gc,heap     ] GC(134) Old regions: 8->8
[2026-06-24T23:30:20.438+0700][31.697s][gc,heap     ] GC(134) Humongous regions: 0->0
[2026-06-24T23:30:20.438+0700][31.697s][gc,metaspace] GC(134) Metaspace: 27690K(28352K)->27690K(28352K) NonClass: 23826K(24192K)->23826K(24192K) Class: 3864K(4160K)->3864K(4160K)
[2026-06-24T23:30:20.438+0700][31.697s][gc          ] GC(134) Pause Young (Normal) (G1 Evacuation Pause) 628M->14M(1028M) 2.615ms
[2026-06-24T23:30:20.438+0700][31.697s][gc,cpu      ] GC(134) User=0.00s Sys=0.00s Real=0.00s
[2026-06-24T23:30:20.555+0700][31.814s][gc,start    ] GC(135) Pause Young (Normal) (G1 Evacuation Pause)
[2026-06-24T23:30:20.555+0700][31.814s][gc,task     ] GC(135) Using 13 workers of 13 for evacuation
[2026-06-24T23:30:20.558+0700][31.817s][gc,phases   ] GC(135)   Pre Evacuate Collection Set: 0.42ms
[2026-06-24T23:30:20.558+0700][31.817s][gc,phases   ] GC(135)   Merge Heap Roots: 0.20ms
[2026-06-24T23:30:20.558+0700][31.817s][gc,phases   ] GC(135)   Evacuate Collection Set: 0.89ms
[2026-06-24T23:30:20.558+0700][31.817s][gc,phases   ] GC(135)   Post Evacuate Collection Set: 1.16ms
[2026-06-24T23:30:20.558+0700][31.817s][gc,phases   ] GC(135)   Other: 0.33ms
[2026-06-24T23:30:20.558+0700][31.817s][gc,heap     ] GC(135) Eden regions: 307->0(307)
[2026-06-24T23:30:20.558+0700][31.817s][gc,heap     ] GC(135) Survivor regions: 1->1(39)
[2026-06-24T23:30:20.558+0700][31.817s][gc,heap     ] GC(135) Old regions: 8->8
[2026-06-24T23:30:20.558+0700][31.817s][gc,heap     ] GC(135) Humongous regions: 0->0
[2026-06-24T23:30:20.558+0700][31.817s][gc,metaspace] GC(135) Metaspace: 27690K(28352K)->27690K(28352K) NonClass: 23826K(24192K)->23826K(24192K) Class: 3864K(4160K)->3864K(4160K)
[2026-06-24T23:30:20.558+0700][31.817s][gc          ] GC(135) Pause Young (Normal) (G1 Evacuation Pause) 628M->14M(1028M) 3.495ms
[2026-06-24T23:30:20.558+0700][31.818s][gc,cpu      ] GC(135) User=0.02s Sys=0.00s Real=0.00s
[2026-06-24T23:30:20.675+0700][31.933s][gc,start    ] GC(136) Pause Young (Normal) (G1 Evacuation Pause)
[2026-06-24T23:30:20.675+0700][31.934s][gc,task     ] GC(136) Using 13 workers of 13 for evacuation
[2026-06-24T23:30:20.677+0700][31.935s][gc,phases   ] GC(136)   Pre Evacuate Collection Set: 0.30ms
[2026-06-24T23:30:20.677+0700][31.936s][gc,phases   ] GC(136)   Merge Heap Roots: 0.21ms
[2026-06-24T23:30:20.677+0700][31.936s][gc,phases   ] GC(136)   Evacuate Collection Set: 0.50ms
[2026-06-24T23:30:20.677+0700][31.936s][gc,phases   ] GC(136)   Post Evacuate Collection Set: 0.63ms
[2026-06-24T23:30:20.677+0700][31.936s][gc,phases   ] GC(136)   Other: 0.16ms
[2026-06-24T23:30:20.677+0700][31.936s][gc,heap     ] GC(136) Eden regions: 307->0(307)
[2026-06-24T23:30:20.677+0700][31.936s][gc,heap     ] GC(136) Survivor regions: 1->1(39)
[2026-06-24T23:30:20.677+0700][31.936s][gc,heap     ] GC(136) Old regions: 8->8
[2026-06-24T23:30:20.677+0700][31.936s][gc,heap     ] GC(136) Humongous regions: 0->0
[2026-06-24T23:30:20.677+0700][31.936s][gc,metaspace] GC(136) Metaspace: 27690K(28352K)->27690K(28352K) NonClass: 23826K(24192K)->23826K(24192K) Class: 3864K(4160K)->3864K(4160K)
[2026-06-24T23:30:20.677+0700][31.936s][gc          ] GC(136) Pause Young (Normal) (G1 Evacuation Pause) 628M->14M(1028M) 2.311ms
[2026-06-24T23:30:20.677+0700][31.936s][gc,cpu      ] GC(136) User=0.00s Sys=0.00s Real=0.00s
[2026-06-24T23:30:20.796+0700][32.055s][gc,start    ] GC(137) Pause Young (Normal) (G1 Evacuation Pause)
[2026-06-24T23:30:20.796+0700][32.055s][gc,task     ] GC(137) Using 13 workers of 13 for evacuation
[2026-06-24T23:30:20.798+0700][32.057s][gc,phases   ] GC(137)   Pre Evacuate Collection Set: 0.50ms
[2026-06-24T23:30:20.798+0700][32.057s][gc,phases   ] GC(137)   Merge Heap Roots: 0.17ms
[2026-06-24T23:30:20.798+0700][32.057s][gc,phases   ] GC(137)   Evacuate Collection Set: 0.54ms
[2026-06-24T23:30:20.798+0700][32.057s][gc,phases   ] GC(137)   Post Evacuate Collection Set: 0.66ms
[2026-06-24T23:30:20.798+0700][32.057s][gc,phases   ] GC(137)   Other: 0.13ms
[2026-06-24T23:30:20.798+0700][32.057s][gc,heap     ] GC(137) Eden regions: 307->0(307)
[2026-06-24T23:30:20.798+0700][32.057s][gc,heap     ] GC(137) Survivor regions: 1->1(39)
[2026-06-24T23:30:20.798+0700][32.057s][gc,heap     ] GC(137) Old regions: 8->8
[2026-06-24T23:30:20.798+0700][32.057s][gc,heap     ] GC(137) Humongous regions: 0->0
[2026-06-24T23:30:20.798+0700][32.057s][gc,metaspace] GC(137) Metaspace: 27690K(28352K)->27690K(28352K) NonClass: 23826K(24192K)->23826K(24192K) Class: 3864K(4160K)->3864K(4160K)
[2026-06-24T23:30:20.798+0700][32.057s][gc          ] GC(137) Pause Young (Normal) (G1 Evacuation Pause) 628M->14M(1028M) 2.406ms
[2026-06-24T23:30:20.798+0700][32.057s][gc,cpu      ] GC(137) User=0.00s Sys=0.00s Real=0.00s
[2026-06-24T23:30:20.920+0700][32.179s][gc,start    ] GC(138) Pause Young (Normal) (G1 Evacuation Pause)
[2026-06-24T23:30:20.920+0700][32.180s][gc,task     ] GC(138) Using 13 workers of 13 for evacuation
[2026-06-24T23:30:20.924+0700][32.182s][gc,phases   ] GC(138)   Pre Evacuate Collection Set: 0.46ms
[2026-06-24T23:30:20.924+0700][32.183s][gc,phases   ] GC(138)   Merge Heap Roots: 0.33ms
[2026-06-24T23:30:20.924+0700][32.183s][gc,phases   ] GC(138)   Evacuate Collection Set: 0.78ms
[2026-06-24T23:30:20.924+0700][32.183s][gc,phases   ] GC(138)   Post Evacuate Collection Set: 1.25ms
[2026-06-24T23:30:20.924+0700][32.183s][gc,phases   ] GC(138)   Other: 0.15ms
[2026-06-24T23:30:20.924+0700][32.183s][gc,heap     ] GC(138) Eden regions: 307->0(307)
[2026-06-24T23:30:20.924+0700][32.183s][gc,heap     ] GC(138) Survivor regions: 1->1(39)
[2026-06-24T23:30:20.924+0700][32.183s][gc,heap     ] GC(138) Old regions: 8->8
[2026-06-24T23:30:20.924+0700][32.183s][gc,heap     ] GC(138) Humongous regions: 0->0
[2026-06-24T23:30:20.924+0700][32.183s][gc,metaspace] GC(138) Metaspace: 27690K(28352K)->27690K(28352K) NonClass: 23826K(24192K)->23826K(24192K) Class: 3864K(4160K)->3864K(4160K)
[2026-06-24T23:30:20.924+0700][32.183s][gc          ] GC(138) Pause Young (Normal) (G1 Evacuation Pause) 628M->14M(1028M) 3.663ms
[2026-06-24T23:30:20.924+0700][32.183s][gc,cpu      ] GC(138) User=0.00s Sys=0.00s Real=0.00s
[2026-06-24T23:30:20.984+0700][32.243s][gc,start    ] GC(139) Pause Young (Concurrent Start) (Metadata GC Threshold)
[2026-06-24T23:30:20.984+0700][32.243s][gc,task     ] GC(139) Using 13 workers of 13 for evacuation
[2026-06-24T23:30:20.986+0700][32.246s][gc,phases   ] GC(139)   Pre Evacuate Collection Set: 0.41ms
[2026-06-24T23:30:20.986+0700][32.246s][gc,phases   ] GC(139)   Merge Heap Roots: 0.15ms
[2026-06-24T23:30:20.986+0700][32.246s][gc,phases   ] GC(139)   Evacuate Collection Set: 1.25ms
[2026-06-24T23:30:20.986+0700][32.246s][gc,phases   ] GC(139)   Post Evacuate Collection Set: 0.65ms
[2026-06-24T23:30:20.986+0700][32.246s][gc,phases   ] GC(139)   Other: 0.17ms
[2026-06-24T23:30:20.986+0700][32.246s][gc,heap     ] GC(139) Eden regions: 85->0(307)
[2026-06-24T23:30:20.987+0700][32.246s][gc,heap     ] GC(139) Survivor regions: 1->1(39)
[2026-06-24T23:30:20.987+0700][32.246s][gc,heap     ] GC(139) Old regions: 8->8
[2026-06-24T23:30:20.987+0700][32.246s][gc,heap     ] GC(139) Humongous regions: 0->0
[2026-06-24T23:30:20.987+0700][32.246s][gc,metaspace] GC(139) Metaspace: 27869K(28416K)->27869K(28416K) NonClass: 23977K(24256K)->23977K(24256K) Class: 3891K(4160K)->3891K(4160K)
[2026-06-24T23:30:20.987+0700][32.246s][gc          ] GC(139) Pause Young (Concurrent Start) (Metadata GC Threshold) 184M->14M(1028M) 3.038ms
[2026-06-24T23:30:20.987+0700][32.246s][gc,cpu      ] GC(139) User=0.00s Sys=0.00s Real=0.00s
[2026-06-24T23:30:20.987+0700][32.246s][gc          ] GC(140) Concurrent Mark Cycle
[2026-06-24T23:30:20.987+0700][32.246s][gc,marking  ] GC(140) Concurrent Scan Root Regions
[2026-06-24T23:30:20.988+0700][32.247s][gc,marking  ] GC(140) Concurrent Scan Root Regions 0.805ms
[2026-06-24T23:30:20.988+0700][32.247s][gc,marking  ] GC(140) Concurrent Mark
[2026-06-24T23:30:20.988+0700][32.247s][gc,marking  ] GC(140) Concurrent Mark From Roots
[2026-06-24T23:30:20.988+0700][32.247s][gc,task     ] GC(140) Using 3 workers of 3 for marking
[2026-06-24T23:30:21.009+0700][32.267s][gc,marking  ] GC(140) Concurrent Mark From Roots 20.217ms
[2026-06-24T23:30:21.009+0700][32.267s][gc,marking  ] GC(140) Concurrent Preclean
[2026-06-24T23:30:21.009+0700][32.267s][gc,marking  ] GC(140) Concurrent Preclean 0.189ms
[2026-06-24T23:30:21.009+0700][32.268s][gc,start    ] GC(140) Pause Remark
[2026-06-24T23:30:21.012+0700][32.272s][gc,heap     ] GC(140) Heap shrink completed: uncommitted 484 regions (968MB), heap size now 60MB
[2026-06-24T23:30:21.012+0700][32.272s][gc          ] GC(140) Pause Remark 15M->15M(60M) 3.848ms
[2026-06-24T23:30:21.012+0700][32.272s][gc,cpu      ] GC(140) User=0.05s Sys=0.00s Real=0.00s
[2026-06-24T23:30:21.013+0700][32.272s][gc,marking  ] GC(140) Concurrent Mark 24.936ms
[2026-06-24T23:30:21.013+0700][32.272s][gc,marking  ] GC(140) Concurrent Rebuild Remembered Sets and Scrub Regions
[2026-06-24T23:30:21.020+0700][32.279s][gc,marking  ] GC(140) Concurrent Rebuild Remembered Sets and Scrub Regions 7.428ms
[2026-06-24T23:30:21.020+0700][32.279s][gc,start    ] GC(140) Pause Cleanup
[2026-06-24T23:30:21.020+0700][32.280s][gc          ] GC(140) Pause Cleanup 15M->15M(60M) 0.319ms
[2026-06-24T23:30:21.021+0700][32.280s][gc,cpu      ] GC(140) User=0.00s Sys=0.00s Real=0.00s
[2026-06-24T23:30:21.021+0700][32.280s][gc,marking  ] GC(140) Concurrent Clear Claimed Marks
[2026-06-24T23:30:21.021+0700][32.280s][gc,marking  ] GC(140) Concurrent Clear Claimed Marks 0.103ms
[2026-06-24T23:30:21.021+0700][32.280s][gc,marking  ] GC(140) Concurrent Cleanup for Next Mark
[2026-06-24T23:30:21.021+0700][32.280s][gc,marking  ] GC(140) Concurrent Cleanup for Next Mark 0.330ms
[2026-06-24T23:30:21.021+0700][32.281s][gc          ] GC(140) Concurrent Mark Cycle 34.586ms
[2026-06-24T23:38:41.548+0700][532.806s][gc,heap,exit] Heap
[2026-06-24T23:38:41.548+0700][532.806s][gc,heap,exit]  garbage-first heap   total 61440K, used 29811K [0x0000000722400000, 0x0000000800000000)
[2026-06-24T23:38:41.548+0700][532.806s][gc,heap,exit]   region size 2048K, 9 young (18432K), 1 survivors (2048K)
[2026-06-24T23:38:41.548+0700][532.806s][gc,heap,exit]  Metaspace       used 28086K, committed 28736K, reserved 1114112K
[2026-06-24T23:38:41.548+0700][532.807s][gc,heap,exit]   class space    used 3927K, committed 4224K, reserved 1048576K
